8 secs]2021-09-19T23:04:35.103+0800: 103083.911: [scrub string table, 0.0009705 secs][1 CMS-remark: 975054K(1048576K)] 1881943K(2936064K), 0.1973158 secs] [Times: user=2.29 sys=0.02, real=0.19 secs]
2021-09-19T23:04:35.105+0800: 103083.912: [CMS-concurrent-sweep-start]
2021-09-19T23:04:35.299+0800: 103084.106: [CMS-concurrent-sweep: 0.194/0.194 secs] [Times: user=1.17 sys=0.10, real=0.20 secs]
2021-09-19T23:04:35.299+0800: 103084.106: [CMS-concurrent-reset-start]
2021-09-19T23:04:35.301+0800: 103084.109: [CMS-concurrent-reset: 0.002/0.002 secs] [Times: user=0.01 sys=0.00, real=0.00 secs]
2021-09-19T23:04:35.690+0800: 103084.498: [GC (Allocation Failure) 2021-09-19T23:04:35.690+0800: 103084.498: [ParNew: 1684004K->3785K(1887488K), 0.0100747 secs] 2659005K->978981K(2936064K), 0.0107960 secs] [Times: user=0.11 sys=0.00, real=0.01 secs]
2021-09-19T23:04:35.704+0800: 103084.512: [GC (CMS Initial Mark) [1 CMS-initial-mark: 975196K(1048576K)] 991476K(2936064K), 0.0056318 secs] [Times: user=0.03 sys=0.00, real=0.01 secs]
2021-09-19T23:04:35.710+0800: 103084.518: [CMS-concurrent-mark-start]
2021-09-19T23:04:36.156+0800: 103084.963: [CMS-concurrent-mark: 0.445/0.445 secs] [Times: user=4.13 sys=0.41, real=0.44 secs]
2021-09-19T23:04:36.156+0800: 103084.963: [CMS-concurrent-preclean-start]
2021-09-19T23:04:36.162+0800: 103084.970: [CMS-concurrent-preclean: 0.006/0.007 secs] [Times: user=0.03 sys=0.00, real=0.01 secs]
2021-09-19T23:04:36.162+0800: 103084.970: [CMS-concurrent-abortable-preclean-start]
2021-09-19T23:04:36.973+0800: 103085.780: [GC (Allocation Failure) 2021-09-19T23:04:36.973+0800: 103085.781: [ParNew: 1681609K->2462K(1887488K), 0.0059588 secs] 2656805K->977687K(2936064K), 0.0062858 secs] [Times: user=0.05 sys=0.01, real=0.01 secs]
2021-09-19T23:04:37.619+0800: 103086.427: [CMS-concurrent-abortable-preclean: 0.249/1.457 secs] [Times: user=7.76 sys=0.10, real=1.46 secs]
2021-09-19T23:04:37.625+0800: 103086.432: [GC (CMS Final Remark) [YG occupancy: 865645 K (1887488 K)]2021-09-19T23:04:37.625+0800: 103086.432: [Rescan (parallel) , 0.1348309 secs]2021-09-19T23:04:37.760+0800: 103086.567: [weak refs processing, 0.0000502 secs]2021-09-19T23:04:37.760+0800: 103086.567: [class unloading, 0.0359490 secs]2021-09-19T23:04:37.796+0800: 103086.603: [scrub symbol table, 0.0116074 secs]2021-09-19T23:04:37.807+0800: 103086.615: [scrub string table, 0.0010310 secs][1 CMS-remark: 975225K(1048576K)] 1840871K(2936064K), 0.1836985 secs] [Times: user=2.21 sys=0.02, real=0.19 secs]
2021-09-19T23:04:37.809+0800: 103086.617: [CMS-concurrent-sweep-start]
2021-09-19T23:04:38.038+0800: 103086.845: [CMS-concurrent-sweep: 0.228/0.228 secs] [Times: user=1.33 sys=0.10, real=0.23 secs]
2021-09-19T23:04:38.038+0800: 103086.845: [CMS-concurrent-reset-start]
2021-09-19T23:04:38.040+0800: 103086.848: [CMS-concurrent-reset: 0.002/0.002 secs] [Times: user=0.02 sys=0.00, real=0.00 secs]
2021-09-19T23:04:38.432+0800: 103087.240: [GC (Allocation Failure) 2021-09-19T23:04:38.432+0800: 103087.240: [ParNew: 1680286K->2607K(1887488K), 0.0104331 secs] 2655468K->977801K(2936064K), 0.0108193 secs] [Times: user=0.09 sys=0.01, real=0.01 secs]
2021-09-19T23:04:38.446+0800: 103087.253: [GC (CMS Initial Mark) [1 CMS-initial-mark: 975193K(1048576K)] 977810K(2936064K), 0.0044776 secs] [Times: user=0.02 sys=0.00, real=0.01 secs]
2021-09-19T23:04:38.450+0800: 103087.258: [CMS-concurrent-mark-start]
2021-09-19T23:04:38.877+0800: 103087.684: [CMS-concurrent-mark: 0.427/0.427 secs] [Times: user=4.05 sys=0.26, real=0.43 secs]
2021-09-19T23:04:38.877+0800: 103087.685: [CMS-concurrent-preclean-start]
2021-09-19T23:04:38.884+0800: 103087.692: [CMS-concurrent-preclean: 0.007/0.007 secs] [Times: user=0.05 sys=0.01, real=0.00 secs]
2021-09-19T23:04:38.884+0800: 103087.692: [CMS-concurrent-abortable-preclean-start]
2021-09-19T23:04:39.745+0800: 103088.552: [GC (Allocation Failure) 2021-09-19T23:04:39.745+0800: 103088.552: [ParNew2021-09-19T23:04:39.750+0800: 103088.557: [CMS-concurrent-abortable-preclean: 0.164/0.865 secs] [Times: user=4.58 sys=0.10, real=0.87 secs]
: 1680431K->2805K(1887488K), 0.0066988 secs] 2655625K->978038K(2936064K), 0.0070488 secs] [Times: user=0.05 sys=0.01, real=0.01 secs]
2021-09-19T23:04:39.754+0800: 103088.562: [GC (CMS Final Remark) [YG occupancy: 2820 K (1887488 K)]2021-09-19T23:04:39.754+0800: 103088.562: [Rescan (parallel) , 0.0034728 secs]2021-09-19T23:04:39.758+0800: 103088.565: [weak refs processing, 0.0000350 secs]2021-09-19T23:04:39.758+0800: 103088.565: [class unloading, 0.0362012 secs]2021-09-19T23:04:39.794+0800: 103088.602: [scrub symbol table, 0.0114450 secs]2021-09-19T23:04:39.806+0800: 103088.613: [scrub string table, 0.0009953 secs][1 CMS-remark: 975233K(1048576K)] 978054K(2936064K), 0.0523163 secs] [Times: user=0.08 sys=0.01, real=0.06 secs]
2021-09-19T23:04:39.808+0800: 103088.615: [CMS-concurrent-sweep-start]
2021-09-19T23:04:39.983+0800: 103088.791: [CMS-concurrent-sweep: 0.176/0.176 secs] [Times: user=1.08 sys=0.06, real=0.17 secs]
2021-09-19T23:04:39.983+0800: 103088.791: [CMS-concurrent-reset-start]
2021-09-19T23:04:39.986+0800: 103088.793: [CMS-concurrent-reset: 0.002/0.002 secs] [Times: user=0.01 sys=0.00, real=0.01 secs]
2021-09-19T23:04:41.010+0800: 103089.818: [GC (Allocation Failure) 2021-09-19T23:04:41.010+0800: 103089.818: [ParNew: 1680629K->2886K(1887488K), 0.0048819 secs] 2655829K->978102K(2936064K), 0.0052026 secs] [Times: user=0.05 sys=0.00, real=0.00 secs]
2021-09-19T23:04:41.018+0800: 103089.826: [GC (CMS Initial Mark) [1 CMS-initial-mark: 975216K(1048576K)] 991058K(2936064K), 0.0054872 secs] [Times: user=0.04 sys=0.00, real=0.00 secs]
2021-09-19T23:04:41.024+0800: 103089.832: [CMS-concurrent-mark-start]
2021-09-19T23:04:41.461+0800: 103090.268: [CMS-concurrent-mark: 0.436/0.436 secs] [Times: user=4.09 sys=0.27, real=0.44 secs]
2021-09-19T23:04:41.461+0800: 103090.268: [CMS-concurrent-preclean-start]
2021-09-19T23:04:41.467+0800: 103090.274: [CMS-concurrent-preclean: 0.006/0.006 secs] [Times: user=0.04 sys=0.00, real=0.01 secs]
2021-09-19T23:04:41.467+0800: 103090.274: [CMS-concurrent-abortable-preclean-start]
2021-09-19T23:04:42.341+0800: 103091.148: [GC (Allocation Failure) 2021-09-19T23:04:42.341+0800: 103091.148: [ParNew: 1680710K->3156K(1887488K), 0.0062886 secs] 2655926K->978411K(2936064K), 0.0066209 secs] [Times: user=0.06 sys=0.03, real=0.01 secs]
2021-09-19T23:04:43.018+0800: 103091.825: [CMS-concurrent-abortable-preclean: 0.321/1.551 secs] [Times: user=8.36 sys=0.14, real=1.55 secs]
2021-09-19T23:04:43.020+0800: 103091.828: [GC (CMS Final Remark) [YG occupancy: 942562 K (1887488 K)]2021-09-19T23:04:43.020+0800: 103091.828: [Rescan (parallel) , 0.1551008 secs]2021-09-19T23:04:43.176+0800: 103091.983: [weak refs processing, 0.0000636 secs]2021-09-19T23:04:43.176+0800: 103091.983: [class unloading, 0.0364079 secs]2021-09-19T23:04:43.212+0800: 103092.019: [scrub symbol table, 0.0119680 secs]2021-09-19T23:04:43.224+0800: 103092.031: [scrub string table, 0.0010277 secs][1 CMS-remark: 975254K(1048576K)] 1917817K(2936064K), 0.2048063 secs] [Times: user=2.59 sys=0.03, real=0.20 secs]
2021-09-19T23:04:43.226+0800: 103092.033: [CMS-concurrent-sweep-start]
2021-09-19T23:04:43.425+0800: 103092.233: [CMS-concurrent-sweep: 0.200/0.200 secs] [Times: user=1.16 sys=0.08, real=0.20 secs]
2021-09-19T23:04:43.425+0800: 103092.233: [CMS-concurrent-reset-start]
2021-09-19T23:04:43.427+0800: 103092.235: [CMS-concurrent-reset: 0.002/0.002 secs] [Times: user=0.02 sys=0.00, real=0.01 secs]
2021-09-19T23:04:43.797+0800: 103092.604: [GC (Allocation Failure) 2021-09-19T23:04:43.797+0800: 103092.604: [ParNew: 1680980K->3063K(1887488K), 0.0050009 secs] 2656205K->978299K(2936064K), 0.0053751 secs] [Times: user=0.06 sys=0.00, real=0.00 secs]
2021-09-19T23:04:43.806+0800: 103092.613: [GC (CMS Initial Mark) [1 CMS-initial-mark: 975235K(1048576K)] 978428K(2936064K), 0.0042546 secs] [Times: user=0.03 sys=0.00, real=0.01 secs]
2021-09-19T23:04:43.810+0800: 103092.618: [CMS-concurrent-mark-start]
2021-09-19T23:04:44.232+0800: 103093.039: [CMS-concurrent-mark: 0.421/0.421 secs] [Times: user=3.98 sys=0.30, real=0.42 secs]
2021-09-19T23:04:44.232+0800: 103093.039: [CMS-concurrent-preclean-start]
2021-09-19T23:04:44.238+0800: 103093.046: [CMS-concurrent-preclean: 0.006/0.007 secs] [Times: user=0.04 sys=0.00, real=0.01 secs]
2021-09-19T23:04:44.239+0800: 103093.046: [CMS-concurrent-abortable-preclean-start]
2021-09-19T23:04:45.067+0800: 103093.875: [GC (Allocation Failure) 2021-09-19T23:04:45.068+0800: 103093.875: [ParNew: 1680885K->2979K(1887488K), 0.0113477 secs] 2656120K->978230K(2936064K), 0.0116977 secs] [Times: user=0.09 sys=0.01, real=0.01 secs]
2021-09-19T23:04:45.704+0800: 103094.512: [CMS-concurrent-abortable-preclean: 0.252/1.466 secs] [Times: user=7.89 sys=0.11, real=1.46 secs]
2021-09-19T23:04:45.708+0800: 103094.515: [GC (CMS Final Remark) [YG occupancy: 905588 K (1887488 K)]2021-09-19T23:04:45.708+0800: 103094.515: [Rescan (parallel) , 0.1397725 secs]2021-09-19T23:04:45.848+0800: 103094.655: [weak refs processing, 0.0000388 secs]2021-09-19T23:04:45.848+0800: 103094.655: [class unloading, 0.0394225 secs]2021-09-19T23:04:45.887+0800: 103094.695: [scrub symbol table, 0.0205275 secs]2021-09-19T23:04:45.908+0800: 103094.715: [scrub string table, 0.0014767 secs][1 CMS-remark: 975250K(1048576K)] 1880838K(2936064K), 0.2014924 secs] [Times: user=2.37 sys=0.03, real=0.20 secs]
2021-09-19T23:04:45.910+0800: 103094.717: [CMS-concurrent-sweep-start]
2021-09-19T23:04:46.085+0800: 103094.893: [CMS-concurrent-sweep: 0.176/0.176 secs] [Times: user=1.06 sys=0.06, real=0.17 secs]
2021-09-19T23:04:46.086+0800: 103094.893: [CMS-concurrent-reset-start]
2021-09-19T23:04:46.088+0800: 103094.895: [CMS-concurrent-reset: 0.002/0.002 secs] [Times: user=0.02 sys=0.00, real=0.01 secs]
2021-09-19T23:04:46.487+0800: 103095.295: [GC (Allocation Failure) 2021-09-19T23:04:46.487+0800: 103095.295: [ParNew: 1680803K->2898K(1887488K), 0.0054466 secs] 2656015K->978137K(2936064K), 0.0057747 secs] [Times: user=0.06 sys=0.02, real=0.00 secs]
2021-09-19T23:04:46.495+0800: 103095.303: [GC (CMS Initial Mark) [1 CMS-initial-mark: 975239K(1048576K)] 984394K(2936064K), 0.0054333 secs] [Times: user=0.03 sys=0.00, real=0.01 secs]
2021-09-19T23:04:46.501+0800: 103095.309: [CMS-concurrent-mark-start]
2021-09-19T23:04:46.892+0800: 103095.699: [CMS-concurrent-mark: 0.391/0.391 secs] [Times: user=3.75 sys=0.21, real=0.39 secs]
2021-09-19T23:04:46.892+0800: 103095.700: [CMS-concurrent-preclean-start]
2021-09-19T23:04:46.898+0800: 103095.705: [CMS-concurrent-preclean: 0.006/0.006 secs] [Times: user=0.04 sys=0.00, real=0.01 secs]
2021-09-19T23:04:46.898+0800: 103095.706: [CMS-concurrent-abortable-preclean-start]
2021-09-19T23:04:47.746+0800: 103096.553: [GC (Allocation Failure) 2021-09-19T23:04:47.746+0800: 103096.553: [ParNew: 1680722K->3141K(1887488K), 0.0054873 secs] 2655961K->978411K(2936064K), 0.0058406 secs] [Times: user=0.06 sys=0.01, real=0.01 secs]
2021-09-19T23:04:48.361+0800: 103097.169: [CMS-concurrent-abortable-preclean: 0.258/1.463 secs] [Times: user=7.78 sys=0.07, real=1.46 secs]
2021-09-19T23:04:48.365+0800: 103097.172: [GC (CMS Final Remark) [YG occupancy: 866200 K (1887488 K)]2021-09-19T23:04:48.365+0800: 103097.172: [Rescan (parallel) , 0.1263901 secs]2021-09-19T23:04:48.491+0800: 103097.299: [weak refs processing, 0.0000419 secs]2021-09-19T23:04:48.491+0800: 103097.299: [class unloading, 0.0360165 secs]2021-09-19T23:04:48.527+0800: 103097.335: [scrub symbol table, 0.0129444 secs]2021-09-19T23:04:48.540+0800: 103097.348: [scrub string table, 0.0011522 secs][1 CMS-remark: 975269K(1048576K)] 1841470K(2936064K), 0.1767477 secs] [Times: user=2.21 sys=0.03, real=0.18 secs]
2021-09-19T23:04:48.542+0800: 103097.349: [CMS-concurrent-sweep-start]
2021-09-19T23:04:48.713+0800: 103097.521: [CMS-concurrent-sweep: 0.172/0.172 secs] [Times: user=1.04 sys=0.07, real=0.17 secs]
2021-09-19T23:04:48.714+0800: 103097.521: [CMS-concurrent-reset-start]
2021-09-19T23:04:48.716+0800: 103097.523: [CMS-concurrent-reset: 0.002/0.002 secs] [Times: user=0.02 sys=0.00, real=0.01 secs]
2021-09-19T23:04:49.175+0800: 103097.982: [GC (Allocation Failure) 2021-09-19T23:04:49.175+0800: 103097.983: [ParNew: 1680965K->2870K(1887488K), 0.0054811 secs] 2656205K->978126K(2936064K), 0.0058317 secs] [Times: user=0.05 sys=0.01, real=0.01 secs]
2021-09-19T23:04:49.184+0800: 103097.991: [GC (CMS Initial Mark) [1 CMS-initial-mark: 975256K(1048576K)] 991019K(2936064K), 0.0053787 secs] [Times: user=0.03 sys=0.00, real=0.01 secs]
2021-09-19T23:04:49.189+0800: 103097.997: [CMS-concurrent-mark-start]
2021-09-19T23:04:49.585+0800: 103098.392: [CMS-concurrent-mark: 0.396/0.396 secs] [Times: user=3.84 sys=0.18, real=0.39 secs]
2021-09-19T23:04:49.585+0800: 103098.393: [CMS-concurrent-preclean-start]
2021-09-19T23:04:49.593+0800: 103098.401: [CMS-concurrent-preclean: 0.008/0.008 secs] [Times: user=0.05 sys=0.00, real=0.01 secs]
2021-09-19T23:04:49.594+0800: 103098.401: [CMS-concurrent-abortable-preclean-start]
2021-09-19T23:04:50.490+0800: 103099.297: [GC (Allocation Failure) 2021-09-19T23:04:50.490+0800: 103099.297: [ParNew: 1680694K->2531K(1887488K), 0.0081625 secs] 2655950K->977817K(2936064K), 0.0084898 secs] [Times: user=0.05 sys=0.01, real=0.01 secs]
2021-09-19T23:04:51.110+0800: 103099.918: [CMS-concurrent-abortable-preclean: 0.245/1.517 secs] [Times: user=7.96 sys=0.08, real=1.52 secs]
2021-09-19T23:04:51.116+0800: 103099.924: [GC (CMS Final Remark) [YG occupancy: 856697 K (1887488 K)]2021-09-19T23:04:51.117+0800: 103099.924: [Rescan (parallel) , 0.1341156 secs]2021-09-19T23:04:51.251+0800: 103100.058: [weak refs processing, 0.0000680 secs]2021-09-19T23:04:51.251+0800: 103100.058: [class unloading, 0.0412028 secs]2021-09-19T23:04:51.292+0800: 103100.099: [scrub symbol table, 0.0165471 secs]2021-09-19T23:04:51.309+0800: 103100.116: [scrub string table, 0.0014901 secs][1 CMS-remark: 975285K(1048576K)] 1831983K(2936064K), 0.1936789 secs] [Times: user=2.22 sys=0.04, real=0.19 secs]
2021-09-19T23:04:51.311+0800: 103100.118: [CMS-concurrent-sweep-start]
2021-09-19T23:04:51.477+0800: 103100.285: [CMS-concurrent-sweep: 0.167/0.167 secs] [Times: user=0.97 sys=0.05, real=0.17 secs]
2021-09-19T23:04:51.477+0800: 103100.285: [CMS-concurrent-reset-start]
2021-09-19T23:04:51.480+0800: 103100.287: [CMS-concurrent-reset: 0.002/0.002 secs] [Times: user=0.01 sys=0.00, real=0.00 secs]
2021-09-19T23:04:51.980+0800: 103100.788: [GC (Allocation Failure) 2021-09-19T23:04:51.981+0800: 103100.788: [ParNew: 1680355K->2437K(1887488K), 0.0050987 secs] 2655591K->977704K(2936064K), 0.0054759 secs] [Times: user=0.06 sys=0.00, real=0.01 secs]
2021-09-19T23:04:51.989+0800: 103100.796: [GC (CMS Initial Mark) [1 CMS-initial-mark: 975267K(1048576K)] 984239K(2936064K), 0.0030211 secs] [Times: user=0.02 sys=0.00, real=0.00 secs]
2021-09-19T23:04:51.992+0800: 103100.799: [CMS-concurrent-mark-start]
2021-09-19T23:04:52.359+0800: 103101.166: [CMS-concurrent-mark: 0.367/0.367 secs] [Times: user=3.57 sys=0.17, real=0.37 secs]
2021-09-19T23:04:52.359+0800: 103101.166: [CMS-concurrent-preclean-start]
2021-09-19T23:04:52.366+0800: 103101.174: [CMS-concurrent-preclean: 0.007/0.007 secs] [Times: user=0.04 sys=0.01, real=0.01 secs]
2021-09-19T23:04:52.366+0800: 103101.174: [CMS-concurrent-abortable-preclean-start]
2021-09-19T23:04:53.263+0800: 103102.070: [GC (Allocation Failure) 2021-09-19T23:04:53.263+0800: 103102.070: [ParNew: 1680261K->2531K(1887488K), 0.0063309 secs] 2655528K->977831K(2936064K), 0.0067423 secs] [Times: user=0.04 sys=0.03, real=0.01 secs]
2021-09-19T23:04:53.934+0800: 103102.742: [CMS-concurrent-abortable-preclean: 0.307/1.568 secs] [Times: user=8.36 sys=0.13, real=1.56 secs]
2021-09-19T23:04:53.939+0800: 103102.746: [GC (CMS Final Remark) [YG occupancy: 884709 K (1887488 K)]2021-09-19T23:04:53.939+0800: 103102.746: [Rescan (parallel) , 0.1439822 secs]2021-09-19T23:04:54.083+0800: 103102.890: [weak refs processing, 0.0000431 secs]2021-09-19T23:04:54.083+0800: 103102.890: [class unloading, 0.0453163 secs]2021-09-19T23:04:54.128+0800: 103102.936: [scrub symbol table, 0.0132457 secs]2021-09-19T23:04:54.141+0800: 103102.949: [scrub string table, 0.0010082 secs][1 CMS-remark: 975300K(1048576K)] 1860009K(2936064K), 0.2038288 secs] [Times: user=2.44 sys=0.04, real=0.20 secs]
2021-09-19T23:04:54.143+0800: 103102.950: [CMS-concurrent-sweep-start]
2021-09-19T23:04:54.301+0800: 103103.109: [CMS-concurrent-sweep: 0.159/0.159 secs] [Times: user=0.95 sys=0.04, real=0.16 secs]
2021-09-19T23:04:54.302+0800: 103103.109: [CMS-concurrent-reset-start]
2021-09-19T23:04:54.304+0800: 103103.111: [CMS-concurrent-reset: 0.002/0.002 secs] [Times: user=0.02 sys=0.00, real=0.00 secs]
2021-09-19T23:04:54.734+0800: 103103.541: [GC (Allocation Failure) 2021-09-19T23:04:54.734+0800: 103103.541: [ParNew: 1680355K->2710K(1887488K), 0.0056646 secs] 2655602K->977969K(2936064K), 0.0060183 secs] [Times: user=0.06 sys=0.01, real=0.01 secs]
2021-09-19T23:04:54.742+0800: 103103.550: [GC (CMS Initial Mark) [1 CMS-initial-mark: 975259K(1048576K)] 997335K(2936064K), 0.0038132 secs] [Times: user=0.02 sys=0.00, real=0.01 secs]
2021-09-19T23:04:54.747+0800: 103103.554: [CMS-concurrent-mark-start]
2021-09-19T23:04:55.183+0800: 103103.990: [CMS-concurrent-mark: 0.436/0.436 secs] [Times: user=4.20 sys=0.24, real=0.43 secs]
2021-09-19T23:04:55.183+0800: 103103.991: [CMS-concurrent-preclean-start]
2021-09-19T23:04:55.192+0800: 103104.000: [CMS-concurrent-preclean: 0.009/0.009 secs] [Times: user=0.05 sys=0.01, real=0.01 secs]
2021-09-19T23:04:55.192+0800: 103104.000: [CMS-concurrent-abortable-preclean-start]
2021-09-19T23:04:56.053+0800: 103104.860: [GC (Allocation Failure) 2021-09-19T23:04:56.053+0800: 103104.861: [ParNew2021-09-19T23:04:56.055+0800: 103104.862: [CMS-concurrent-abortable-preclean: 0.161/0.862 secs] [Times: user=4.64 sys=0.07, real=0.86 secs]
: 1680534K->2758K(1887488K), 0.0056270 secs] 2655793K->978049K(2936064K), 0.0060876 secs] [Times: user=0.07 sys=0.00, real=0.01 secs]
2021-09-19T23:04:56.062+0800: 103104.869: [GC (CMS Final Remark) [YG occupancy: 9364 K (1887488 K)]2021-09-19T23:04:56.062+0800: 103104.869: [Rescan (parallel) , 0.0036709 secs]2021-09-19T23:04:56.066+0800: 103104.873: [weak refs processing, 0.0000479 secs]2021-09-19T23:04:56.066+0800: 103104.873: [class unloading, 0.0389402 secs]2021-09-19T23:04:56.105+0800: 103104.912: [scrub symbol table, 0.0119362 secs]2021-09-19T23:04:56.117+0800: 103104.924: [scrub string table, 0.0010229 secs][1 CMS-remark: 975291K(1048576K)] 984655K(2936064K), 0.0558151 secs] [Times: user=0.09 sys=0.01, real=0.06 secs]
2021-09-19T23:04:56.118+0800: 103104.926: [CMS-concurrent-sweep-start]
2021-09-19T23:04:56.254+0800: 103105.061: [CMS-concurrent-sweep: 0.135/0.135 secs] [Times: user=0.84 sys=0.01, real=0.13 secs]
2021-09-19T23:04:56.254+0800: 103105.061: [CMS-concurrent-reset-start]
2021-09-19T23:04:56.256+0800: 103105.064: [CMS-concurrent-reset: 0.002/0.002 secs] [Times: user=0.01 sys=0.00, real=0.01 secs]
2021-09-19T23:04:57.338+0800: 103106.145: [GC (Allocation Failure) 2021-09-19T23:04:57.338+0800: 103106.145: [ParNew: 1680582K->2887K(1887488K), 0.0056928 secs] 2655779K->978089K(2936064K), 0.0060054 secs] [Times: user=0.06 sys=0.02, real=0.00 secs]
2021-09-19T23:04:57.346+0800: 103106.154: [GC (CMS Initial Mark) [1 CMS-initial-mark: 975202K(1048576K)] 997046K(2936064K), 0.0040739 secs] [Times: user=0.02 sys=0.00, real=0.00 secs]
2021-09-19T23:04:57.353+0800: 103106.161: [CMS-concurrent-mark-start]
2021-09-19T23:04:57.807+0800: 103106.614: [CMS-concurrent-mark: 0.453/0.453 secs] [Times: user=4.34 sys=0.25, real=0.46 secs]
2021-09-19T23:04:57.807+0800: 103106.615: [CMS-concurrent-preclean-start]
2021-09-19T23:04:57.815+0800: 103106.622: [CMS-concurrent-preclean: 0.008/0.008 secs] [Times: user=0.05 sys=0.01, real=0.00 secs]
2021-09-19T23:04:57.815+0800: 103106.623: [CMS-concurrent-abortable-preclean-start]
2021-09-19T23:04:58.674+0800: 103107.481: [GC (Allocation Failure) 2021-09-19T23:04:58.674+0800: 103107.481: [ParNew: 1680711K->2974K(1887488K), 0.0069490 secs] 2655913K->978197K(2936064K), 0.0072825 secs] [Times: user=0.05 sys=0.01, real=0.01 secs]
2021-09-19T23:04:59.303+0800: 103108.111: [CMS-concurrent-abortable-preclean: 0.267/1.488 secs] [Times: user=7.90 sys=0.11, real=1.49 secs]
2021-09-19T23:04:59.310+0800: 103108.117: [GC (CMS Final Remark) [YG occupancy: 877064 K (1887488 K)]2021-09-19T23:04:59.310+0800: 103108.117: [Rescan (parallel) , 0.1392994 secs]2021-09-19T23:04:59.449+0800: 103108.257: [weak refs processing, 0.0000526 secs]2021-09-19T23:04:59.449+0800: 103108.257: [class unloading, 0.0382939 secs]2021-09-19T23:04:59.488+0800: 103108.295: [scrub symbol table, 0.0122713 secs]2021-09-19T23:04:59.500+0800: 103108.307: [scrub string table, 0.0011338 secs][1 CMS-remark: 975222K(1048576K)] 1852286K(2936064K), 0.1912632 secs] [Times: user=2.32 sys=0.02, real=0.19 secs]
2021-09-19T23:04:59.502+0800: 103108.309: [CMS-concurrent-sweep-start]
2021-09-19T23:04:59.660+0800: 103108.468: [CMS-concurrent-sweep: 0.159/0.159 secs] [Times: user=0.98 sys=0.06, real=0.16 secs]
2021-09-19T23:04:59.660+0800: 103108.468: [CMS-concurrent-reset-start]
2021-09-19T23:04:59.663+0800: 103108.470: [CMS-concurrent-reset: 0.002/0.002 secs] [Times: user=0.01 sys=0.00, real=0.00 secs]
2021-09-19T23:05:00.078+0800: 103108.885: [GC (Allocation Failure) 2021-09-19T23:05:00.078+0800: 103108.885: [ParNew: 1680798K->3142K(1887488K), 0.0083646 secs] 2655935K->978286K(2936064K), 0.0088752 secs] [Times: user=0.09 sys=0.00, real=0.01 secs]
2021-09-19T23:05:00.091+0800: 103108.898: [GC (CMS Initial Mark) [1 CMS-initial-mark: 975144K(1048576K)] 978307K(2936064K), 0.0051919 secs] [Times: user=0.03 sys=0.00, real=0.01 secs]
2021-09-19T23:05:00.096+0800: 103108.904: [CMS-concurrent-mark-start]
2021-09-19T23:05:00.521+0800: 103109.328: [CMS-concurrent-mark: 0.425/0.425 secs] [Times: user=4.16 sys=0.21, real=0.42 secs]
2021-09-19T23:05:00.521+0800: 103109.329: [CMS-concurrent-preclean-start]
2021-09-19T23:05:00.530+0800: 103109.338: [CMS-concurrent-preclean: 0.008/0.009 secs] [Times: user=0.05 sys=0.00, real=0.01 secs]
2021-09-19T23:05:00.530+0800: 103109.338: [CMS-concurrent-abortable-preclean-start]
2021-09-19T23:05:01.350+0800: 103110.157: [GC (Allocation Failure) 2021-09-19T23:05:01.350+0800: 103110.157: [ParNew: 1680966K->3046K(1887488K), 0.0136545 secs] 2656110K->978213K(2936064K), 0.0139850 secs] [Times: user=0.15 sys=0.02, real=0.01 secs]
2021-09-19T23:05:02.418+0800: 103111.225: [CMS-concurrent-abortable-preclean: 0.608/1.887 secs] [Times: user=8.55 sys=0.11, real=1.89 secs]
2021-09-19T23:05:02.421+0800: 103111.228: [GC (CMS Final Remark) [YG occupancy: 938866 K (1887488 K)]2021-09-19T23:05:02.421+0800: 103111.228: [Rescan (parallel) , 0.2457834 secs]2021-09-19T23:05:02.667+0800: 103111.474: [weak refs processing, 0.0000604 secs]2021-09-19T23:05:02.667+0800: 103111.474: [class unloading, 0.0442393 secs]2021-09-19T23:05:02.711+0800: 103111.519: [scrub symbol table, 0.0145799 secs]2021-09-19T23:05:02.726+0800: 103111.533: [scrub string table, 0.0010444 secs][1 CMS-remark: 975166K(1048576K)] 1914033K(2936064K), 0.3059557 secs] [Times: user=2.96 sys=0.03, real=0.31 secs]
2021-09-19T23:05:02.728+0800: 103111.535: [CMS-concurrent-sweep-start]
2021-09-19T23:05:02.984+0800: 103111.792: [CMS-concurrent-sweep: 0.256/0.256 secs] [Times: user=1.46 sys=0.09, real=0.25 secs]
2021-09-19T23:05:02.984+0800: 103111.792: [CMS-concurrent-reset-start]
2021-09-19T23:05:02.987+0800: 103111.794: [CMS-concurrent-reset: 0.002/0.002 secs] [Times: user=0.02 sys=0.00, real=0.01 secs]
2021-09-19T23:05:03.468+0800: 103112.275: [GC (Allocation Failure) 2021-09-19T23:05:03.468+0800: 103112.275: [ParNew: 1680870K->3028K(1887488K), 0.0062143 secs] 2655963K->978137K(2936064K), 0.0065521 secs] [Times: user=0.06 sys=0.01, real=0.00 secs]
2021-09-19T23:05:03.477+0800: 103112.284: [GC (CMS Initial Mark) [1 CMS-initial-mark: 975109K(1048576K)] 978149K(2936064K), 0.0042552 secs] [Times: user=0.02 sys=0.00, real=0.00 secs]
2021-09-19T23:05:03.481+0800: 103112.289: [CMS-concurrent-mark-start]
2021-09-19T23:05:03.943+0800: 103112.750: [CMS-concurrent-mark: 0.461/0.461 secs] [Times: user=4.44 sys=0.21, real=0.46 secs]
2021-09-19T23:05:03.943+0800: 103112.750: [CMS-concurrent-preclean-start]
2021-09-19T23:05:03.950+0800: 103112.757: [CMS-concurrent-preclean: 0.007/0.007 secs] [Times: user=0.04 sys=0.00, real=0.01 secs]
2021-09-19T23:05:03.950+0800: 103112.757: [CMS-concurrent-abortable-preclean-start]
2021-09-19T23:05:04.809+0800: 103113.617: [GC (Allocation Failure) 2021-09-19T23:05:04.810+0800: 103113.617: [ParNew: 1680852K->2694K(1887488K), 0.0059272 secs] 2655961K->977829K(2936064K), 0.0062719 secs] [Times: user=0.03 sys=0.02, real=0.01 secs]
2021-09-19T23:05:05.442+0800: 103114.249: [CMS-concurrent-abortable-preclean: 0.273/1.492 secs] [Times: user=7.92 sys=0.11, real=1.49 secs]
2021-09-19T23:05:05.448+0800: 103114.255: [GC (CMS Final Remark) [YG occupancy: 875134 K (1887488 K)]2021-09-19T23:05:05.448+0800: 103114.256: [Rescan (parallel) , 0.1331540 secs]2021-09-19T23:05:05.581+0800: 103114.389: [weak refs processing, 0.0000470 secs]2021-09-19T23:05:05.581+0800: 103114.389: [class unloading, 0.0422462 secs]2021-09-19T23:05:05.624+0800: 103114.431: [scrub symbol table, 0.0116273 secs]2021-09-19T23:05:05.635+0800: 103114.443: [scrub string table, 0.0011588 secs][1 CMS-remark: 975135K(1048576K)] 1850270K(2936064K), 0.1884465 secs] [Times: user=2.29 sys=0.03, real=0.19 secs]
2021-09-19T23:05:05.637+0800: 103114.444: [CMS-concurrent-sweep-start]
2021-09-19T23:05:05.806+0800: 103114.614: [CMS-concurrent-sweep: 0.170/0.170 secs] [Times: user=1.04 sys=0.04, real=0.17 secs]
2021-09-19T23:05:05.807+0800: 103114.614: [CMS-concurrent-reset-start]
2021-09-19T23:05:05.809+0800: 103114.616: [CMS-concurrent-reset: 0.002/0.002 secs] [Times: user=0.01 sys=0.00, real=0.00 secs]
2021-09-19T23:05:06.219+0800: 103115.026: [GC (Allocation Failure) 2021-09-19T23:05:06.219+0800: 103115.026: [ParNew: 1680518K->2713K(1887488K), 0.0054042 secs] 2655586K->977799K(2936064K), 0.0057575 secs] [Times: user=0.05 sys=0.00, real=0.00 secs]
2021-09-19T23:05:06.227+0800: 103115.035: [GC (CMS Initial Mark) [1 CMS-initial-mark: 975085K(1048576K)] 990684K(2936064K), 0.0043612 secs] [Times: user=0.02 sys=0.00, real=0.00 secs]
2021-09-19T23:05:06.232+0800: 103115.039: [CMS-concurrent-mark-start]
2021-09-19T23:05:06.666+0800: 103115.474: [CMS-concurrent-mark: 0.434/0.434 secs] [Times: user=4.18 sys=0.22, real=0.44 secs]
2021-09-19T23:05:06.666+0800: 103115.474: [CMS-concurrent-preclean-start]
2021-09-19T23:05:06.675+0800: 103115.483: [CMS-concurrent-preclean: 0.009/0.009 secs] [Times: user=0.05 sys=0.00, real=0.00 secs]
2021-09-19T23:05:06.675+0800: 103115.483: [CMS-concurrent-abortable-preclean-start]
2021-09-19T23:05:07.749+0800: 103116.556: [GC (Allocation Failure) 2021-09-19T23:05:07.749+0800: 103116.557: [ParNew: 1680537K->2470K(1887488K), 0.0054289 secs] 2655623K->977564K(2936064K), 0.0058090 secs] [Times: user=0.04 sys=0.02, real=0.00 secs]
2021-09-19T23:05:08.587+0800: 103117.395: [CMS-concurrent-abortable-preclean: 0.347/1.912 secs] [Times: user=8.47 sys=0.15, real=1.92 secs]
2021-09-19T23:05:08.591+0800: 103117.398: [GC (CMS Final Remark) [YG occupancy: 917751 K (1887488 K)]2021-09-19T23:05:08.591+0800: 103117.398: [Rescan (parallel) , 0.1522752 secs]2021-09-19T23:05:08.743+0800: 103117.551: [weak refs processing, 0.0000485 secs]2021-09-19T23:05:08.743+0800: 103117.551: [class unloading, 0.0366401 secs]2021-09-19T23:05:08.780+0800: 103117.587: [scrub symbol table, 0.0117411 secs]2021-09-19T23:05:08.792+0800: 103117.599: [scrub string table, 0.0010326 secs][1 CMS-remark: 975094K(1048576K)] 1892846K(2936064K), 0.2019486 secs] [Times: user=2.59 sys=0.02, real=0.20 secs]
2021-09-19T23:05:08.793+0800: 103117.601: [CMS-concurrent-sweep-start]
2021-09-19T23:05:08.990+0800: 103117.797: [CMS-concurrent-sweep: 0.197/0.197 secs] [Times: user=0.96 sys=0.07, real=0.20 secs]
2021-09-19T23:05:08.990+0800: 103117.798: [CMS-concurrent-reset-start]
2021-09-19T23:05:08.995+0800: 103117.802: [CMS-concurrent-reset: 0.004/0.004 secs] [Times: user=0.02 sys=0.01, real=0.00 secs]
2021-09-19T23:05:09.490+0800: 103118.298: [GC (Allocation Failure) 2021-09-19T23:05:09.491+0800: 103118.298: [ParNew: 1680290K->2424K(1887488K), 0.0057186 secs] 2655350K->977500K(2936064K), 0.0060345 secs] [Times: user=0.06 sys=0.00, real=0.01 secs]
2021-09-19T23:05:09.499+0800: 103118.307: [GC (CMS Initial Mark) [1 CMS-initial-mark: 975075K(1048576K)] 977514K(2936064K), 0.0025614 secs] [Times: user=0.02 sys=0.00, real=0.00 secs]
2021-09-19T23:05:09.502+0800: 103118.309: [CMS-concurrent-mark-start]
2021-09-19T23:05:10.007+0800: 103118.815: [CMS-concurrent-mark: 0.505/0.505 secs] [Times: user=4.29 sys=0.23, real=0.51 secs]
2021-09-19T23:05:10.008+0800: 103118.815: [CMS-concurrent-preclean-start]
2021-09-19T23:05:10.018+0800: 103118.826: [CMS-concurrent-preclean: 0.010/0.011 secs] [Times: user=0.05 sys=0.01, real=0.01 secs]
2021-09-19T23:05:10.018+0800: 103118.826: [CMS-concurrent-abortable-preclean-start]
2021-09-19T23:05:11.144+0800: 103119.951: [GC (Allocation Failure) 2021-09-19T23:05:11.144+0800: 103119.951: [ParNew: 1680248K->2760K(1887488K), 0.0072188 secs] 2655324K->977869K(2936064K), 0.0075739 secs] [Times: user=0.05 sys=0.02, real=0.01 secs]
2021-09-19T23:05:12.003+0800: 103120.810: [CMS-concurrent-abortable-preclean: 0.341/1.985 secs] [Times: user=8.63 sys=0.14, real=1.98 secs]
2021-09-19T23:05:12.009+0800: 103120.817: [GC (CMS Final Remark) [YG occupancy: 956253 K (1887488 K)]2021-09-19T23:05:12.009+0800: 103120.817: [Rescan (parallel) , 0.1446193 secs]2021-09-19T23:05:12.154+0800: 103120.961: [weak refs processing, 0.0000505 secs]2021-09-19T23:05:12.154+0800: 103120.961: [class unloading, 0.0364413 secs]2021-09-19T23:05:12.190+0800: 103120.998: [scrub symbol table, 0.0116551 secs]2021-09-19T23:05:12.202+0800: 103121.010: [scrub string table, 0.0011129 secs][1 CMS-remark: 975109K(1048576K)] 1931362K(2936064K), 0.1941110 secs] [Times: user=2.51 sys=0.03, real=0.19 secs]
2021-09-19T23:05:12.204+0800: 103121.011: [CMS-concurrent-sweep-start]
2021-09-19T23:05:12.382+0800: 103121.189: [CMS-concurrent-sweep: 0.178/0.178 secs] [Times: user=0.93 sys=0.05, real=0.18 secs]
2021-09-19T23:05:12.382+0800: 103121.190: [CMS-concurrent-reset-start]
2021-09-19T23:05:12.384+0800: 103121.192: [CMS-concurrent-reset: 0.002/0.002 secs] [Times: user=0.01 sys=0.00, real=0.00 secs]
2021-09-19T23:05:12.856+0800: 103121.664: [GC (Allocation Failure) 2021-09-19T23:05:12.856+0800: 103121.664: [ParNew: 1680584K->2659K(1887488K), 0.0077777 secs] 2655653K->977749K(2936064K), 0.0081647 secs] [Times: user=0.09 sys=0.01, real=0.00 secs]
2021-09-19T23:05:12.867+0800: 103121.675: [GC (CMS Initial Mark) [1 CMS-initial-mark: 975089K(1048576K)] 977763K(2936064K), 0.0032108 secs] [Times: user=0.02 sys=0.00, real=0.00 secs]
2021-09-19T23:05:12.871+0800: 103121.678: [CMS-concurrent-mark-start]
2021-09-19T23:05:13.265+0800: 103122.073: [CMS-concurrent-mark: 0.394/0.394 secs] [Times: user=3.40 sys=0.23, real=0.39 secs]
2021-09-19T23:05:13.265+0800: 103122.073: [CMS-concurrent-preclean-start]
2021-09-19T23:05:13.271+0800: 103122.079: [CMS-concurrent-preclean: 0.006/0.006 secs] [Times: user=0.03 sys=0.00, real=0.01 secs]
2021-09-19T23:05:13.272+0800: 103122.079: [CMS-concurrent-abortable-preclean-start]
2021-09-19T23:05:14.412+0800: 103123.220: [GC (Allocation Failure) 2021-09-19T23:05:14.412+0800: 103123.220: [ParNew: 1680483K->2890K(1887488K), 0.0060688 secs] 2655573K->978001K(2936064K), 0.0064548 secs] [Times: user=0.06 sys=0.01, real=0.01 secs]
2021-09-19T23:05:15.171+0800: 103123.979: [CMS-concurrent-abortable-preclean: 0.327/1.900 secs] [Times: user=8.33 sys=0.12, real=1.90 secs]
2021-09-19T23:05:15.174+0800: 103123.981: [GC (CMS Final Remark) [YG occupancy: 876132 K (1887488 K)]2021-09-19T23:05:15.174+0800: 103123.982: [Rescan (parallel) , 0.1371637 secs]2021-09-19T23:05:15.311+0800: 103124.119: [weak refs processing, 0.0000480 secs]2021-09-19T23:05:15.311+0800: 103124.119: [class unloading, 0.0367594 secs]2021-09-19T23:05:15.348+0800: 103124.156: [scrub symbol table, 0.0116688 secs]2021-09-19T23:05:15.360+0800: 103124.167: [scrub string table, 0.0010204 secs][1 CMS-remark: 975111K(1048576K)] 1851243K(2936064K), 0.1868823 secs] [Times: user=2.36 sys=0.04, real=0.19 secs]
2021-09-19T23:05:15.361+0800: 103124.169: [CMS-concurrent-sweep-start]
2021-09-19T23:05:15.517+0800: 103124.324: [CMS-concurrent-sweep: 0.155/0.155 secs] [Times: user=0.80 sys=0.04, real=0.16 secs]
2021-09-19T23:05:15.517+0800: 103124.324: [CMS-concurrent-reset-start]
2021-09-19T23:05:15.519+0800: 103124.327: [CMS-concurrent-reset: 0.002/0.002 secs] [Times: user=0.02 sys=0.00, real=0.00 secs]
2021-09-19T23:05:16.294+0800: 103125.102: [GC (Allocation Failure) 2021-09-19T23:05:16.294+0800: 103125.102: [ParNew: 1680714K->2492K(1887488K), 0.0060564 secs] 2655745K->977567K(2936064K), 0.0063874 secs] [Times: user=0.06 sys=0.00, real=0.01 secs]
2021-09-19T23:05:16.303+0800: 103125.111: [GC (CMS Initial Mark) [1 CMS-initial-mark: 975074K(1048576K)] 977570K(2936064K), 0.0029356 secs] [Times: user=0.02 sys=0.00, real=0.01 secs]
2021-09-19T23:05:16.306+0800: 103125.114: [CMS-concurrent-mark-start]
2021-09-19T23:05:16.723+0800: 103125.531: [CMS-concurrent-mark: 0.417/0.417 secs] [Times: user=3.09 sys=0.32, real=0.41 secs]
2021-09-19T23:05:16.723+0800: 103125.531: [CMS-concurrent-preclean-start]
2021-09-19T23:05:16.731+0800: 103125.539: [CMS-concurrent-preclean: 0.008/0.008 secs] [Times: user=0.04 sys=0.00, real=0.01 secs]
2021-09-19T23:05:16.731+0800: 103125.539: [CMS-concurrent-abortable-preclean-start]
2021-09-19T23:05:18.381+0800: 103127.188: [GC (Allocation Failure) 2021-09-19T23:05:18.381+0800: 103127.189: [ParNew: 1680316K->2290K(1887488K), 0.0062098 secs] 2655391K->977401K(2936064K), 0.0065628 secs] [Times: user=0.04 sys=0.02, real=0.01 secs]
2021-09-19T23:05:19.466+0800: 103128.274: [CMS-concurrent-abortable-preclean: 0.459/2.735 secs] [Times: user=8.99 sys=0.16, real=2.74 secs]
2021-09-19T23:05:19.470+0800: 103128.277: [GC (CMS Final Remark) [YG occupancy: 905293 K (1887488 K)]2021-09-19T23:05:19.470+0800: 103128.277: [Rescan (parallel) , 0.1616463 secs]2021-09-19T23:05:19.631+0800: 103128.439: [weak refs processing, 0.0000536 secs]2021-09-19T23:05:19.631+0800: 103128.439: [class unloading, 0.0368745 secs]2021-09-19T23:05:19.668+0800: 103128.476: [scrub symbol table, 0.0135043 secs]2021-09-19T23:05:19.682+0800: 103128.489: [scrub string table, 0.0010727 secs][1 CMS-remark: 975110K(1048576K)] 1880403K(2936064K), 0.2134055 secs] [Times: user=2.64 sys=0.04, real=0.21 secs]
2021-09-19T23:05:19.683+0800: 103128.491: [CMS-concurrent-sweep-start]
2021-09-19T23:05:19.892+0800: 103128.699: [CMS-concurrent-sweep: 0.208/0.208 secs] [Times: user=0.86 sys=0.08, real=0.21 secs]
2021-09-19T23:05:19.892+0800: 103128.699: [CMS-concurrent-reset-start]
2021-09-19T23:05:19.895+0800: 103128.702: [CMS-concurrent-reset: 0.002/0.002 secs] [Times: user=0.01 sys=0.00, real=0.00 secs]
2021-09-19T23:05:20.534+0800: 103129.342: [GC (Allocation Failure) 2021-09-19T23:05:20.535+0800: 103129.342: [ParNew: 1680114K->1589K(1887488K), 0.0075062 secs] 2655167K->976686K(2936064K), 0.0078586 secs] [Times: user=0.04 sys=0.00, real=0.01 secs]
2021-09-19T23:05:20.545+0800: 103129.352: [GC (CMS Initial Mark) [1 CMS-initial-mark: 975096K(1048576K)] 986124K(2936064K), 0.0033001 secs] [Times: user=0.02 sys=0.00, real=0.01 secs]
2021-09-19T23:05:20.549+0800: 103129.356: [CMS-concurrent-mark-start]
2021-09-19T23:05:20.985+0800: 103129.793: [CMS-concurrent-mark: 0.437/0.437 secs] [Times: user=3.35 sys=0.19, real=0.43 secs]
2021-09-19T23:05:20.986+0800: 103129.793: [CMS-concurrent-preclean-start]
2021-09-19T23:05:20.993+0800: 103129.800: [CMS-concurrent-preclean: 0.007/0.007 secs] [Times: user=0.03 sys=0.00, real=0.01 secs]
2021-09-19T23:05:20.993+0800: 103129.800: [CMS-concurrent-abortable-preclean-start]
2021-09-19T23:05:22.585+0800: 103131.392: [GC (Allocation Failure) 2021-09-19T23:05:22.585+0800: 103131.393: [ParNew: 1679413K->2051K(1887488K), 0.0052645 secs] 2654510K->977183K(2936064K), 0.0056881 secs] [Times: user=0.04 sys=0.02, real=0.01 secs]
2021-09-19T23:05:23.554+0800: 103132.361: [CMS-concurrent-abortable-preclean: 0.413/2.561 secs] [Times: user=8.66 sys=0.17, real=2.56 secs]
2021-09-19T23:05:23.559+0800: 103132.367: [GC (CMS Final Remark) [YG occupancy: 880907 K (1887488 K)]2021-09-19T23:05:23.559+0800: 103132.367: [Rescan (parallel) , 0.1512909 secs]2021-09-19T23:05:23.711+0800: 103132.518: [weak refs processing, 0.0000996 secs]2021-09-19T23:05:23.711+0800: 103132.518: [class unloading, 0.0365586 secs]2021-09-19T23:05:23.747+0800: 103132.555: [scrub symbol table, 0.0121606 secs]2021-09-19T23:05:23.760+0800: 103132.567: [scrub string table, 0.0011372 secs][1 CMS-remark: 975131K(1048576K)] 1856039K(2936064K), 0.2015177 secs] [Times: user=2.47 sys=0.03, real=0.20 secs]
2021-09-19T23:05:23.761+0800: 103132.569: [CMS-concurrent-sweep-start]
2021-09-19T23:05:23.972+0800: 103132.779: [CMS-concurrent-sweep: 0.211/0.211 secs] [Times: user=0.84 sys=0.08, real=0.21 secs]
2021-09-19T23:05:23.972+0800: 103132.780: [CMS-concurrent-reset-start]
2021-09-19T23:05:23.976+0800: 103132.783: [CMS-concurrent-reset: 0.004/0.004 secs] [Times: user=0.01 sys=0.00, real=0.01 secs]
2021-09-19T23:05:24.689+0800: 103133.496: [GC (Allocation Failure) 2021-09-19T23:05:24.689+0800: 103133.496: [ParNew: 1679875K->2260K(1887488K), 0.0107860 secs] 2654901K->977324K(2936064K), 0.0112154 secs] [Times: user=0.04 sys=0.02, real=0.01 secs]
2021-09-19T23:05:24.702+0800: 103133.510: [GC (CMS Initial Mark) [1 CMS-initial-mark: 975063K(1048576K)] 977335K(2936064K), 0.0025489 secs] [Times: user=0.02 sys=0.00, real=0.00 secs]
2021-09-19T23:05:24.705+0800: 103133.513: [CMS-concurrent-mark-start]
2021-09-19T23:05:25.112+0800: 103133.919: [CMS-concurrent-mark: 0.406/0.406 secs] [Times: user=3.05 sys=0.26, real=0.41 secs]
2021-09-19T23:05:25.112+0800: 103133.920: [CMS-concurrent-preclean-start]
2021-09-19T23:05:25.118+0800: 103133.926: [CMS-concurrent-preclean: 0.006/0.006 secs] [Times: user=0.03 sys=0.00, real=0.01 secs]
2021-09-19T23:05:25.118+0800: 103133.926: [CMS-concurrent-abortable-preclean-start]
2021-09-19T23:05:26.711+0800: 103135.519: [GC (Allocation Failure) 2021-09-19T23:05:26.711+0800: 103135.519: [ParNew: 1680084K->2347K(1887488K), 0.0080938 secs] 2655148K->977447K(2936064K), 0.0085001 secs] [Times: user=0.06 sys=0.01, real=0.01 secs]
2021-09-19T23:05:27.760+0800: 103136.567: [CMS-concurrent-abortable-preclean: 0.466/2.642 secs] [Times: user=8.82 sys=0.18, real=2.64 secs]
2021-09-19T23:05:27.766+0800: 103136.574: [GC (CMS Final Remark) [YG occupancy: 878949 K (1887488 K)]2021-09-19T23:05:27.766+0800: 103136.574: [Rescan (parallel) , 0.2025310 secs]2021-09-19T23:05:27.969+0800: 103136.776: [weak refs processing, 0.0000574 secs]2021-09-19T23:05:27.969+0800: 103136.776: [class unloading, 0.0370962 secs]2021-09-19T23:05:28.006+0800: 103136.814: [scrub symbol table, 0.0146805 secs]2021-09-19T23:05:28.021+0800: 103136.828: [scrub string table, 0.0012458 secs][1 CMS-remark: 975100K(1048576K)] 1854050K(2936064K), 0.2558771 secs] [Times: user=2.60 sys=0.02, real=0.25 secs]
2021-09-19T23:05:28.023+0800: 103136.830: [CMS-concurrent-sweep-start]
2021-09-19T23:05:28.237+0800: 103137.044: [CMS-concurrent-sweep: 0.208/0.214 secs] [Times: user=0.88 sys=0.08, real=0.22 secs]
2021-09-19T23:05:28.237+0800: 103137.044: [CMS-concurrent-reset-start]
2021-09-19T23:05:28.240+0800: 103137.048: [CMS-concurrent-reset: 0.004/0.004 secs] [Times: user=0.01 sys=0.00, real=0.00 secs]
2021-09-19T23:05:28.862+0800: 103137.669: [GC (Allocation Failure) 2021-09-19T23:05:28.862+0800: 103137.669: [ParNew: 1680171K->23337K(1887488K), 0.0154010 secs] 2655208K->998395K(2936064K), 0.0158058 secs] [Times: user=0.16 sys=0.01, real=0.02 secs]
2021-09-19T23:05:28.883+0800: 103137.690: [GC (CMS Initial Mark) [1 CMS-initial-mark: 975058K(1048576K)] 998409K(2936064K), 0.0059211 secs] [Times: user=0.06 sys=0.01, real=0.01 secs]
2021-09-19T23:05:28.889+0800: 103137.696: [CMS-concurrent-mark-start]
2021-09-19T23:05:29.307+0800: 103138.114: [CMS-concurrent-mark: 0.418/0.418 secs] [Times: user=3.54 sys=0.31, real=0.42 secs]
2021-09-19T23:05:29.307+0800: 103138.114: [CMS-concurrent-preclean-start]
2021-09-19T23:05:29.317+0800: 103138.124: [CMS-concurrent-preclean: 0.010/0.010 secs] [Times: user=0.04 sys=0.00, real=0.01 secs]
2021-09-19T23:05:29.317+0800: 103138.124: [CMS-concurrent-abortable-preclean-start]
2021-09-19T23:05:30.499+0800: 103139.306: [GC (Allocation Failure) 2021-09-19T23:05:30.499+0800: 103139.307: [ParNew: 1701161K->27188K(1887488K), 0.0126628 secs] 2676219K->1002293K(2936064K), 0.0130029 secs] [Times: user=0.15 sys=0.00, real=0.01 secs]
2021-09-19T23:05:31.397+0800: 103140.205: [CMS-concurrent-abortable-preclean: 2.060/2.081 secs] [Times: user=10.95 sys=0.24, real=2.08 secs]
2021-09-19T23:05:31.404+0800: 103140.212: [GC (CMS Final Remark) [YG occupancy: 884478 K (1887488 K)]2021-09-19T23:05:31.404+0800: 103140.212: [Rescan (parallel) , 0.1531786 secs]2021-09-19T23:05:31.557+0800: 103140.365: [weak refs processing, 0.0000437 secs]2021-09-19T23:05:31.557+0800: 103140.365: [class unloading, 0.0386973 secs]2021-09-19T23:05:31.596+0800: 103140.404: [scrub symbol table, 0.0131021 secs]2021-09-19T23:05:31.609+0800: 103140.417: [scrub string table, 0.0012399 secs][1 CMS-remark: 975105K(1048576K)] 1859584K(2936064K), 0.2064794 secs] [Times: user=2.49 sys=0.03, real=0.21 secs]
2021-09-19T23:05:31.611+0800: 103140.419: [CMS-concurrent-sweep-start]
2021-09-19T23:05:31.804+0800: 103140.612: [CMS-concurrent-sweep: 0.193/0.193 secs] [Times: user=0.98 sys=0.07, real=0.19 secs]
2021-09-19T23:05:31.804+0800: 103140.612: [CMS-concurrent-reset-start]
2021-09-19T23:05:31.807+0800: 103140.614: [CMS-concurrent-reset: 0.002/0.002 secs] [Times: user=0.02 sys=0.00, real=0.01 secs]
2021-09-19T23:05:32.616+0800: 103141.423: [GC (Allocation Failure) 2021-09-19T23:05:32.616+0800: 103141.423: [ParNew: 1705012K->6934K(1887488K), 0.0057517 secs] 2680028K->981962K(2936064K), 0.0061677 secs] [Times: user=0.05 sys=0.00, real=0.01 secs]
2021-09-19T23:05:32.625+0800: 103141.432: [GC (CMS Initial Mark) [1 CMS-initial-mark: 975028K(1048576K)] 981975K(2936064K), 0.0048235 secs] [Times: user=0.02 sys=0.00, real=0.01 secs]
2021-09-19T23:05:32.630+0800: 103141.437: [CMS-concurrent-mark-start]
2021-09-19T23:05:33.053+0800: 103141.860: [CMS-concurrent-mark: 0.423/0.423 secs] [Times: user=3.15 sys=0.30, real=0.42 secs]
2021-09-19T23:05:33.053+0800: 103141.861: [CMS-concurrent-preclean-start]
2021-09-19T23:05:33.061+0800: 103141.868: [CMS-concurrent-preclean: 0.007/0.008 secs] [Times: user=0.04 sys=0.00, real=0.01 secs]
2021-09-19T23:05:33.061+0800: 103141.868: [CMS-concurrent-abortable-preclean-start]
2021-09-19T23:05:34.618+0800: 103143.425: [GC (Allocation Failure) 2021-09-19T23:05:34.618+0800: 103143.425: [ParNew: 1684758K->3834K(1887488K), 0.0064732 secs] 2659786K->978888K(2936064K), 0.0069853 secs] [Times: user=0.04 sys=0.00, real=0.00 secs]
2021-09-19T23:05:35.594+0800: 103144.401: [CMS-concurrent-abortable-preclean: 0.429/2.533 secs] [Times: user=8.52 sys=0.13, real=2.53 secs]
2021-09-19T23:05:35.597+0800: 103144.405: [GC (CMS Final Remark) [YG occupancy: 860556 K (1887488 K)]2021-09-19T23:05:35.597+0800: 103144.405: [Rescan (parallel) , 0.1296808 secs]2021-09-19T23:05:35.727+0800: 103144.535: [weak refs processing, 0.0000407 secs]2021-09-19T23:05:35.727+0800: 103144.535: [class unloading, 0.0376417 secs]2021-09-19T23:05:35.765+0800: 103144.572: [scrub symbol table, 0.0113811 secs]2021-09-19T23:05:35.776+0800: 103144.584: [scrub string table, 0.0010152 secs][1 CMS-remark: 975054K(1048576K)] 1835610K(2936064K), 0.1799619 secs] [Times: user=2.26 sys=0.02, real=0.18 secs]
2021-09-19T23:05:35.778+0800: 103144.585: [CMS-concurrent-sweep-start]
2021-09-19T23:05:35.978+0800: 103144.785: [CMS-concurrent-sweep: 0.200/0.200 secs] [Times: user=0.82 sys=0.09, real=0.20 secs]
2021-09-19T23:05:35.978+0800: 103144.785: [CMS-concurrent-reset-start]
2021-09-19T23:05:35.980+0800: 103144.788: [CMS-concurrent-reset: 0.002/0.002 secs] [Times: user=0.00 sys=0.00, real=0.00 secs]
2021-09-19T23:05:36.753+0800: 103145.561: [GC (Allocation Failure) 2021-09-19T23:05:36.754+0800: 103145.561: [ParNew: 1681658K->2330K(1887488K), 0.0119461 secs] 2656639K->977326K(2936064K), 0.0124905 secs] [Times: user=0.14 sys=0.00, real=0.02 secs]
2021-09-19T23:05:36.769+0800: 103145.577: [GC (CMS Initial Mark) [1 CMS-initial-mark: 974996K(1048576K)] 997038K(2936064K), 0.0024890 secs] [Times: user=0.02 sys=0.01, real=0.00 secs]
2021-09-19T23:05:36.772+0800: 103145.580: [CMS-concurrent-mark-start]
2021-09-19T23:05:37.159+0800: 103145.966: [CMS-concurrent-mark: 0.384/0.387 secs] [Times: user=2.98 sys=0.18, real=0.39 secs]
2021-09-19T23:05:37.159+0800: 103145.966: [CMS-concurrent-preclean-start]
2021-09-19T23:05:37.165+0800: 103145.972: [CMS-concurrent-preclean: 0.006/0.006 secs] [Times: user=0.02 sys=0.00, real=0.00 secs]
2021-09-19T23:05:37.165+0800: 103145.973: [CMS-concurrent-abortable-preclean-start]
2021-09-19T23:05:38.729+0800: 103147.536: [GC (Allocation Failure) 2021-09-19T23:05:38.729+0800: 103147.536: [ParNew: 1680154K->2644K(1887488K), 0.0067198 secs] 2655150K->977657K(2936064K), 0.0071593 secs] [Times: user=0.07 sys=0.02, real=0.01 secs]
2021-09-19T23:05:39.719+0800: 103148.526: [CMS-concurrent-abortable-preclean: 0.428/2.554 secs] [Times: user=8.57 sys=0.19, real=2.56 secs]
2021-09-19T23:05:39.721+0800: 103148.529: [GC (CMS Final Remark) [YG occupancy: 860679 K (1887488 K)]2021-09-19T23:05:39.722+0800: 103148.529: [Rescan (parallel) , 0.1277438 secs]2021-09-19T23:05:39.849+0800: 103148.657: [weak refs processing, 0.0000415 secs]2021-09-19T23:05:39.849+0800: 103148.657: [class unloading, 0.0375376 secs]2021-09-19T23:05:39.887+0800: 103148.694: [scrub symbol table, 0.0116974 secs]2021-09-19T23:05:39.899+0800: 103148.706: [scrub string table, 0.0010226 secs][1 CMS-remark: 975013K(1048576K)] 1835692K(2936064K), 0.1782500 secs] [Times: user=2.23 sys=0.03, real=0.18 secs]
2021-09-19T23:05:39.900+0800: 103148.708: [CMS-concurrent-sweep-start]
2021-09-19T23:05:40.059+0800: 103148.866: [CMS-concurrent-sweep: 0.159/0.159 secs] [Times: user=0.66 sys=0.04, real=0.16 secs]
2021-09-19T23:05:40.059+0800: 103148.867: [CMS-concurrent-reset-start]
2021-09-19T23:05:40.062+0800: 103148.869: [CMS-concurrent-reset: 0.003/0.003 secs] [Times: user=0.01 sys=0.00, real=0.00 secs]
2021-09-19T23:05:40.936+0800: 103149.744: [GC (Allocation Failure) 2021-09-19T23:05:40.937+0800: 103149.744: [ParNew: 1680468K->2529K(1887488K), 0.0123220 secs] 2655347K->977451K(2936064K), 0.0126866 secs] [Times: user=0.10 sys=0.02, real=0.01 secs]
2021-09-19T23:05:40.953+0800: 103149.761: [GC (CMS Initial Mark) [1 CMS-initial-mark: 974922K(1048576K)] 977570K(2936064K), 0.0027702 secs] [Times: user=0.02 sys=0.00, real=0.01 secs]
2021-09-19T23:05:40.956+0800: 103149.764: [CMS-concurrent-mark-start]
2021-09-19T23:05:41.362+0800: 103150.170: [CMS-concurrent-mark: 0.406/0.406 secs] [Times: user=3.02 sys=0.30, real=0.40 secs]
2021-09-19T23:05:41.363+0800: 103150.170: [CMS-concurrent-preclean-start]
2021-09-19T23:05:41.369+0800: 103150.176: [CMS-concurrent-preclean: 0.006/0.006 secs] [Times: user=0.03 sys=0.00, real=0.01 secs]
2021-09-19T23:05:41.369+0800: 103150.177: [CMS-concurrent-abortable-preclean-start]
2021-09-19T23:05:42.970+0800: 103151.777: [GC (Allocation Failure) 2021-09-19T23:05:42.970+0800: 103151.777: [ParNew: 1680353K->2879K(1887488K), 0.0072242 secs] 2655275K->977840K(2936064K), 0.0076029 secs] [Times: user=0.05 sys=0.02, real=0.01 secs]
2021-09-19T23:05:43.985+0800: 103152.793: [CMS-concurrent-abortable-preclean: 0.481/2.616 secs] [Times: user=8.81 sys=0.20, real=2.61 secs]
2021-09-19T23:05:43.989+0800: 103152.796: [GC (CMS Final Remark) [YG occupancy: 849668 K (1887488 K)]2021-09-19T23:05:43.989+0800: 103152.796: [Rescan (parallel) , 0.1563132 secs]2021-09-19T23:05:44.145+0800: 103152.952: [weak refs processing, 0.0000532 secs]2021-09-19T23:05:44.145+0800: 103152.952: [class unloading, 0.0400590 secs]2021-09-19T23:05:44.185+0800: 103152.993: [scrub symbol table, 0.0150985 secs]2021-09-19T23:05:44.200+0800: 103153.008: [scrub string table, 0.0013033 secs][1 CMS-remark: 974960K(1048576K)] 1824628K(2936064K), 0.2130896 secs] [Times: user=2.49 sys=0.04, real=0.21 secs]
2021-09-19T23:05:44.202+0800: 103153.009: [CMS-concurrent-sweep-start]
2021-09-19T23:05:44.378+0800: 103153.186: [CMS-concurrent-sweep: 0.176/0.176 secs] [Times: user=0.66 sys=0.06, real=0.18 secs]
2021-09-19T23:05:44.379+0800: 103153.186: [CMS-concurrent-reset-start]
2021-09-19T23:05:44.381+0800: 103153.188: [CMS-concurrent-reset: 0.002/0.002 secs] [Times: user=0.01 sys=0.00, real=0.00 secs]
2021-09-19T23:05:45.162+0800: 103153.970: [GC (Allocation Failure) 2021-09-19T23:05:45.163+0800: 103153.970: [ParNew: 1680703K->2683K(1887488K), 0.0270396 secs] 2655633K->977649K(2936064K), 0.0277728 secs] [Times: user=0.19 sys=0.02, real=0.03 secs]
2021-09-19T23:05:45.194+0800: 103154.002: [GC (CMS Initial Mark) [1 CMS-initial-mark: 974966K(1048576K)] 977666K(2936064K), 0.0040338 secs] [Times: user=0.01 sys=0.00, real=0.01 secs]
2021-09-19T23:05:45.198+0800: 103154.006: [CMS-concurrent-mark-start]
2021-09-19T23:05:45.590+0800: 103154.398: [CMS-concurrent-mark: 0.392/0.392 secs] [Times: user=3.05 sys=0.19, real=0.39 secs]
2021-09-19T23:05:45.591+0800: 103154.398: [CMS-concurrent-preclean-start]
2021-09-19T23:05:45.599+0800: 103154.407: [CMS-concurrent-preclean: 0.008/0.008 secs] [Times: user=0.03 sys=0.00, real=0.01 secs]
2021-09-19T23:05:45.599+0800: 103154.407: [CMS-concurrent-abortable-preclean-start]
2021-09-19T23:05:47.255+0800: 103156.063: [GC (Allocation Failure) 2021-09-19T23:05:47.256+0800: 103156.063: [ParNew: 1680507K->2549K(1887488K), 0.0077302 secs] 2655473K->977525K(2936064K), 0.0080850 secs] [Times: user=0.05 sys=0.01, real=0.01 secs]
2021-09-19T23:05:48.344+0800: 103157.151: [CMS-concurrent-abortable-preclean: 0.465/2.744 secs] [Times: user=9.11 sys=0.14, real=2.74 secs]
2021-09-19T23:05:48.347+0800: 103157.154: [GC (CMS Final Remark) [YG occupancy: 929683 K (1887488 K)]2021-09-19T23:05:48.347+0800: 103157.154: [Rescan (parallel) , 0.1637880 secs]2021-09-19T23:05:48.510+0800: 103157.318: [weak refs processing, 0.0000424 secs]2021-09-19T23:05:48.511+0800: 103157.318: [class unloading, 0.0366506 secs]2021-09-19T23:05:48.547+0800: 103157.355: [scrub symbol table, 0.0115098 secs]2021-09-19T23:05:48.559+0800: 103157.366: [scrub string table, 0.0010330 secs][1 CMS-remark: 974975K(1048576K)] 1904659K(2936064K), 0.2132350 secs] [Times: user=2.67 sys=0.03, real=0.21 secs]
2021-09-19T23:05:48.560+0800: 103157.368: [CMS-concurrent-sweep-start]
2021-09-19T23:05:48.732+0800: 103157.540: [CMS-concurrent-sweep: 0.172/0.172 secs] [Times: user=0.67 sys=0.05, real=0.17 secs]
2021-09-19T23:05:48.732+0800: 103157.540: [CMS-concurrent-reset-start]
2021-09-19T23:05:48.734+0800: 103157.542: [CMS-concurrent-reset: 0.002/0.002 secs] [Times: user=0.01 sys=0.00, real=0.00 secs]
2021-09-19T23:05:49.450+0800: 103158.258: [GC (Allocation Failure) 2021-09-19T23:05:49.451+0800: 103158.258: [ParNew: 1680373K->1929K(1887488K), 0.0049078 secs] 2655273K->976890K(2936064K), 0.0052382 secs] [Times: user=0.04 sys=0.01, real=0.01 secs]
2021-09-19T23:05:49.458+0800: 103158.266: [GC (CMS Initial Mark) [1 CMS-initial-mark: 974960K(1048576K)] 976900K(2936064K), 0.0025573 secs] [Times: user=0.01 sys=0.00, real=0.00 secs]
2021-09-19T23:05:49.461+0800: 103158.269: [CMS-concurrent-mark-start]
2021-09-19T23:05:49.837+0800: 103158.644: [CMS-concurrent-mark: 0.376/0.376 secs] [Times: user=2.94 sys=0.18, real=0.38 secs]
2021-09-19T23:05:49.837+0800: 103158.645: [CMS-concurrent-preclean-start]
2021-09-19T23:05:49.845+0800: 103158.653: [CMS-concurrent-preclean: 0.008/0.008 secs] [Times: user=0.03 sys=0.00, real=0.00 secs]
2021-09-19T23:05:49.845+0800: 103158.653: [CMS-concurrent-abortable-preclean-start]
2021-09-19T23:05:51.417+0800: 103160.225: [GC (Allocation Failure) 2021-09-19T23:05:51.417+0800: 103160.225: [ParNew: 1679753K->2362K(1887488K), 0.0088762 secs] 2654714K->977374K(2936064K), 0.0092294 secs] [Times: user=0.08 sys=0.01, real=0.01 secs]
2021-09-19T23:05:52.400+0800: 103161.207: [CMS-concurrent-abortable-preclean: 0.415/2.555 secs] [Times: user=8.62 sys=0.17, real=2.56 secs]
2021-09-19T23:05:52.403+0800: 103161.211: [GC (CMS Final Remark) [YG occupancy: 867643 K (1887488 K)]2021-09-19T23:05:52.404+0800: 103161.211: [Rescan (parallel) , 0.1356562 secs]2021-09-19T23:05:52.539+0800: 103161.347: [weak refs processing, 0.0000389 secs]2021-09-19T23:05:52.539+0800: 103161.347: [class unloading, 0.0378311 secs]2021-09-19T23:05:52.577+0800: 103161.385: [scrub symbol table, 0.0118922 secs]2021-09-19T23:05:52.589+0800: 103161.396: [scrub string table, 0.0010327 secs][1 CMS-remark: 975012K(1048576K)] 1842655K(2936064K), 0.1866980 secs] [Times: user=2.30 sys=0.02, real=0.19 secs]
2021-09-19T23:05:52.590+0800: 103161.398: [CMS-concurrent-sweep-start]
2021-09-19T23:05:52.788+0800: 103161.595: [CMS-concurrent-sweep: 0.197/0.197 secs] [Times: user=0.80 sys=0.08, real=0.20 secs]
2021-09-19T23:05:52.788+0800: 103161.595: [CMS-concurrent-reset-start]
2021-09-19T23:05:52.790+0800: 103161.598: [CMS-concurrent-reset: 0.002/0.002 secs] [Times: user=0.01 sys=0.00, real=0.00 secs]
2021-09-19T23:05:53.561+0800: 103162.368: [GC (Allocation Failure) 2021-09-19T23:05:53.561+0800: 103162.369: [ParNew: 1680186K->2480K(1887488K), 0.0059091 secs] 2655129K->977468K(2936064K), 0.0062737 secs] [Times: user=0.05 sys=0.01, real=0.01 secs]
2021-09-19T23:05:53.570+0800: 103162.377: [GC (CMS Initial Mark) [1 CMS-initial-mark: 974987K(1048576K)] 977571K(2936064K), 0.0028290 secs] [Times: user=0.01 sys=0.00, real=0.00 secs]
2021-09-19T23:05:53.573+0800: 103162.381: [CMS-concurrent-mark-start]
2021-09-19T23:05:53.957+0800: 103162.764: [CMS-concurrent-mark: 0.384/0.384 secs] [Times: user=2.94 sys=0.18, real=0.39 secs]
2021-09-19T23:05:53.957+0800: 103162.764: [CMS-concurrent-preclean-start]
2021-09-19T23:05:53.962+0800: 103162.770: [CMS-concurrent-preclean: 0.005/0.005 secs] [Times: user=0.02 sys=0.00, real=0.00 secs]
2021-09-19T23:05:53.962+0800: 103162.770: [CMS-concurrent-abortable-preclean-start]
2021-09-19T23:05:55.556+0800: 103164.364: [GC (Allocation Failure) 2021-09-19T23:05:55.556+0800: 103164.364: [ParNew: 1672367K->2264K(1887488K), 0.0117326 secs] 2647355K->977271K(2936064K), 0.0120632 secs] [Times: user=0.11 sys=0.01, real=0.01 secs]
2021-09-19T23:05:56.578+0800: 103165.386: [CMS-concurrent-abortable-preclean: 0.493/2.616 secs] [Times: user=8.85 sys=0.18, real=2.62 secs]
2021-09-19T23:05:56.581+0800: 103165.388: [GC (CMS Final Remark) [YG occupancy: 887657 K (1887488 K)]2021-09-19T23:05:56.581+0800: 103165.388: [Rescan (parallel) , 0.1571729 secs]2021-09-19T23:05:56.738+0800: 103165.546: [weak refs processing, 0.0000402 secs]2021-09-19T23:05:56.738+0800: 103165.546: [class unloading, 0.0366608 secs]2021-09-19T23:05:56.775+0800: 103165.582: [scrub symbol table, 0.0117926 secs]2021-09-19T23:05:56.787+0800: 103165.594: [scrub string table, 0.0010288 secs][1 CMS-remark: 975007K(1048576K)] 1862664K(2936064K), 0.2069044 secs] [Times: user=2.61 sys=0.02, real=0.21 secs]
2021-09-19T23:05:56.788+0800: 103165.596: [CMS-concurrent-sweep-start]
2021-09-19T23:05:56.955+0800: 103165.763: [CMS-concurrent-sweep: 0.167/0.167 secs] [Times: user=0.66 sys=0.06, real=0.16 secs]
2021-09-19T23:05:56.956+0800: 103165.763: [CMS-concurrent-reset-start]
2021-09-19T23:05:56.958+0800: 103165.765: [CMS-concurrent-reset: 0.002/0.002 secs] [Times: user=0.01 sys=0.00, real=0.01 secs]
2021-09-19T23:05:57.754+0800: 103166.561: [GC (Allocation Failure) 2021-09-19T23:05:57.754+0800: 103166.562: [ParNew: 1680088K->2583K(1887488K), 0.0060823 secs] 2655009K->977547K(2936064K), 0.0064225 secs] [Times: user=0.04 sys=0.02, real=0.01 secs]
2021-09-19T23:05:57.763+0800: 103166.570: [GC (CMS Initial Mark) [1 CMS-initial-mark: 974964K(1048576K)] 977565K(2936064K), 0.0026479 secs] [Times: user=0.02 sys=0.00, real=0.00 secs]
2021-09-19T23:05:57.766+0800: 103166.573: [CMS-concurrent-mark-start]
2021-09-19T23:05:58.149+0800: 103166.957: [CMS-concurrent-mark: 0.381/0.383 secs] [Times: user=2.88 sys=0.19, real=0.38 secs]
2021-09-19T23:05:58.149+0800: 103166.957: [CMS-concurrent-preclean-start]
2021-09-19T23:05:58.154+0800: 103166.962: [CMS-concurrent-preclean: 0.005/0.005 secs] [Times: user=0.02 sys=0.00, real=0.00 secs]
2021-09-19T23:05:58.154+0800: 103166.962: [CMS-concurrent-abortable-preclean-start]
2021-09-19T23:05:59.809+0800: 103168.616: [GC (Allocation Failure) 2021-09-19T23:05:59.809+0800: 103168.616: [ParNew: 1680407K->2867K(1887488K), 0.0075026 secs] 2655371K->977890K(2936064K), 0.0078326 secs] [Times: user=0.05 sys=0.00, real=0.01 secs]
2021-09-19T23:06:00.900+0800: 103169.707: [CMS-concurrent-abortable-preclean: 0.473/2.745 secs] [Times: user=9.09 sys=0.14, real=2.75 secs]
2021-09-19T23:06:00.902+0800: 103169.710: [GC (CMS Final Remark) [YG occupancy: 925478 K (1887488 K)]2021-09-19T23:06:00.902+0800: 103169.710: [Rescan (parallel) , 0.1515484 secs]2021-09-19T23:06:01.054+0800: 103169.862: [weak refs processing, 0.0000425 secs]2021-09-19T23:06:01.054+0800: 103169.862: [class unloading, 0.0366568 secs]2021-09-19T23:06:01.091+0800: 103169.898: [scrub symbol table, 0.0141464 secs]2021-09-19T23:06:01.105+0800: 103169.912: [scrub string table, 0.0010038 secs][1 CMS-remark: 975022K(1048576K)] 1900500K(2936064K), 0.2036122 secs] [Times: user=2.54 sys=0.03, real=0.21 secs]
2021-09-19T23:06:01.106+0800: 103169.914: [CMS-concurrent-sweep-start]
2021-09-19T23:06:01.671+0800: 103170.478: [CMS-concurrent-sweep: 0.565/0.565 secs] [Times: user=1.04 sys=0.14, real=0.56 secs]
2021-09-19T23:06:01.671+0800: 103170.479: [CMS-concurrent-reset-start]
2021-09-19T23:06:01.676+0800: 103170.484: [CMS-concurrent-reset: 0.005/0.005 secs] [Times: user=0.03 sys=0.00, real=0.01 secs]
2021-09-19T23:06:02.415+0800: 103171.222: [GC (Allocation Failure) 2021-09-19T23:06:02.415+0800: 103171.223: [ParNew: 1680691K->2290K(1887488K), 0.0062377 secs] 2655631K->977251K(2936064K), 0.0066073 secs] [Times: user=0.05 sys=0.01, real=0.01 secs]
2021-09-19T23:06:02.425+0800: 103171.233: [GC (CMS Initial Mark) [1 CMS-initial-mark: 974960K(1048576K)] 998799K(2936064K), 0.0037840 secs] [Times: user=0.02 sys=0.00, real=0.01 secs]
2021-09-19T23:06:02.429+0800: 103171.237: [CMS-concurrent-mark-start]
2021-09-19T23:06:02.838+0800: 103171.646: [CMS-concurrent-mark: 0.409/0.409 secs] [Times: user=3.12 sys=0.18, real=0.41 secs]
2021-09-19T23:06:02.838+0800: 103171.646: [CMS-concurrent-preclean-start]
2021-09-19T23:06:02.844+0800: 103171.652: [CMS-concurrent-preclean: 0.006/0.006 secs] [Times: user=0.02 sys=0.00, real=0.00 secs]
2021-09-19T23:06:02.844+0800: 103171.652: [CMS-concurrent-abortable-preclean-start]
2021-09-19T23:06:04.464+0800: 103173.271: [GC (Allocation Failure) 2021-09-19T23:06:04.464+0800: 103173.272: [ParNew: 1680114K->1952K(1887488K), 0.0097460 secs] 2655075K->976965K(2936064K), 0.0102510 secs] [Times: user=0.04 sys=0.03, real=0.01 secs]
2021-09-19T23:06:05.546+0800: 103174.353: [CMS-concurrent-abortable-preclean: 0.420/2.702 secs] [Times: user=8.89 sys=0.19, real=2.71 secs]
2021-09-19T23:06:05.550+0800: 103174.358: [GC (CMS Final Remark) [YG occupancy: 891323 K (1887488 K)]2021-09-19T23:06:05.550+0800: 103174.358: [Rescan (parallel) , 0.1817112 secs]2021-09-19T23:06:05.732+0800: 103174.540: [weak refs processing, 0.0000943 secs]2021-09-19T23:06:05.732+0800: 103174.540: [class unloading, 0.0371079 secs]2021-09-19T23:06:05.769+0800: 103174.577: [scrub symbol table, 0.0126509 secs]2021-09-19T23:06:05.782+0800: 103174.589: [scrub string table, 0.0011017 secs][1 CMS-remark: 975013K(1048576K)] 1866336K(2936064K), 0.2328907 secs] [Times: user=2.85 sys=0.03, real=0.23 secs]
2021-09-19T23:06:05.784+0800: 103174.592: [CMS-concurrent-sweep-start]
2021-09-19T23:06:06.073+0800: 103174.880: [CMS-concurrent-sweep: 0.289/0.289 secs] [Times: user=1.16 sys=0.17, real=0.29 secs]
2021-09-19T23:06:06.073+0800: 103174.881: [CMS-concurrent-reset-start]
2021-09-19T23:06:06.077+0800: 103174.885: [CMS-concurrent-reset: 0.004/0.004 secs] [Times: user=0.01 sys=0.00, real=0.01 secs]
2021-09-19T23:06:06.725+0800: 103175.532: [GC (Allocation Failure) 2021-09-19T23:06:06.725+0800: 103175.533: [ParNew: 1679776K->2477K(1887488K), 0.0059937 secs] 2654686K->977429K(2936064K), 0.0064565 secs] [Times: user=0.04 sys=0.00, real=0.01 secs]
2021-09-19T23:06:06.737+0800: 103175.545: [GC (CMS Initial Mark) [1 CMS-initial-mark: 974952K(1048576K)] 1009368K(2936064K), 0.0039696 secs] [Times: user=0.02 sys=0.00, real=0.00 secs]
2021-09-19T23:06:06.742+0800: 103175.549: [CMS-concurrent-mark-start]
2021-09-19T23:06:07.199+0800: 103176.007: [CMS-concurrent-mark: 0.457/0.457 secs] [Times: user=3.42 sys=0.26, real=0.46 secs]
2021-09-19T23:06:07.199+0800: 103176.007: [CMS-concurrent-preclean-start]
2021-09-19T23:06:07.205+0800: 103176.012: [CMS-concurrent-preclean: 0.006/0.006 secs] [Times: user=0.03 sys=0.00, real=0.00 secs]
2021-09-19T23:06:07.205+0800: 103176.013: [CMS-concurrent-abortable-preclean-start]
2021-09-19T23:06:08.817+0800: 103177.624: [GC (Allocation Failure) 2021-09-19T23:06:08.817+0800: 103177.625: [ParNew: 1680301K->2601K(1887488K), 0.0063406 secs] 2655253K->977637K(2936064K), 0.0067641 secs] [Times: user=0.04 sys=0.01, real=0.00 secs]
2021-09-19T23:06:09.887+0800: 103178.694: [CMS-concurrent-abortable-preclean: 0.524/2.682 secs] [Times: user=9.09 sys=0.22, real=2.69 secs]
2021-09-19T23:06:09.894+0800: 103178.702: [GC (CMS Final Remark) [YG occupancy: 858454 K (1887488 K)]2021-09-19T23:06:09.895+0800: 103178.702: [Rescan (parallel) , 0.1579825 secs]2021-09-19T23:06:10.053+0800: 103178.860: [weak refs processing, 0.0000612 secs]2021-09-19T23:06:10.053+0800: 103178.860: [class unloading, 0.0427822 secs]2021-09-19T23:06:10.095+0800: 103178.903: [scrub symbol table, 0.0119230 secs]2021-09-19T23:06:10.107+0800: 103178.915: [scrub string table, 0.0011388 secs][1 CMS-remark: 975036K(1048576K)] 1833490K(2936064K), 0.2141267 secs] [Times: user=2.45 sys=0.02, real=0.22 secs]
2021-09-19T23:06:10.109+0800: 103178.916: [CMS-concurrent-sweep-start]
2021-09-19T23:06:10.309+0800: 103179.117: [CMS-concurrent-sweep: 0.200/0.200 secs] [Times: user=0.80 sys=0.09, real=0.20 secs]
2021-09-19T23:06:10.310+0800: 103179.117: [CMS-concurrent-reset-start]
2021-09-19T23:06:10.313+0800: 103179.121: [CMS-concurrent-reset: 0.004/0.004 secs] [Times: user=0.02 sys=0.00, real=0.00 secs]
2021-09-19T23:06:11.083+0800: 103179.891: [GC (Allocation Failure) 2021-09-19T23:06:11.084+0800: 103179.891: [ParNew: 1680425K->2778K(1887488K), 0.0110562 secs] 2655333K->977704K(2936064K), 0.0115026 secs] [Times: user=0.10 sys=0.00, real=0.01 secs]
2021-09-19T23:06:11.098+0800: 103179.905: [GC (CMS Initial Mark) [1 CMS-initial-mark: 974926K(1048576K)] 977723K(2936064K), 0.0039420 secs] [Times: user=0.02 sys=0.00, real=0.00 secs]
2021-09-19T23:06:11.102+0800: 103179.909: [CMS-concurrent-mark-start]
2021-09-19T23:06:11.504+0800: 103180.311: [CMS-concurrent-mark: 0.402/0.402 secs] [Times: user=3.06 sys=0.33, real=0.40 secs]
2021-09-19T23:06:11.504+0800: 103180.312: [CMS-concurrent-preclean-start]
2021-09-19T23:06:11.514+0800: 103180.321: [CMS-concurrent-preclean: 0.009/0.009 secs] [Times: user=0.05 sys=0.00, real=0.01 secs]
2021-09-19T23:06:11.514+0800: 103180.321: [CMS-concurrent-abortable-preclean-start]
2021-09-19T23:06:13.033+0800: 103181.840: [GC (Allocation Failure) 2021-09-19T23:06:13.033+0800: 103181.840: [ParNew: 1680602K->2749K(1887488K), 0.0076615 secs] 2655528K->977691K(2936064K), 0.0082013 secs] [Times: user=0.08 sys=0.01, real=0.01 secs]
2021-09-19T23:06:14.073+0800: 103182.880: [CMS-concurrent-abortable-preclean: 0.517/2.559 secs] [Times: user=8.66 sys=0.14, real=2.56 secs]
2021-09-19T23:06:14.081+0800: 103182.889: [GC (CMS Final Remark) [YG occupancy: 901733 K (1887488 K)]2021-09-19T23:06:14.081+0800: 103182.889: [Rescan (parallel) , 0.1372975 secs]2021-09-19T23:06:14.219+0800: 103183.026: [weak refs processing, 0.0000570 secs]2021-09-19T23:06:14.219+0800: 103183.026: [class unloading, 0.0377476 secs]2021-09-19T23:06:14.256+0800: 103183.064: [scrub symbol table, 0.0119494 secs]2021-09-19T23:06:14.268+0800: 103183.076: [scrub string table, 0.0011105 secs][1 CMS-remark: 974941K(1048576K)] 1876674K(2936064K), 0.1884184 secs] [Times: user=2.34 sys=0.02, real=0.19 secs]
2021-09-19T23:06:14.270+0800: 103183.077: [CMS-concurrent-sweep-start]
2021-09-19T23:06:14.528+0800: 103183.336: [CMS-concurrent-sweep: 0.258/0.258 secs] [Times: user=0.98 sys=0.14, real=0.26 secs]
2021-09-19T23:06:14.528+0800: 103183.336: [CMS-concurrent-reset-start]
2021-09-19T23:06:14.531+0800: 103183.338: [CMS-concurrent-reset: 0.002/0.002 secs] [Times: user=0.01 sys=0.00, real=0.00 secs]
2021-09-19T23:06:15.207+0800: 103184.014: [GC (Allocation Failure) 2021-09-19T23:06:15.207+0800: 103184.015: [ParNew: 1680573K->2669K(1887488K), 0.0075112 secs] 2655386K->977529K(2936064K), 0.0079563 secs] [Times: user=0.06 sys=0.00, real=0.00 secs]
2021-09-19T23:06:15.218+0800: 103184.025: [GC (CMS Initial Mark) [1 CMS-initial-mark: 974859K(1048576K)] 977539K(2936064K), 0.0030230 secs] [Times: user=0.01 sys=0.00, real=0.00 secs]
2021-09-19T23:06:15.221+0800: 103184.028: [CMS-concurrent-mark-start]
2021-09-19T23:06:15.649+0800: 103184.456: [CMS-concurrent-mark: 0.428/0.428 secs] [Times: user=3.18 sys=0.30, real=0.43 secs]
2021-09-19T23:06:15.649+0800: 103184.457: [CMS-concurrent-preclean-start]
2021-09-19T23:06:15.657+0800: 103184.465: [CMS-concurrent-preclean: 0.008/0.008 secs] [Times: user=0.04 sys=0.00, real=0.01 secs]
2021-09-19T23:06:15.657+0800: 103184.465: [CMS-concurrent-abortable-preclean-start]
2021-09-19T23:06:17.282+0800: 103186.089: [GC (Allocation Failure) 2021-09-19T23:06:17.282+0800: 103186.090: [ParNew: 1680493K->2610K(1887488K), 0.0100295 secs] 2655353K->977504K(2936064K), 0.0104144 secs] [Times: user=0.11 sys=0.01, real=0.01 secs]
2021-09-19T23:06:18.338+0800: 103187.145: [CMS-concurrent-abortable-preclean: 0.549/2.680 secs] [Times: user=9.21 sys=0.16, real=2.68 secs]
2021-09-19T23:06:18.344+0800: 103187.152: [GC (CMS Final Remark) [YG occupancy: 922134 K (1887488 K)]2021-09-19T23:06:18.344+0800: 103187.152: [Rescan (parallel) , 0.1364517 secs]2021-09-19T23:06:18.481+0800: 103187.288: [weak refs processing, 0.0000557 secs]2021-09-19T23:06:18.481+0800: 103187.288: [class unloading, 0.0377447 secs]2021-09-19T23:06:18.519+0800: 103187.326: [scrub symbol table, 0.0120643 secs]2021-09-19T23:06:18.531+0800: 103187.338: [scrub string table, 0.0011215 secs][1 CMS-remark: 974893K(1048576K)] 1897028K(2936064K), 0.1876664 secs] [Times: user=2.35 sys=0.04, real=0.19 secs]
2021-09-19T23:06:18.532+0800: 103187.340: [CMS-concurrent-sweep-start]
2021-09-19T23:06:18.705+0800: 103187.513: [CMS-concurrent-sweep: 0.173/0.173 secs] [Times: user=0.72 sys=0.05, real=0.17 secs]
2021-09-19T23:06:18.705+0800: 103187.513: [CMS-concurrent-reset-start]
2021-09-19T23:06:18.708+0800: 103187.515: [CMS-concurrent-reset: 0.002/0.002 secs] [Times: user=0.01 sys=0.00, real=0.01 secs]
2021-09-19T23:06:19.380+0800: 103188.187: [GC (Allocation Failure) 2021-09-19T23:06:19.380+0800: 103188.188: [ParNew: 1680434K->2367K(1887488K), 0.0048150 secs] 2655275K->977227K(2936064K), 0.0051967 secs] [Times: user=0.04 sys=0.01, real=0.00 secs]
2021-09-19T23:06:19.388+0800: 103188.195: [GC (CMS Initial Mark) [1 CMS-initial-mark: 974859K(1048576K)] 977236K(2936064K), 0.0039295 secs] [Times: user=0.02 sys=0.00, real=0.00 secs]
2021-09-19T23:06:19.392+0800: 103188.199: [CMS-concurrent-mark-start]
2021-09-19T23:06:19.788+0800: 103188.595: [CMS-concurrent-mark: 0.396/0.396 secs] [Times: user=2.98 sys=0.25, real=0.40 secs]
2021-09-19T23:06:19.788+0800: 103188.595: [CMS-concurrent-preclean-start]
2021-09-19T23:06:19.793+0800: 103188.600: [CMS-concurrent-preclean: 0.005/0.005 secs] [Times: user=0.02 sys=0.00, real=0.00 secs]
2021-09-19T23:06:19.793+0800: 103188.600: [CMS-concurrent-abortable-preclean-start]
2021-09-19T23:06:21.383+0800: 103190.191: [GC (Allocation Failure) 2021-09-19T23:06:21.383+0800: 103190.191: [ParNew: 1680191K->2233K(1887488K), 0.0051920 secs] 2655051K->977138K(2936064K), 0.0056724 secs] [Times: user=0.03 sys=0.02, real=0.01 secs]
2021-09-19T23:06:22.435+0800: 103191.242: [CMS-concurrent-abortable-preclean: 0.508/2.642 secs] [Times: user=8.95 sys=0.18, real=2.64 secs]
2021-09-19T23:06:22.441+0800: 103191.249: [GC (CMS Final Remark) [YG occupancy: 903780 K (1887488 K)]2021-09-19T23:06:22.441+0800: 103191.249: [Rescan (parallel) , 0.1372930 secs]2021-09-19T23:06:22.578+0800: 103191.386: [weak refs processing, 0.0000825 secs]2021-09-19T23:06:22.579+0800: 103191.386: [class unloading, 0.0375881 secs]2021-09-19T23:06:22.616+0800: 103191.424: [scrub symbol table, 0.0122340 secs]2021-09-19T23:06:22.628+0800: 103191.436: [scrub string table, 0.0011624 secs][1 CMS-remark: 974904K(1048576K)] 1878685K(2936064K), 0.1885757 secs] [Times: user=2.30 sys=0.02, real=0.19 secs]
2021-09-19T23:06:22.630+0800: 103191.438: [CMS-concurrent-sweep-start]
2021-09-19T23:06:22.812+0800: 103191.619: [CMS-concurrent-sweep: 0.182/0.182 secs] [Times: user=0.75 sys=0.07, real=0.18 secs]
2021-09-19T23:06:22.812+0800: 103191.619: [CMS-concurrent-reset-start]
2021-09-19T23:06:22.814+0800: 103191.622: [CMS-concurrent-reset: 0.002/0.002 secs] [Times: user=0.01 sys=0.00, real=0.00 secs]
2021-09-19T23:06:23.538+0800: 103192.345: [GC (Allocation Failure) 2021-09-19T23:06:23.538+0800: 103192.346: [ParNew: 1680057K->2482K(1887488K), 0.0120183 secs] 2654861K->977327K(2936064K), 0.0125184 secs] [Times: user=0.16 sys=0.00, real=0.01 secs]
2021-09-19T23:06:23.554+0800: 103192.361: [GC (CMS Initial Mark) [1 CMS-initial-mark: 974845K(1048576K)] 977352K(2936064K), 0.0047457 secs] [Times: user=0.02 sys=0.00, real=0.01 secs]
2021-09-19T23:06:23.559+0800: 103192.366: [CMS-concurrent-mark-start]
2021-09-19T23:06:23.978+0800: 103192.785: [CMS-concurrent-mark: 0.419/0.419 secs] [Times: user=3.14 sys=0.30, real=0.42 secs]
2021-09-19T23:06:23.978+0800: 103192.786: [CMS-concurrent-preclean-start]
2021-09-19T23:06:23.984+0800: 103192.792: [CMS-concurrent-preclean: 0.006/0.006 secs] [Times: user=0.03 sys=0.00, real=0.00 secs]
2021-09-19T23:06:23.985+0800: 103192.792: [CMS-concurrent-abortable-preclean-start]
2021-09-19T23:06:25.503+0800: 103194.310: [GC (Allocation Failure) 2021-09-19T23:06:25.503+0800: 103194.311: [ParNew: 1680306K->2584K(1887488K), 0.0048180 secs] 2655151K->977482K(2936064K), 0.0052256 secs] [Times: user=0.05 sys=0.01, real=0.01 secs]
2021-09-19T23:06:26.544+0800: 103195.351: [CMS-concurrent-abortable-preclean: 0.488/2.559 secs] [Times: user=8.81 sys=0.18, real=2.56 secs]
2021-09-19T23:06:26.550+0800: 103195.357: [GC (CMS Final Remark) [YG occupancy: 909686 K (1887488 K)]2021-09-19T23:06:26.550+0800: 103195.357: [Rescan (parallel) , 0.1579416 secs]2021-09-19T23:06:26.708+0800: 103195.515: [weak refs processing, 0.0000473 secs]2021-09-19T23:06:26.708+0800: 103195.515: [class unloading, 0.0451774 secs]2021-09-19T23:06:26.753+0800: 103195.561: [scrub symbol table, 0.0153574 secs]2021-09-19T23:06:26.769+0800: 103195.576: [scrub string table, 0.0014403 secs][1 CMS-remark: 974897K(1048576K)] 1884583K(2936064K), 0.2202147 secs] [Times: user=2.56 sys=0.04, real=0.22 secs]
2021-09-19T23:06:26.770+0800: 103195.578: [CMS-concurrent-sweep-start]
2021-09-19T23:06:26.958+0800: 103195.765: [CMS-concurrent-sweep: 0.187/0.187 secs] [Times: user=0.76 sys=0.05, real=0.19 secs]
2021-09-19T23:06:26.958+0800: 103195.765: [CMS-concurrent-reset-start]
2021-09-19T23:06:26.961+0800: 103195.768: [CMS-concurrent-reset: 0.003/0.003 secs] [Times: user=0.02 sys=0.01, real=0.00 secs]
2021-09-19T23:06:27.743+0800: 103196.551: [GC (Allocation Failure) 2021-09-19T23:06:27.743+0800: 103196.551: [ParNew: 1680408K->3037K(1887488K), 0.0079344 secs] 2655191K->977849K(2936064K), 0.0083573 secs] [Times: user=0.08 sys=0.00, real=0.01 secs]
2021-09-19T23:06:27.754+0800: 103196.562: [GC (CMS Initial Mark) [1 CMS-initial-mark: 974811K(1048576K)] 977865K(2936064K), 0.0022887 secs] [Times: user=0.02 sys=0.00, real=0.01 secs]
2021-09-19T23:06:27.757+0800: 103196.564: [CMS-concurrent-mark-start]
2021-09-19T23:06:28.177+0800: 103196.984: [CMS-concurrent-mark: 0.417/0.420 secs] [Times: user=3.16 sys=0.24, real=0.42 secs]
2021-09-19T23:06:28.177+0800: 103196.985: [CMS-concurrent-preclean-start]
2021-09-19T23:06:28.183+0800: 103196.991: [CMS-concurrent-preclean: 0.006/0.006 secs] [Times: user=0.02 sys=0.00, real=0.00 secs]
2021-09-19T23:06:28.183+0800: 103196.991: [CMS-concurrent-abortable-preclean-start]
2021-09-19T23:06:29.446+0800: 103198.254: [GC (Allocation Failure) 2021-09-19T23:06:29.446+0800: 103198.254: [ParNew: 1680861K->21595K(1887488K), 0.0148515 secs] 2655673K->996450K(2936064K), 0.0153280 secs] [Times: user=0.17 sys=0.01, real=0.01 secs]
2021-09-19T23:06:30.440+0800: 103199.248: [CMS-concurrent-abortable-preclean: 1.219/2.257 secs] [Times: user=10.70 sys=0.24, real=2.26 secs]
2021-09-19T23:06:30.443+0800: 103199.250: [GC (CMS Final Remark) [YG occupancy: 1040525 K (1887488 K)]2021-09-19T23:06:30.443+0800: 103199.251: [Rescan (parallel) , 0.1510823 secs]2021-09-19T23:06:30.594+0800: 103199.402: [weak refs processing, 0.0000456 secs]2021-09-19T23:06:30.594+0800: 103199.402: [class unloading, 0.0367443 secs]2021-09-19T23:06:30.631+0800: 103199.438: [scrub symbol table, 0.0138623 secs]2021-09-19T23:06:30.645+0800: 103199.452: [scrub string table, 0.0010675 secs][1 CMS-remark: 974855K(1048576K)] 2015380K(2936064K), 0.2030177 secs] [Times: user=2.66 sys=0.03, real=0.21 secs]
2021-09-19T23:06:30.646+0800: 103199.454: [CMS-concurrent-sweep-start]
2021-09-19T23:06:30.839+0800: 103199.646: [CMS-concurrent-sweep: 0.192/0.192 secs] [Times: user=0.79 sys=0.10, real=0.19 secs]
2021-09-19T23:06:30.839+0800: 103199.646: [CMS-concurrent-reset-start]
2021-09-19T23:06:30.841+0800: 103199.649: [CMS-concurrent-reset: 0.002/0.002 secs] [Times: user=0.01 sys=0.00, real=0.00 secs]
2021-09-19T23:06:31.552+0800: 103200.360: [GC (Allocation Failure) 2021-09-19T23:06:31.553+0800: 103200.360: [ParNew: 1699419K->29271K(1887488K), 0.0137662 secs] 2674155K->1004049K(2936064K), 0.0141601 secs] [Times: user=0.16 sys=0.01, real=0.02 secs]
2021-09-19T23:06:31.569+0800: 103200.377: [GC (CMS Initial Mark) [1 CMS-initial-mark: 974777K(1048576K)] 1007803K(2936064K), 0.0043830 secs] [Times: user=0.06 sys=0.00, real=0.00 secs]
2021-09-19T23:06:31.574+0800: 103200.382: [CMS-concurrent-mark-start]
2021-09-19T23:06:31.980+0800: 103200.788: [CMS-concurrent-mark: 0.406/0.406 secs] [Times: user=2.99 sys=0.30, real=0.41 secs]
2021-09-19T23:06:31.980+0800: 103200.788: [CMS-concurrent-preclean-start]
2021-09-19T23:06:31.988+0800: 103200.795: [CMS-concurrent-preclean: 0.007/0.007 secs] [Times: user=0.02 sys=0.00, real=0.01 secs]
2021-09-19T23:06:31.988+0800: 103200.795: [CMS-concurrent-abortable-preclean-start]
2021-09-19T23:06:34.369+0800: 103203.177: [GC (Allocation Failure) 2021-09-19T23:06:34.370+0800: 103203.177: [ParNew: 1707095K->18585K(1887488K), 0.0063654 secs] 2681873K->993408K(2936064K), 0.0068964 secs] [Times: user=0.04 sys=0.02, real=0.01 secs]
2021-09-19T23:06:35.834+0800: 103204.641: [CMS-concurrent-abortable-preclean: 2.626/3.846 secs] [Times: user=10.89 sys=0.23, real=3.84 secs]
2021-09-19T23:06:35.840+0800: 103204.647: [GC (CMS Final Remark) [YG occupancy: 886453 K (1887488 K)]2021-09-19T23:06:35.840+0800: 103204.647: [Rescan (parallel) , 0.1325666 secs]2021-09-19T23:06:35.972+0800: 103204.780: [weak refs processing, 0.0000494 secs]2021-09-19T23:06:35.973+0800: 103204.780: [class unloading, 0.0363376 secs]2021-09-19T23:06:36.009+0800: 103204.816: [scrub symbol table, 0.0115431 secs]2021-09-19T23:06:36.020+0800: 103204.828: [scrub string table, 0.0010379 secs][1 CMS-remark: 974822K(1048576K)] 1861275K(2936064K), 0.1817396 secs] [Times: user=2.26 sys=0.04, real=0.18 secs]
2021-09-19T23:06:36.022+0800: 103204.829: [CMS-concurrent-sweep-start]
2021-09-19T23:06:36.196+0800: 103205.003: [CMS-concurrent-sweep: 0.174/0.174 secs] [Times: user=0.58 sys=0.07, real=0.18 secs]
2021-09-19T23:06:36.196+0800: 103205.003: [CMS-concurrent-reset-start]
2021-09-19T23:06:36.198+0800: 103205.006: [CMS-concurrent-reset: 0.002/0.002 secs] [Times: user=0.01 sys=0.00, real=0.00 secs]
2021-09-19T23:06:37.464+0800: 103206.272: [GC (Allocation Failure) 2021-09-19T23:06:37.464+0800: 103206.272: [ParNew: 1696409K->5654K(1887488K), 0.0062144 secs] 2671134K->980425K(2936064K), 0.0066339 secs] [Times: user=0.04 sys=0.04, real=0.01 secs]
2021-09-19T23:06:37.473+0800: 103206.281: [GC (CMS Initial Mark) [1 CMS-initial-mark: 974771K(1048576K)] 993234K(2936064K), 0.0028984 secs] [Times: user=0.01 sys=0.00, real=0.01 secs]
2021-09-19T23:06:37.477+0800: 103206.284: [CMS-concurrent-mark-start]
2021-09-19T23:06:37.906+0800: 103206.714: [CMS-concurrent-mark: 0.428/0.430 secs] [Times: user=2.79 sys=0.29, real=0.43 secs]
2021-09-19T23:06:37.907+0800: 103206.714: [CMS-concurrent-preclean-start]
2021-09-19T23:06:37.914+0800: 103206.721: [CMS-concurrent-preclean: 0.007/0.007 secs] [Times: user=0.02 sys=0.01, real=0.00 secs]
2021-09-19T23:06:37.914+0800: 103206.721: [CMS-concurrent-abortable-preclean-start]
2021-09-19T23:06:40.405+0800: 103209.212: [GC (Allocation Failure) 2021-09-19T23:06:40.405+0800: 103209.212: [ParNew2021-09-19T23:06:40.414+0800: 103209.222: [CMS-concurrent-abortable-preclean: 0.397/2.500 secs] [Times: user=5.84 sys=0.15, real=2.50 secs]
: 1683478K->2779K(1887488K), 0.0150400 secs] 2658249K->977618K(2936064K), 0.0155034 secs] [Times: user=0.10 sys=0.02, real=0.02 secs]
2021-09-19T23:06:40.424+0800: 103209.232: [GC (CMS Final Remark) [YG occupancy: 30882 K (1887488 K)]2021-09-19T23:06:40.424+0800: 103209.232: [Rescan (parallel) , 0.0086710 secs]2021-09-19T23:06:40.433+0800: 103209.240: [weak refs processing, 0.0000338 secs]2021-09-19T23:06:40.433+0800: 103209.240: [class unloading, 0.0382296 secs]2021-09-19T23:06:40.471+0800: 103209.279: [scrub symbol table, 0.0114588 secs]2021-09-19T23:06:40.483+0800: 103209.290: [scrub string table, 0.0009954 secs][1 CMS-remark: 974838K(1048576K)] 1005721K(2936064K), 0.0596231 secs] [Times: user=0.10 sys=0.01, real=0.06 secs]
2021-09-19T23:06:40.484+0800: 103209.292: [CMS-concurrent-sweep-start]
2021-09-19T23:06:40.662+0800: 103209.470: [CMS-concurrent-sweep: 0.178/0.178 secs] [Times: user=0.53 sys=0.07, real=0.18 secs]
2021-09-19T23:06:40.663+0800: 103209.470: [CMS-concurrent-reset-start]
2021-09-19T23:06:40.665+0800: 103209.472: [CMS-concurrent-reset: 0.002/0.002 secs] [Times: user=0.01 sys=0.00, real=0.00 secs]
2021-09-19T23:06:42.673+0800: 103211.480: [GC (CMS Initial Mark) [1 CMS-initial-mark: 974742K(1048576K)] 2222935K(2936064K), 0.1281678 secs] [Times: user=2.01 sys=0.02, real=0.13 secs]
2021-09-19T23:06:42.801+0800: 103211.609: [CMS-concurrent-mark-start]
2021-09-19T23:06:43.226+0800: 103212.034: [CMS-concurrent-mark: 0.425/0.425 secs] [Times: user=2.81 sys=0.30, real=0.43 secs]
2021-09-19T23:06:43.227+0800: 103212.034: [CMS-concurrent-preclean-start]
2021-09-19T23:06:43.240+0800: 103212.048: [CMS-concurrent-preclean: 0.013/0.013 secs] [Times: user=0.04 sys=0.00, real=0.01 secs]
2021-09-19T23:06:43.240+0800: 103212.048: [CMS-concurrent-abortable-preclean-start]
2021-09-19T23:06:43.590+0800: 103212.397: [GC (Allocation Failure) 2021-09-19T23:06:43.590+0800: 103212.397: [ParNew2021-09-19T23:06:43.595+0800: 103212.402: [CMS-concurrent-abortable-preclean: 0.054/0.355 secs] [Times: user=0.84 sys=0.02, real=0.35 secs]
: 1680603K->2311K(1887488K), 0.0055309 secs] 2655346K->977139K(2936064K), 0.0059146 secs] [Times: user=0.06 sys=0.00, real=0.00 secs]
2021-09-19T23:06:43.598+0800: 103212.406: [GC (CMS Final Remark) [YG occupancy: 2323 K (1887488 K)]2021-09-19T23:06:43.598+0800: 103212.406: [Rescan (parallel) , 0.0038722 secs]2021-09-19T23:06:43.602+0800: 103212.410: [weak refs processing, 0.0000356 secs]2021-09-19T23:06:43.602+0800: 103212.410: [class unloading, 0.0360883 secs]2021-09-19T23:06:43.638+0800: 103212.446: [scrub symbol table, 0.0135182 secs]2021-09-19T23:06:43.652+0800: 103212.459: [scrub string table, 0.0010094 secs][1 CMS-remark: 974828K(1048576K)] 977151K(2936064K), 0.0546896 secs] [Times: user=0.07 sys=0.02, real=0.05 secs]
2021-09-19T23:06:43.653+0800: 103212.461: [CMS-concurrent-sweep-start]
2021-09-19T23:06:43.784+0800: 103212.591: [CMS-concurrent-sweep: 0.131/0.131 secs] [Times: user=0.42 sys=0.00, real=0.13 secs]
2021-09-19T23:06:43.784+0800: 103212.592: [CMS-concurrent-reset-start]
2021-09-19T23:06:43.786+0800: 103212.594: [CMS-concurrent-reset: 0.002/0.002 secs] [Times: user=0.01 sys=0.00, real=0.01 secs]
2021-09-19T23:06:45.792+0800: 103214.600: [GC (CMS Initial Mark) [1 CMS-initial-mark: 974724K(1048576K)] 2185535K(2936064K), 0.1378857 secs] [Times: user=2.07 sys=0.02, real=0.14 secs]
2021-09-19T23:06:45.930+0800: 103214.738: [CMS-concurrent-mark-start]
2021-09-19T23:06:46.326+0800: 103215.134: [CMS-concurrent-mark: 0.396/0.396 secs] [Times: user=2.57 sys=0.26, real=0.40 secs]
2021-09-19T23:06:46.327+0800: 103215.134: [CMS-concurrent-preclean-start]
2021-09-19T23:06:46.338+0800: 103215.145: [CMS-concurrent-preclean: 0.011/0.011 secs] [Times: user=0.03 sys=0.00, real=0.01 secs]
2021-09-19T23:06:46.338+0800: 103215.146: [CMS-concurrent-abortable-preclean-start]
2021-09-19T23:06:46.758+0800: 103215.566: [GC (Allocation Failure) 2021-09-19T23:06:46.758+0800: 103215.566: [ParNew: 1680135K->2094K(1887488K), 0.0077287 secs] 2654860K->976867K(2936064K), 0.0081304 secs] [Times: user=0.07 sys=0.00, real=0.01 secs]
2021-09-19T23:06:48.211+0800: 103217.018: [CMS-concurrent-abortable-preclean: 0.300/1.873 secs] [Times: user=4.40 sys=0.10, real=1.87 secs]
2021-09-19T23:06:48.217+0800: 103217.024: [GC (CMS Final Remark) [YG occupancy: 850894 K (1887488 K)]2021-09-19T23:06:48.217+0800: 103217.025: [Rescan (parallel) , 0.1364683 secs]2021-09-19T23:06:48.354+0800: 103217.161: [weak refs processing, 0.0000563 secs]2021-09-19T23:06:48.354+0800: 103217.161: [class unloading, 0.0363898 secs]2021-09-19T23:06:48.390+0800: 103217.198: [scrub symbol table, 0.0116393 secs]2021-09-19T23:06:48.402+0800: 103217.209: [scrub string table, 0.0011009 secs][1 CMS-remark: 974773K(1048576K)] 1825667K(2936064K), 0.1859465 secs] [Times: user=2.29 sys=0.04, real=0.18 secs]
2021-09-19T23:06:48.403+0800: 103217.211: [CMS-concurrent-sweep-start]
2021-09-19T23:06:48.594+0800: 103217.401: [CMS-concurrent-sweep: 0.190/0.190 secs] [Times: user=0.58 sys=0.06, real=0.19 secs]
2021-09-19T23:06:48.594+0800: 103217.401: [CMS-concurrent-reset-start]
2021-09-19T23:06:48.596+0800: 103217.403: [CMS-concurrent-reset: 0.002/0.002 secs] [Times: user=0.01 sys=0.00, real=0.01 secs]
2021-09-19T23:06:49.850+0800: 103218.658: [GC (Allocation Failure) 2021-09-19T23:06:49.851+0800: 103218.658: [ParNew: 1679918K->2312K(1887488K), 0.0065533 secs] 2654672K->977093K(2936064K), 0.0068876 secs] [Times: user=0.05 sys=0.01, real=0.01 secs]
2021-09-19T23:06:49.860+0800: 103218.667: [GC (CMS Initial Mark) [1 CMS-initial-mark: 974780K(1048576K)] 977113K(2936064K), 0.0021522 secs] [Times: user=0.01 sys=0.00, real=0.00 secs]
2021-09-19T23:06:49.863+0800: 103218.670: [CMS-concurrent-mark-start]
2021-09-19T23:06:50.276+0800: 103219.083: [CMS-concurrent-mark: 0.411/0.413 secs] [Times: user=2.72 sys=0.27, real=0.41 secs]
2021-09-19T23:06:50.276+0800: 103219.083: [CMS-concurrent-preclean-start]
2021-09-19T23:06:50.282+0800: 103219.089: [CMS-concurrent-preclean: 0.006/0.006 secs] [Times: user=0.02 sys=0.00, real=0.01 secs]
2021-09-19T23:06:50.282+0800: 103219.090: [CMS-concurrent-abortable-preclean-start]
2021-09-19T23:06:52.724+0800: 103221.531: [GC (Allocation Failure) 2021-09-19T23:06:52.724+0800: 103221.531: [ParNew: 1680136K->2523K(1887488K), 0.0165726 secs] 2654917K->977339K(2936064K), 0.0170210 secs] [Times: user=0.14 sys=0.02, real=0.02 secs]
2021-09-19T23:06:54.241+0800: 103223.048: [CMS-concurrent-abortable-preclean: 0.712/3.958 secs] [Times: user=9.37 sys=0.23, real=3.96 secs]
2021-09-19T23:06:54.247+0800: 103223.054: [GC (CMS Final Remark) [YG occupancy: 891872 K (1887488 K)]2021-09-19T23:06:54.247+0800: 103223.054: [Rescan (parallel) , 0.1545181 secs]2021-09-19T23:06:54.401+0800: 103223.209: [weak refs processing, 0.0000516 secs]2021-09-19T23:06:54.401+0800: 103223.209: [class unloading, 0.0367367 secs]2021-09-19T23:06:54.438+0800: 103223.246: [scrub symbol table, 0.0118055 secs]2021-09-19T23:06:54.450+0800: 103223.258: [scrub string table, 0.0011137 secs][1 CMS-remark: 974815K(1048576K)] 1866688K(2936064K), 0.2045079 secs] [Times: user=2.64 sys=0.04, real=0.20 secs]
2021-09-19T23:06:54.452+0800: 103223.259: [CMS-concurrent-sweep-start]
2021-09-19T23:06:54.615+0800: 103223.423: [CMS-concurrent-sweep: 0.164/0.164 secs] [Times: user=0.50 sys=0.05, real=0.16 secs]
2021-09-19T23:06:54.615+0800: 103223.423: [CMS-concurrent-reset-start]
2021-09-19T23:06:54.618+0800: 103223.425: [CMS-concurrent-reset: 0.002/0.002 secs] [Times: user=0.01 sys=0.00, real=0.01 secs]
2021-09-19T23:06:55.794+0800: 103224.602: [GC (Allocation Failure) 2021-09-19T23:06:55.794+0800: 103224.602: [ParNew: 1680347K->2486K(1887488K), 0.0075209 secs] 2655058K->977252K(2936064K), 0.0078805 secs] [Times: user=0.05 sys=0.04, real=0.01 secs]
2021-09-19T23:06:55.805+0800: 103224.612: [GC (CMS Initial Mark) [1 CMS-initial-mark: 974766K(1048576K)] 977262K(2936064K), 0.0027754 secs] [Times: user=0.02 sys=0.00, real=0.01 secs]
2021-09-19T23:06:55.808+0800: 103224.616: [CMS-concurrent-mark-start]
2021-09-19T23:06:56.234+0800: 103225.041: [CMS-concurrent-mark: 0.426/0.426 secs] [Times: user=2.80 sys=0.29, real=0.42 secs]
2021-09-19T23:06:56.234+0800: 103225.041: [CMS-concurrent-preclean-start]
2021-09-19T23:06:56.243+0800: 103225.050: [CMS-concurrent-preclean: 0.008/0.009 secs] [Times: user=0.03 sys=0.00, real=0.01 secs]
2021-09-19T23:06:56.243+0800: 103225.050: [CMS-concurrent-abortable-preclean-start]
2021-09-19T23:06:58.737+0800: 103227.544: [GC (Allocation Failure) 2021-09-19T23:06:58.737+0800: 103227.544: [ParNew: 1680310K->2915K(1887488K), 0.0076331 secs] 2655076K->977731K(2936064K), 0.0080831 secs] [Times: user=0.05 sys=0.02, real=0.00 secs]
2021-09-19T23:07:00.241+0800: 103229.048: [CMS-concurrent-abortable-preclean: 0.734/3.998 secs] [Times: user=9.36 sys=0.24, real=4.00 secs]
2021-09-19T23:07:00.244+0800: 103229.051: [GC (CMS Final Remark) [YG occupancy: 869635 K (1887488 K)]2021-09-19T23:07:00.244+0800: 103229.051: [Rescan (parallel) , 0.1788687 secs]2021-09-19T23:07:00.423+0800: 103229.230: [weak refs processing, 0.0000533 secs]2021-09-19T23:07:00.423+0800: 103229.230: [class unloading, 0.0367136 secs]2021-09-19T23:07:00.460+0800: 103229.267: [scrub symbol table, 0.0115320 secs]2021-09-19T23:07:00.471+0800: 103229.279: [scrub string table, 0.0010990 secs][1 CMS-remark: 974815K(1048576K)] 1844451K(2936064K), 0.2284986 secs] [Times: user=2.84 sys=0.04, real=0.23 secs]
2021-09-19T23:07:00.473+0800: 103229.280: [CMS-concurrent-sweep-start]
2021-09-19T23:07:00.653+0800: 103229.460: [CMS-concurrent-sweep: 0.180/0.180 secs] [Times: user=0.57 sys=0.05, real=0.18 secs]
2021-09-19T23:07:00.653+0800: 103229.460: [CMS-concurrent-reset-start]
2021-09-19T23:07:00.655+0800: 103229.463: [CMS-concurrent-reset: 0.002/0.002 secs] [Times: user=0.00 sys=0.00, real=0.00 secs]
2021-09-19T23:07:02.105+0800: 103230.913: [GC (Allocation Failure) 2021-09-19T23:07:02.106+0800: 103230.913: [ParNew: 1680739K->2165K(1887488K), 0.0230436 secs] 2655399K->976878K(2936064K), 0.0234226 secs] [Times: user=0.22 sys=0.01, real=0.03 secs]
2021-09-19T23:07:02.132+0800: 103230.939: [GC (CMS Initial Mark) [1 CMS-initial-mark: 974712K(1048576K)] 991850K(2936064K), 0.0031694 secs] [Times: user=0.01 sys=0.00, real=0.00 secs]
2021-09-19T23:07:02.135+0800: 103230.942: [CMS-concurrent-mark-start]
2021-09-19T23:07:02.670+0800: 103231.477: [CMS-concurrent-mark: 0.535/0.535 secs] [Times: user=3.45 sys=0.28, real=0.54 secs]
2021-09-19T23:07:02.670+0800: 103231.478: [CMS-concurrent-preclean-start]
2021-09-19T23:07:02.681+0800: 103231.489: [CMS-concurrent-preclean: 0.011/0.011 secs] [Times: user=0.04 sys=0.00, real=0.01 secs]
2021-09-19T23:07:02.682+0800: 103231.489: [CMS-concurrent-abortable-preclean-start]
2021-09-19T23:07:05.168+0800: 103233.976: [GC (Allocation Failure) 2021-09-19T23:07:05.168+0800: 103233.976: [ParNew: 1679989K->2796K(1887488K), 0.0114476 secs] 2654702K->977553K(2936064K), 0.0118742 secs] [Times: user=0.10 sys=0.01, real=0.01 secs]
2021-09-19T23:07:06.562+0800: 103235.369: [CMS-concurrent-abortable-preclean: 0.756/3.880 secs] [Times: user=9.30 sys=0.26, real=3.88 secs]
2021-09-19T23:07:06.571+0800: 103235.379: [GC (CMS Final Remark) [YG occupancy: 856896 K (1887488 K)]2021-09-19T23:07:06.572+0800: 103235.379: [Rescan (parallel) , 0.1707574 secs]2021-09-19T23:07:06.742+0800: 103235.550: [weak refs processing, 0.0000619 secs]2021-09-19T23:07:06.743+0800: 103235.550: [class unloading, 0.0371241 secs]2021-09-19T23:07:06.780+0800: 103235.587: [scrub symbol table, 0.0120280 secs]2021-09-19T23:07:06.792+0800: 103235.599: [scrub string table, 0.0011095 secs][1 CMS-remark: 974757K(1048576K)] 1831653K(2936064K), 0.2214463 secs] [Times: user=2.61 sys=0.02, real=0.22 secs]
2021-09-19T23:07:06.793+0800: 103235.601: [CMS-concurrent-sweep-start]
2021-09-19T23:07:06.973+0800: 103235.781: [CMS-concurrent-sweep: 0.180/0.180 secs] [Times: user=0.55 sys=0.05, real=0.18 secs]
2021-09-19T23:07:06.973+0800: 103235.781: [CMS-concurrent-reset-start]
2021-09-19T23:07:06.977+0800: 103235.784: [CMS-concurrent-reset: 0.004/0.004 secs] [Times: user=0.01 sys=0.00, real=0.01 secs]
2021-09-19T23:07:08.239+0800: 103237.047: [GC (Allocation Failure) 2021-09-19T23:07:08.240+0800: 103237.047: [ParNew: 1680620K->2840K(1887488K), 0.0157415 secs] 2655082K->977382K(2936064K), 0.0161293 secs] [Times: user=0.15 sys=0.04, real=0.01 secs]
2021-09-19T23:07:08.259+0800: 103237.067: [GC (CMS Initial Mark) [1 CMS-initial-mark: 974541K(1048576K)] 992907K(2936064K), 0.0031931 secs] [Times: user=0.02 sys=0.00, real=0.00 secs]
2021-09-19T23:07:08.263+0800: 103237.070: [CMS-concurrent-mark-start]
2021-09-19T23:07:08.709+0800: 103237.516: [CMS-concurrent-mark: 0.446/0.446 secs] [Times: user=2.86 sys=0.32, real=0.45 secs]
2021-09-19T23:07:08.709+0800: 103237.516: [CMS-concurrent-preclean-start]
2021-09-19T23:07:08.715+0800: 103237.522: [CMS-concurrent-preclean: 0.006/0.006 secs] [Times: user=0.02 sys=0.00, real=0.00 secs]
2021-09-19T23:07:08.715+0800: 103237.522: [CMS-concurrent-abortable-preclean-start]
2021-09-19T23:07:11.183+0800: 103239.990: [GC (Allocation Failure) 2021-09-19T23:07:11.183+0800: 103239.990: [ParNew: 1680664K->2884K(1887488K), 0.0063781 secs] 2655206K->977480K(2936064K), 0.0067721 secs] [Times: user=0.05 sys=0.02, real=0.01 secs]
2021-09-19T23:07:12.655+0800: 103241.463: [CMS-concurrent-abortable-preclean: 0.722/3.940 secs] [Times: user=9.14 sys=0.20, real=3.94 secs]
2021-09-19T23:07:12.664+0800: 103241.472: [GC (CMS Final Remark) [YG occupancy: 882349 K (1887488 K)]2021-09-19T23:07:12.664+0800: 103241.472: [Rescan (parallel) , 0.1460901 secs]2021-09-19T23:07:12.810+0800: 103241.618: [weak refs processing, 0.0000658 secs]2021-09-19T23:07:12.810+0800: 103241.618: [class unloading, 0.0376457 secs]2021-09-19T23:07:12.848+0800: 103241.656: [scrub symbol table, 0.0125154 secs]2021-09-19T23:07:12.861+0800: 103241.668: [scrub string table, 0.0011262 secs][1 CMS-remark: 974595K(1048576K)] 1856945K(2936064K), 0.1977417 secs] [Times: user=2.45 sys=0.03, real=0.20 secs]
2021-09-19T23:07:12.862+0800: 103241.670: [CMS-concurrent-sweep-start]
2021-09-19T23:07:13.031+0800: 103241.838: [CMS-concurrent-sweep: 0.169/0.169 secs] [Times: user=0.49 sys=0.05, real=0.17 secs]
2021-09-19T23:07:13.031+0800: 103241.839: [CMS-concurrent-reset-start]
2021-09-19T23:07:13.033+0800: 103241.841: [CMS-concurrent-reset: 0.002/0.002 secs] [Times: user=0.01 sys=0.00, real=0.00 secs]
2021-09-19T23:07:14.287+0800: 103243.094: [GC (Allocation Failure) 2021-09-19T23:07:14.287+0800: 103243.094: [ParNew: 1680708K->2997K(1887488K), 0.0119272 secs] 2655175K->977490K(2936064K), 0.0122931 secs] [Times: user=0.11 sys=0.02, real=0.01 secs]
2021-09-19T23:07:14.302+0800: 103243.109: [GC (CMS Initial Mark) [1 CMS-initial-mark: 974493K(1048576K)] 992991K(2936064K), 0.0018986 secs] [Times: user=0.01 sys=0.00, real=0.00 secs]
2021-09-19T23:07:14.304+0800: 103243.112: [CMS-concurrent-mark-start]
2021-09-19T23:07:14.697+0800: 103243.505: [CMS-concurrent-mark: 0.393/0.393 secs] [Times: user=2.58 sys=0.25, real=0.40 secs]
2021-09-19T23:07:14.697+0800: 103243.505: [CMS-concurrent-preclean-start]
2021-09-19T23:07:14.702+0800: 103243.510: [CMS-concurrent-preclean: 0.005/0.005 secs] [Times: user=0.01 sys=0.00, real=0.00 secs]
2021-09-19T23:07:14.703+0800: 103243.510: [CMS-concurrent-abortable-preclean-start]
2021-09-19T23:07:17.182+0800: 103245.989: [GC (Allocation Failure) 2021-09-19T23:07:17.182+0800: 103245.990: [ParNew: 1680821K->2762K(1887488K), 0.0060108 secs] 2655314K->977308K(2936064K), 0.0065206 secs] [Times: user=0.04 sys=0.02, real=0.01 secs]
2021-09-19T23:07:18.701+0800: 103247.508: [CMS-concurrent-abortable-preclean: 0.827/3.998 secs] [Times: user=9.60 sys=0.25, real=4.00 secs]
2021-09-19T23:07:18.711+0800: 103247.519: [GC (CMS Final Remark) [YG occupancy: 907600 K (1887488 K)]2021-09-19T23:07:18.711+0800: 103247.519: [Rescan (parallel) , 0.1607805 secs]2021-09-19T23:07:18.872+0800: 103247.680: [weak refs processing, 0.0000479 secs]2021-09-19T23:07:18.872+0800: 103247.680: [class unloading, 0.0362069 secs]2021-09-19T23:07:18.908+0800: 103247.716: [scrub symbol table, 0.0117512 secs]2021-09-19T23:07:18.920+0800: 103247.728: [scrub string table, 0.0010397 secs][1 CMS-remark: 974546K(1048576K)] 1882147K(2936064K), 0.2100819 secs] [Times: user=2.64 sys=0.02, real=0.21 secs]
2021-09-19T23:07:18.922+0800: 103247.729: [CMS-concurrent-sweep-start]
2021-09-19T23:07:19.095+0800: 103247.902: [CMS-concurrent-sweep: 0.173/0.173 secs] [Times: user=0.51 sys=0.05, real=0.17 secs]
2021-09-19T23:07:19.095+0800: 103247.902: [CMS-concurrent-reset-start]
2021-09-19T23:07:19.099+0800: 103247.906: [CMS-concurrent-reset: 0.004/0.004 secs] [Times: user=0.01 sys=0.00, real=0.01 secs]
2021-09-19T23:07:20.283+0800: 103249.091: [GC (Allocation Failure) 2021-09-19T23:07:20.283+0800: 103249.091: [ParNew: 1680586K->2625K(1887488K), 0.0135980 secs] 2655027K->977104K(2936064K), 0.0140010 secs] [Times: user=0.15 sys=0.01, real=0.02 secs]
2021-09-19T23:07:20.300+0800: 103249.107: [GC (CMS Initial Mark) [1 CMS-initial-mark: 974479K(1048576K)] 977212K(2936064K), 0.0022159 secs] [Times: user=0.02 sys=0.00, real=0.00 secs]
2021-09-19T23:07:20.302+0800: 103249.110: [CMS-concurrent-mark-start]
2021-09-19T23:07:20.727+0800: 103249.534: [CMS-concurrent-mark: 0.424/0.424 secs] [Times: user=2.75 sys=0.25, real=0.43 secs]
2021-09-19T23:07:20.727+0800: 103249.534: [CMS-concurrent-preclean-start]
2021-09-19T23:07:20.732+0800: 103249.540: [CMS-concurrent-preclean: 0.006/0.006 secs] [Times: user=0.02 sys=0.00, real=0.00 secs]
2021-09-19T23:07:20.732+0800: 103249.540: [CMS-concurrent-abortable-preclean-start]
2021-09-19T23:07:23.170+0800: 103251.978: [GC (Allocation Failure) 2021-09-19T23:07:23.170+0800: 103251.978: [ParNew: 1680449K->2911K(1887488K), 0.0096095 secs] 2654928K->977452K(2936064K), 0.0101048 secs] [Times: user=0.07 sys=0.02, real=0.01 secs]
2021-09-19T23:07:24.794+0800: 103253.601: [CMS-concurrent-abortable-preclean: 0.830/4.061 secs] [Times: user=9.66 sys=0.24, real=4.06 secs]
2021-09-19T23:07:24.799+0800: 103253.607: [GC (CMS Final Remark) [YG occupancy: 920003 K (1887488 K)]2021-09-19T23:07:24.800+0800: 103253.607: [Rescan (parallel) , 0.1511243 secs]2021-09-19T23:07:24.951+0800: 103253.758: [weak refs processing, 0.0001197 secs]2021-09-19T23:07:24.951+0800: 103253.758: [class unloading, 0.0394664 secs]2021-09-19T23:07:24.990+0800: 103253.798: [scrub symbol table, 0.0124932 secs]2021-09-19T23:07:25.003+0800: 103253.810: [scrub string table, 0.0011056 secs][1 CMS-remark: 974541K(1048576K)] 1894544K(2936064K), 0.2046014 secs] [Times: user=2.56 sys=0.03, real=0.20 secs]
2021-09-19T23:07:25.004+0800: 103253.812: [CMS-concurrent-sweep-start]
2021-09-19T23:07:25.181+0800: 103253.988: [CMS-concurrent-sweep: 0.177/0.177 secs] [Times: user=0.53 sys=0.05, real=0.18 secs]
2021-09-19T23:07:25.181+0800: 103253.989: [CMS-concurrent-reset-start]
2021-09-19T23:07:25.183+0800: 103253.991: [CMS-concurrent-reset: 0.002/0.002 secs] [Times: user=0.01 sys=0.00, real=0.00 secs]
2021-09-19T23:07:26.202+0800: 103255.010: [GC (Allocation Failure) 2021-09-19T23:07:26.203+0800: 103255.010: [ParNew: 1680735K->3169K(1887488K), 0.0059825 secs] 2655171K->977669K(2936064K), 0.0063878 secs] [Times: user=0.06 sys=0.01, real=0.01 secs]
2021-09-19T23:07:26.212+0800: 103255.019: [GC (CMS Initial Mark) [1 CMS-initial-mark: 974499K(1048576K)] 978282K(2936064K), 0.0026902 secs] [Times: user=0.01 sys=0.00, real=0.00 secs]
2021-09-19T23:07:26.215+0800: 103255.022: [CMS-concurrent-mark-start]
2021-09-19T23:07:26.742+0800: 103255.550: [CMS-concurrent-mark: 0.527/0.527 secs] [Times: user=3.95 sys=0.28, real=0.53 secs]
2021-09-19T23:07:26.742+0800: 103255.550: [CMS-concurrent-preclean-start]
2021-09-19T23:07:26.748+0800: 103255.555: [CMS-concurrent-preclean: 0.005/0.006 secs] [Times: user=0.02 sys=0.00, real=0.01 secs]
2021-09-19T23:07:26.748+0800: 103255.556: [CMS-concurrent-abortable-preclean-start]
2021-09-19T23:07:28.489+0800: 103257.296: [GC (Allocation Failure) 2021-09-19T23:07:28.489+0800: 103257.297: [ParNew: 1680993K->10736K(1887488K), 0.0087307 secs] 2655493K->985287K(2936064K), 0.0092017 secs] [Times: user=0.09 sys=0.01, real=0.01 secs]
2021-09-19T23:07:29.902+0800: 103258.710: [CMS-concurrent-abortable-preclean: 1.778/3.154 secs] [Times: user=10.77 sys=0.33, real=3.15 secs]
2021-09-19T23:07:29.908+0800: 103258.716: [GC (CMS Final Remark) [YG occupancy: 854656 K (1887488 K)]2021-09-19T23:07:29.909+0800: 103258.716: [Rescan (parallel) , 0.1441786 secs]2021-09-19T23:07:30.053+0800: 103258.860: [weak refs processing, 0.0000560 secs]2021-09-19T23:07:30.053+0800: 103258.860: [class unloading, 0.0372752 secs]2021-09-19T23:07:30.090+0800: 103258.898: [scrub symbol table, 0.0117158 secs]2021-09-19T23:07:30.102+0800: 103258.909: [scrub string table, 0.0011081 secs][1 CMS-remark: 974551K(1048576K)] 1829207K(2936064K), 0.1945815 secs] [Times: user=2.21 sys=0.02, real=0.19 secs]
2021-09-19T23:07:30.103+0800: 103258.911: [CMS-concurrent-sweep-start]
2021-09-19T23:07:30.279+0800: 103259.087: [CMS-concurrent-sweep: 0.176/0.176 secs] [Times: user=0.71 sys=0.08, real=0.18 secs]
2021-09-19T23:07:30.279+0800: 103259.087: [CMS-concurrent-reset-start]
2021-09-19T23:07:30.282+0800: 103259.089: [CMS-concurrent-reset: 0.002/0.002 secs] [Times: user=0.01 sys=0.00, real=0.00 secs]
2021-09-19T23:07:31.754+0800: 103260.561: [GC (Allocation Failure) 2021-09-19T23:07:31.754+0800: 103260.562: [ParNew: 1688560K->14021K(1887488K), 0.0094229 secs] 2663038K->988541K(2936064K), 0.0101867 secs] [Times: user=0.07 sys=0.02, real=0.01 secs]
2021-09-19T23:07:31.767+0800: 103260.575: [GC (CMS Initial Mark) [1 CMS-initial-mark: 974519K(1048576K)] 992448K(2936064K), 0.0032441 secs] [Times: user=0.03 sys=0.00, real=0.00 secs]
2021-09-19T23:07:31.771+0800: 103260.579: [CMS-concurrent-mark-start]
2021-09-19T23:07:32.186+0800: 103260.993: [CMS-concurrent-mark: 0.415/0.415 secs] [Times: user=2.64 sys=0.27, real=0.42 secs]
2021-09-19T23:07:32.186+0800: 103260.994: [CMS-concurrent-preclean-start]
2021-09-19T23:07:32.193+0800: 103261.000: [CMS-concurrent-preclean: 0.006/0.006 secs] [Times: user=0.02 sys=0.00, real=0.00 secs]
2021-09-19T23:07:32.193+0800: 103261.000: [CMS-concurrent-abortable-preclean-start]
2021-09-19T23:07:34.599+0800: 103263.406: [GC (Allocation Failure) 2021-09-19T23:07:34.599+0800: 103263.406: [ParNew: 1691780K->9787K(1887488K), 0.0135690 secs] 2666300K->984395K(2936064K), 0.0139344 secs] [Times: user=0.10 sys=0.03, real=0.01 secs]
2021-09-19T23:07:36.109+0800: 103264.916: [CMS-concurrent-abortable-preclean: 2.691/3.916 secs] [Times: user=11.27 sys=0.19, real=3.92 secs]
2021-09-19T23:07:36.112+0800: 103264.919: [GC (CMS Final Remark) [YG occupancy: 878778 K (1887488 K)]2021-09-19T23:07:36.112+0800: 103264.919: [Rescan (parallel) , 0.1409369 secs]2021-09-19T23:07:36.253+0800: 103265.060: [weak refs processing, 0.0000478 secs]2021-09-19T23:07:36.253+0800: 103265.060: [class unloading, 0.0361019 secs]2021-09-19T23:07:36.289+0800: 103265.096: [scrub symbol table, 0.0145471 secs]2021-09-19T23:07:36.303+0800: 103265.111: [scrub string table, 0.0011708 secs][1 CMS-remark: 974607K(1048576K)] 1853386K(2936064K), 0.1930517 secs] [Times: user=2.42 sys=0.03, real=0.19 secs]
2021-09-19T23:07:36.305+0800: 103265.112: [CMS-concurrent-sweep-start]
2021-09-19T23:07:36.481+0800: 103265.289: [CMS-concurrent-sweep: 0.176/0.176 secs] [Times: user=0.53 sys=0.06, real=0.18 secs]
2021-09-19T23:07:36.482+0800: 103265.289: [CMS-concurrent-reset-start]
2021-09-19T23:07:36.485+0800: 103265.293: [CMS-concurrent-reset: 0.004/0.004 secs] [Times: user=0.01 sys=0.00, real=0.00 secs]
2021-09-19T23:07:37.761+0800: 103266.569: [GC (Allocation Failure) 2021-09-19T23:07:37.762+0800: 103266.569: [ParNew: 1687611K->3597K(1887488K), 0.0131882 secs] 2662091K->978122K(2936064K), 0.0136964 secs] [Times: user=0.16 sys=0.04, real=0.01 secs]
2021-09-19T23:07:37.778+0800: 103266.585: [GC (CMS Initial Mark) [1 CMS-initial-mark: 974525K(1048576K)] 978238K(2936064K), 0.0049337 secs] [Times: user=0.02 sys=0.00, real=0.00 secs]
2021-09-19T23:07:37.783+0800: 103266.590: [CMS-concurrent-mark-start]
2021-09-19T23:07:38.193+0800: 103267.000: [CMS-concurrent-mark: 0.408/0.410 secs] [Times: user=2.64 sys=0.30, real=0.41 secs]
2021-09-19T23:07:38.193+0800: 103267.001: [CMS-concurrent-preclean-start]
2021-09-19T23:07:38.202+0800: 103267.009: [CMS-concurrent-preclean: 0.008/0.008 secs] [Times: user=0.03 sys=0.00, real=0.01 secs]
2021-09-19T23:07:38.202+0800: 103267.009: [CMS-concurrent-abortable-preclean-start]
2021-09-19T23:07:40.135+0800: 103268.942: [GC (Allocation Failure) 2021-09-19T23:07:40.135+0800: 103268.942: [ParNew: 1681421K->2705K(1887488K), 0.0081324 secs] 2655946K->977328K(2936064K), 0.0085652 secs] [Times: user=0.05 sys=0.03, real=0.01 secs]
2021-09-19T23:07:41.139+0800: 103269.947: [CMS-concurrent-abortable-preclean: 0.567/2.937 secs] [Times: user=9.26 sys=0.20, real=2.94 secs]
2021-09-19T23:07:41.149+0800: 103269.956: [GC (CMS Final Remark) [YG occupancy: 883843 K (1887488 K)]2021-09-19T23:07:41.149+0800: 103269.956: [Rescan (parallel) , 0.1530619 secs]2021-09-19T23:07:41.302+0800: 103270.109: [weak refs processing, 0.0002185 secs]2021-09-19T23:07:41.302+0800: 103270.110: [class unloading, 0.0556674 secs]2021-09-19T23:07:41.358+0800: 103270.165: [scrub symbol table, 0.0159778 secs]2021-09-19T23:07:41.374+0800: 103270.181: [scrub string table, 0.0015451 secs][1 CMS-remark: 974623K(1048576K)] 1858466K(2936064K), 0.2268252 secs] [Times: user=2.53 sys=0.03, real=0.22 secs]
2021-09-19T23:07:41.376+0800: 103270.183: [CMS-concurrent-sweep-start]
2021-09-19T23:07:41.555+0800: 103270.363: [CMS-concurrent-sweep: 0.179/0.179 secs] [Times: user=0.71 sys=0.07, real=0.17 secs]
2021-09-19T23:07:41.556+0800: 103270.363: [CMS-concurrent-reset-start]
2021-09-19T23:07:41.558+0800: 103270.365: [CMS-concurrent-reset: 0.002/0.002 secs] [Times: user=0.01 sys=0.00, real=0.01 secs]
2021-09-19T23:07:42.345+0800: 103271.153: [GC (Allocation Failure) 2021-09-19T23:07:42.345+0800: 103271.153: [ParNew: 1680529K->3012K(1887488K), 0.0104482 secs] 2655046K->977739K(2936064K), 0.0108180 secs] [Times: user=0.09 sys=0.01, real=0.02 secs]
2021-09-19T23:07:42.359+0800: 103271.166: [GC (CMS Initial Mark) [1 CMS-initial-mark: 974727K(1048576K)] 977829K(2936064K), 0.0035810 secs] [Times: user=0.02 sys=0.00, real=0.00 secs]
2021-09-19T23:07:42.363+0800: 103271.170: [CMS-concurrent-mark-start]
2021-09-19T23:07:42.773+0800: 103271.581: [CMS-concurrent-mark: 0.411/0.411 secs] [Times: user=3.09 sys=0.29, real=0.41 secs]
2021-09-19T23:07:42.773+0800: 103271.581: [CMS-concurrent-preclean-start]
2021-09-19T23:07:42.780+0800: 103271.587: [CMS-concurrent-preclean: 0.006/0.006 secs] [Times: user=0.03 sys=0.00, real=0.01 secs]
2021-09-19T23:07:42.780+0800: 103271.587: [CMS-concurrent-abortable-preclean-start]
2021-09-19T23:07:44.384+0800: 103273.191: [GC (Allocation Failure) 2021-09-19T23:07:44.384+0800: 103273.191: [ParNew: 1680836K->2701K(1887488K), 0.0057712 secs] 2655563K->977524K(2936064K), 0.0061452 secs] [Times: user=0.04 sys=0.02, real=0.01 secs]
2021-09-19T23:07:45.484+0800: 103274.291: [CMS-concurrent-abortable-preclean: 0.482/2.704 secs] [Times: user=9.03 sys=0.15, real=2.70 secs]
2021-09-19T23:07:45.490+0800: 103274.297: [GC (CMS Final Remark) [YG occupancy: 921727 K (1887488 K)]2021-09-19T23:07:45.490+0800: 103274.297: [Rescan (parallel) , 0.1545591 secs]2021-09-19T23:07:45.644+0800: 103274.452: [weak refs processing, 0.0000553 secs]2021-09-19T23:07:45.644+0800: 103274.452: [class unloading, 0.0410676 secs]2021-09-19T23:07:45.686+0800: 103274.493: [scrub symbol table, 0.0156597 secs]2021-09-19T23:07:45.701+0800: 103274.509: [scrub string table, 0.0012997 secs][1 CMS-remark: 974823K(1048576K)] 1896550K(2936064K), 0.2128941 secs] [Times: user=2.53 sys=0.03, real=0.21 secs]
2021-09-19T23:07:45.703+0800: 103274.511: [CMS-concurrent-sweep-start]
2021-09-19T23:07:45.859+0800: 103274.667: [CMS-concurrent-sweep: 0.156/0.156 secs] [Times: user=0.64 sys=0.04, real=0.16 secs]
2021-09-19T23:07:45.860+0800: 103274.667: [CMS-concurrent-reset-start]
2021-09-19T23:07:45.862+0800: 103274.669: [CMS-concurrent-reset: 0.002/0.002 secs] [Times: user=0.01 sys=0.00, real=0.00 secs]
2021-09-19T23:07:46.606+0800: 103275.414: [GC (Allocation Failure) 2021-09-19T23:07:46.606+0800: 103275.414: [ParNew: 1680525K->2502K(1887488K), 0.0106654 secs] 2655276K->977317K(2936064K), 0.0110533 secs] [Times: user=0.11 sys=0.01, real=0.01 secs]
2021-09-19T23:07:46.620+0800: 103275.428: [GC (CMS Initial Mark) [1 CMS-initial-mark: 974814K(1048576K)] 977444K(2936064K), 0.0022318 secs] [Times: user=0.01 sys=0.00, real=0.00 secs]
2021-09-19T23:07:46.623+0800: 103275.430: [CMS-concurrent-mark-start]
2021-09-19T23:07:47.034+0800: 103275.841: [CMS-concurrent-mark: 0.411/0.411 secs] [Times: user=3.06 sys=0.33, real=0.41 secs]
2021-09-19T23:07:47.034+0800: 103275.842: [CMS-concurrent-preclean-start]
2021-09-19T23:07:47.040+0800: 103275.848: [CMS-concurrent-preclean: 0.006/0.006 secs] [Times: user=0.03 sys=0.00, real=0.01 secs]
2021-09-19T23:07:47.041+0800: 103275.848: [CMS-concurrent-abortable-preclean-start]
2021-09-19T23:07:48.595+0800: 103277.403: [GC (Allocation Failure) 2021-09-19T23:07:48.595+0800: 103277.403: [ParNew: 1680326K->2787K(1887488K), 0.0058590 secs] 2655141K->977660K(2936064K), 0.0061901 secs] [Times: user=0.04 sys=0.02, real=0.01 secs]
2021-09-19T23:07:49.586+0800: 103278.393: [CMS-concurrent-abortable-preclean: 0.429/2.545 secs] [Times: user=8.44 sys=0.14, real=2.55 secs]
2021-09-19T23:07:49.594+0800: 103278.402: [GC (CMS Final Remark) [YG occupancy: 843543 K (1887488 K)]2021-09-19T23:07:49.594+0800: 103278.402: [Rescan (parallel) , 0.1353834 secs]2021-09-19T23:07:49.730+0800: 103278.537: [weak refs processing, 0.0000523 secs]2021-09-19T23:07:49.730+0800: 103278.537: [class unloading, 0.0369442 secs]2021-09-19T23:07:49.767+0800: 103278.574: [scrub symbol table, 0.0116005 secs]2021-09-19T23:07:49.778+0800: 103278.586: [scrub string table, 0.0011165 secs][1 CMS-remark: 974872K(1048576K)] 1818416K(2936064K), 0.1853495 secs] [Times: user=2.30 sys=0.03, real=0.19 secs]
2021-09-19T23:07:49.780+0800: 103278.587: [CMS-concurrent-sweep-start]
2021-09-19T23:07:49.937+0800: 103278.745: [CMS-concurrent-sweep: 0.157/0.157 secs] [Times: user=0.68 sys=0.04, real=0.16 secs]
2021-09-19T23:07:49.937+0800: 103278.745: [CMS-concurrent-reset-start]
2021-09-19T23:07:49.940+0800: 103278.747: [CMS-concurrent-reset: 0.002/0.002 secs] [Times: user=0.01 sys=0.01, real=0.00 secs]
2021-09-19T23:07:50.586+0800: 103279.394: [GC (Allocation Failure) 2021-09-19T23:07:50.587+0800: 103279.394: [ParNew: 1680611K->3202K(1887488K), 0.0068646 secs] 2655408K->978037K(2936064K), 0.0071684 secs] [Times: user=0.05 sys=0.04, real=0.00 secs]
2021-09-19T23:07:50.596+0800: 103279.404: [GC (CMS Initial Mark) [1 CMS-initial-mark: 974834K(1048576K)] 979375K(2936064K), 0.0032357 secs] [Times: user=0.02 sys=0.00, real=0.00 secs]
2021-09-19T23:07:50.600+0800: 103279.407: [CMS-concurrent-mark-start]
2021-09-19T23:07:51.044+0800: 103279.852: [CMS-concurrent-mark: 0.445/0.445 secs] [Times: user=3.73 sys=0.35, real=0.44 secs]
2021-09-19T23:07:51.044+0800: 103279.852: [CMS-concurrent-preclean-start]
2021-09-19T23:07:51.051+0800: 103279.859: [CMS-concurrent-preclean: 0.007/0.007 secs] [Times: user=0.04 sys=0.00, real=0.01 secs]
2021-09-19T23:07:51.051+0800: 103279.859: [CMS-concurrent-abortable-preclean-start]
2021-09-19T23:07:52.148+0800: 103280.955: [GC (Allocation Failure) 2021-09-19T23:07:52.148+0800: 103280.956: [ParNew: 1681026K->3212K(1887488K), 0.0062609 secs] 2655861K->978111K(2936064K), 0.0066859 secs] [Times: user=0.07 sys=0.00, real=0.00 secs]
2021-09-19T23:07:52.982+0800: 103281.790: [CMS-concurrent-abortable-preclean: 0.429/1.931 secs] [Times: user=8.53 sys=0.14, real=1.93 secs]
2021-09-19T23:07:52.988+0800: 103281.795: [GC (CMS Final Remark) [YG occupancy: 939464 K (1887488 K)]2021-09-19T23:07:52.988+0800: 103281.795: [Rescan (parallel) , 0.1477414 secs]2021-09-19T23:07:53.136+0800: 103281.943: [weak refs processing, 0.0000449 secs]2021-09-19T23:07:53.136+0800: 103281.943: [class unloading, 0.0401151 secs]2021-09-19T23:07:53.176+0800: 103281.983: [scrub symbol table, 0.0130293 secs]2021-09-19T23:07:53.189+0800: 103281.996: [scrub string table, 0.0010637 secs][1 CMS-remark: 974899K(1048576K)] 1914364K(2936064K), 0.2022076 secs] [Times: user=2.53 sys=0.04, real=0.20 secs]
2021-09-19T23:07:53.190+0800: 103281.998: [CMS-concurrent-sweep-start]
2021-09-19T23:07:53.364+0800: 103282.171: [CMS-concurrent-sweep: 0.173/0.173 secs] [Times: user=0.89 sys=0.06, real=0.17 secs]
2021-09-19T23:07:53.364+0800: 103282.171: [CMS-concurrent-reset-start]
2021-09-19T23:07:53.366+0800: 103282.174: [CMS-concurrent-reset: 0.002/0.002 secs] [Times: user=0.02 sys=0.00, real=0.01 secs]
2021-09-19T23:07:53.861+0800: 103282.668: [GC (Allocation Failure) 2021-09-19T23:07:53.861+0800: 103282.669: [ParNew: 1681036K->3013K(1887488K), 0.0050028 secs] 2655867K->977895K(2936064K), 0.0055001 secs] [Times: user=0.05 sys=0.02, real=0.01 secs]
2021-09-19T23:07:53.871+0800: 103282.678: [GC (CMS Initial Mark) [1 CMS-initial-mark: 974882K(1048576K)] 982988K(2936064K), 0.0033928 secs] [Times: user=0.02 sys=0.00, real=0.00 secs]
2021-09-19T23:07:53.874+0800: 103282.682: [CMS-concurrent-mark-start]
2021-09-19T23:07:54.318+0800: 103283.125: [CMS-concurrent-mark: 0.443/0.443 secs] [Times: user=3.84 sys=0.22, real=0.45 secs]
2021-09-19T23:07:54.318+0800: 103283.125: [CMS-concurrent-preclean-start]
2021-09-19T23:07:54.325+0800: 103283.132: [CMS-concurrent-preclean: 0.007/0.007 secs] [Times: user=0.04 sys=0.00, real=0.00 secs]
2021-09-19T23:07:54.325+0800: 103283.132: [CMS-concurrent-abortable-preclean-start]
2021-09-19T23:07:55.410+0800: 103284.217: [GC (Allocation Failure) 2021-09-19T23:07:55.410+0800: 103284.218: [ParNew: 1680837K->2981K(1887488K), 0.0066545 secs] 2655719K->977923K(2936064K), 0.0070931 secs] [Times: user=0.05 sys=0.03, real=0.01 secs]
2021-09-19T23:07:56.151+0800: 103284.959: [CMS-concurrent-abortable-preclean: 0.314/1.826 secs] [Times: user=7.81 sys=0.13, real=1.83 secs]
2021-09-19T23:07:56.154+0800: 103284.961: [GC (CMS Final Remark) [YG occupancy: 847413 K (1887488 K)]2021-09-19T23:07:56.154+0800: 103284.962: [Rescan (parallel) , 0.1305837 secs]2021-09-19T23:07:56.285+0800: 103285.092: [weak refs processing, 0.0000462 secs]2021-09-19T23:07:56.285+0800: 103285.092: [class unloading, 0.0364769 secs]2021-09-19T23:07:56.321+0800: 103285.129: [scrub symbol table, 0.0117932 secs]2021-09-19T23:07:56.333+0800: 103285.141: [scrub string table, 0.0010199 secs][1 CMS-remark: 974941K(1048576K)] 1822355K(2936064K), 0.1801401 secs] [Times: user=2.19 sys=0.03, real=0.18 secs]
2021-09-19T23:07:56.335+0800: 103285.142: [CMS-concurrent-sweep-start]
2021-09-19T23:07:56.503+0800: 103285.311: [CMS-concurrent-sweep: 0.169/0.169 secs] [Times: user=0.89 sys=0.05, real=0.17 secs]
2021-09-19T23:07:56.503+0800: 103285.311: [CMS-concurrent-reset-start]
2021-09-19T23:07:56.506+0800: 103285.313: [CMS-concurrent-reset: 0.002/0.002 secs] [Times: user=0.01 sys=0.00, real=0.01 secs]
2021-09-19T23:07:57.096+0800: 103285.903: [GC (Allocation Failure) 2021-09-19T23:07:57.096+0800: 103285.903: [ParNew: 1680805K->3057K(1887488K), 0.0078671 secs] 2655675K->977983K(2936064K), 0.0082014 secs] [Times: user=0.05 sys=0.02, real=0.00 secs]
2021-09-19T23:07:57.107+0800: 103285.914: [GC (CMS Initial Mark) [1 CMS-initial-mark: 974926K(1048576K)] 977996K(2936064K), 0.0043722 secs] [Times: user=0.02 sys=0.00, real=0.00 secs]
2021-09-19T23:07:57.111+0800: 103285.919: [CMS-concurrent-mark-start]
2021-09-19T23:07:57.519+0800: 103286.327: [CMS-concurrent-mark: 0.405/0.408 secs] [Times: user=3.52 sys=0.23, real=0.41 secs]
2021-09-19T23:07:57.519+0800: 103286.327: [CMS-concurrent-preclean-start]
2021-09-19T23:07:57.529+0800: 103286.336: [CMS-concurrent-preclean: 0.009/0.009 secs] [Times: user=0.04 sys=0.00, real=0.01 secs]
2021-09-19T23:07:57.529+0800: 103286.336: [CMS-concurrent-abortable-preclean-start]
2021-09-19T23:07:58.648+0800: 103287.455: [GC (Allocation Failure) 2021-09-19T23:07:58.648+0800: 103287.455: [ParNew: 1680878K->2987K(1887488K), 0.0119342 secs] 2655805K->977945K(2936064K), 0.0122784 secs] [Times: user=0.13 sys=0.03, real=0.01 secs]
2021-09-19T23:07:59.530+0800: 103288.337: [CMS-concurrent-abortable-preclean: 0.382/2.001 secs] [Times: user=8.71 sys=0.11, real=2.00 secs]
2021-09-19T23:07:59.536+0800: 103288.344: [GC (CMS Final Remark) [YG occupancy: 963023 K (1887488 K)]2021-09-19T23:07:59.536+0800: 103288.344: [Rescan (parallel) , 0.1532629 secs]2021-09-19T23:07:59.689+0800: 103288.497: [weak refs processing, 0.0000491 secs]2021-09-19T23:07:59.690+0800: 103288.497: [class unloading, 0.0363519 secs]2021-09-19T23:07:59.726+0800: 103288.533: [scrub symbol table, 0.0115361 secs]2021-09-19T23:07:59.737+0800: 103288.545: [scrub string table, 0.0011102 secs][1 CMS-remark: 974957K(1048576K)] 1937980K(2936064K), 0.2025262 secs] [Times: user=2.57 sys=0.02, real=0.20 secs]
2021-09-19T23:07:59.739+0800: 103288.546: [CMS-concurrent-sweep-start]
2021-09-19T23:07:59.916+0800: 103288.723: [CMS-concurrent-sweep: 0.177/0.177 secs] [Times: user=0.91 sys=0.07, real=0.18 secs]
2021-09-19T23:07:59.916+0800: 103288.723: [CMS-concurrent-reset-start]
2021-09-19T23:07:59.918+0800: 103288.726: [CMS-concurrent-reset: 0.002/0.002 secs] [Times: user=0.02 sys=0.00, real=0.00 secs]
2021-09-19T23:08:00.377+0800: 103289.185: [GC (Allocation Failure) 2021-09-19T23:08:00.377+0800: 103289.185: [ParNew: 1680742K->3119K(1887488K), 0.0089965 secs] 2655647K->978059K(2936064K), 0.0094254 secs] [Times: user=0.10 sys=0.01, real=0.01 secs]
2021-09-19T23:08:00.389+0800: 103289.197: [GC (CMS Initial Mark) [1 CMS-initial-mark: 974940K(1048576K)] 978226K(2936064K), 0.0055020 secs] [Times: user=0.03 sys=0.00, real=0.00 secs]
2021-09-19T23:08:00.395+0800: 103289.202: [CMS-concurrent-mark-start]
2021-09-19T23:08:00.790+0800: 103289.598: [CMS-concurrent-mark: 0.395/0.395 secs] [Times: user=3.37 sys=0.26, real=0.40 secs]
2021-09-19T23:08:00.790+0800: 103289.598: [CMS-concurrent-preclean-start]
2021-09-19T23:08:00.796+0800: 103289.603: [CMS-concurrent-preclean: 0.006/0.006 secs] [Times: user=0.03 sys=0.00, real=0.01 secs]
2021-09-19T23:08:00.796+0800: 103289.604: [CMS-concurrent-abortable-preclean-start]
2021-09-19T23:08:02.263+0800: 103291.070: [GC (Allocation Failure) 2021-09-19T23:08:02.263+0800: 103291.070: [ParNew: 1680943K->2977K(1887488K), 0.0186912 secs] 2655883K->978002K(2936064K), 0.0192065 secs] [Times: user=0.18 sys=0.01, real=0.02 secs]
2021-09-19T23:08:03.191+0800: 103291.999: [CMS-concurrent-abortable-preclean: 0.672/2.395 secs] [Times: user=9.28 sys=0.14, real=2.39 secs]
2021-09-19T23:08:03.194+0800: 103292.001: [GC (CMS Final Remark) [YG occupancy: 951489 K (1887488 K)]2021-09-19T23:08:03.194+0800: 103292.002: [Rescan (parallel) , 0.1792357 secs]2021-09-19T23:08:03.373+0800: 103292.181: [weak refs processing, 0.0000452 secs]2021-09-19T23:08:03.373+0800: 103292.181: [class unloading, 0.0378227 secs]2021-09-19T23:08:03.411+0800: 103292.219: [scrub symbol table, 0.0131624 secs]2021-09-19T23:08:03.424+0800: 103292.232: [scrub string table, 0.0014232 secs][1 CMS-remark: 975025K(1048576K)] 1926514K(2936064K), 0.2319105 secs] [Times: user=2.84 sys=0.02, real=0.24 secs]
2021-09-19T23:08:03.426+0800: 103292.234: [CMS-concurrent-sweep-start]
2021-09-19T23:08:03.630+0800: 103292.437: [CMS-concurrent-sweep: 0.204/0.204 secs] [Times: user=0.97 sys=0.08, real=0.20 secs]
2021-09-19T23:08:03.630+0800: 103292.438: [CMS-concurrent-reset-start]
2021-09-19T23:08:03.635+0800: 103292.442: [CMS-concurrent-reset: 0.004/0.004 secs] [Times: user=0.03 sys=0.00, real=0.00 secs]
2021-09-19T23:08:04.089+0800: 103292.896: [GC (Allocation Failure) 2021-09-19T23:08:04.089+0800: 103292.896: [ParNew: 1680801K->2952K(1887488K), 0.0197132 secs] 2655759K->977964K(2936064K), 0.0200798 secs] [Times: user=0.26 sys=0.00, real=0.02 secs]
2021-09-19T23:08:04.112+0800: 103292.919: [GC (CMS Initial Mark) [1 CMS-initial-mark: 975012K(1048576K)] 986206K(2936064K), 0.0048314 secs] [Times: user=0.03 sys=0.00, real=0.01 secs]
2021-09-19T23:08:04.117+0800: 103292.925: [CMS-concurrent-mark-start]
2021-09-19T23:08:04.514+0800: 103293.321: [CMS-concurrent-mark: 0.396/0.396 secs] [Times: user=3.45 sys=0.17, real=0.39 secs]
2021-09-19T23:08:04.514+0800: 103293.321: [CMS-concurrent-preclean-start]
2021-09-19T23:08:04.519+0800: 103293.327: [CMS-concurrent-preclean: 0.005/0.006 secs] [Times: user=0.03 sys=0.01, real=0.01 secs]
2021-09-19T23:08:04.520+0800: 103293.327: [CMS-concurrent-abortable-preclean-start]
2021-09-19T23:08:05.643+0800: 103294.450: [GC (Allocation Failure) 2021-09-19T23:08:05.643+0800: 103294.451: [ParNew: 1680776K->3114K(1887488K), 0.0068260 secs] 2655788K->978181K(2936064K), 0.0071997 secs] [Times: user=0.06 sys=0.01, real=0.01 secs]
2021-09-19T23:08:06.405+0800: 103295.213: [CMS-concurrent-abortable-preclean: 0.342/1.886 secs] [Times: user=8.17 sys=0.12, real=1.88 secs]
2021-09-19T23:08:06.409+0800: 103295.216: [GC (CMS Final Remark) [YG occupancy: 858215 K (1887488 K)]2021-09-19T23:08:06.409+0800: 103295.216: [Rescan (parallel) , 0.1407173 secs]2021-09-19T23:08:06.550+0800: 103295.357: [weak refs processing, 0.0000688 secs]2021-09-19T23:08:06.550+0800: 103295.357: [class unloading, 0.0376360 secs]2021-09-19T23:08:06.587+0800: 103295.395: [scrub symbol table, 0.0116892 secs]2021-09-19T23:08:06.599+0800: 103295.407: [scrub string table, 0.0010713 secs][1 CMS-remark: 975067K(1048576K)] 1833283K(2936064K), 0.1914207 secs] [Times: user=2.40 sys=0.03, real=0.19 secs]
2021-09-19T23:08:06.601+0800: 103295.408: [CMS-concurrent-sweep-start]
2021-09-19T23:08:06.819+0800: 103295.627: [CMS-concurrent-sweep: 0.219/0.219 secs] [Times: user=1.05 sys=0.10, real=0.22 secs]
2021-09-19T23:08:06.820+0800: 103295.627: [CMS-concurrent-reset-start]
2021-09-19T23:08:06.822+0800: 103295.629: [CMS-concurrent-reset: 0.002/0.002 secs] [Times: user=0.01 sys=0.00, real=0.00 secs]
2021-09-19T23:08:07.355+0800: 103296.162: [GC (Allocation Failure) 2021-09-19T23:08:07.355+0800: 103296.162: [ParNew: 1680938K->3181K(1887488K), 0.0057841 secs] 2655934K->978211K(2936064K), 0.0061096 secs] [Times: user=0.05 sys=0.02, real=0.01 secs]
2021-09-19T23:08:07.363+0800: 103296.171: [GC (CMS Initial Mark) [1 CMS-initial-mark: 975029K(1048576K)] 994166K(2936064K), 0.0040775 secs] [Times: user=0.02 sys=0.00, real=0.01 secs]
2021-09-19T23:08:07.368+0800: 103296.175: [CMS-concurrent-mark-start]
2021-09-19T23:08:07.822+0800: 103296.630: [CMS-concurrent-mark: 0.451/0.454 secs] [Times: user=3.83 sys=0.27, real=0.45 secs]
2021-09-19T23:08:07.822+0800: 103296.630: [CMS-concurrent-preclean-start]
2021-09-19T23:08:07.829+0800: 103296.637: [CMS-concurrent-preclean: 0.007/0.007 secs] [Times: user=0.03 sys=0.01, real=0.01 secs]
2021-09-19T23:08:07.829+0800: 103296.637: [CMS-concurrent-abortable-preclean-start]
2021-09-19T23:08:08.988+0800: 103297.795: [GC (Allocation Failure) 2021-09-19T23:08:08.988+0800: 103297.795: [ParNew: 1675584K->2698K(1887488K), 0.0069508 secs] 2650614K->977786K(2936064K), 0.0073409 secs] [Times: user=0.06 sys=0.01, real=0.00 secs]
2021-09-19T23:08:09.795+0800: 103298.602: [CMS-concurrent-abortable-preclean: 0.399/1.965 secs] [Times: user=8.53 sys=0.11, real=1.96 secs]
2021-09-19T23:08:09.801+0800: 103298.609: [GC (CMS Final Remark) [YG occupancy: 900197 K (1887488 K)]2021-09-19T23:08:09.801+0800: 103298.609: [Rescan (parallel) , 0.1554574 secs]2021-09-19T23:08:09.957+0800: 103298.764: [weak refs processing, 0.0000566 secs]2021-09-19T23:08:09.957+0800: 103298.764: [class unloading, 0.0423794 secs]2021-09-19T23:08:09.999+0800: 103298.807: [scrub symbol table, 0.0163138 secs]2021-09-19T23:08:10.016+0800: 103298.823: [scrub string table, 0.0014837 secs][1 CMS-remark: 975087K(1048576K)] 1875285K(2936064K), 0.2159592 secs] [Times: user=2.51 sys=0.01, real=0.22 secs]
2021-09-19T23:08:10.018+0800: 103298.825: [CMS-concurrent-sweep-start]
2021-09-19T23:08:10.204+0800: 103299.012: [CMS-concurrent-sweep: 0.187/0.187 secs] [Times: user=0.90 sys=0.08, real=0.18 secs]
2021-09-19T23:08:10.205+0800: 103299.012: [CMS-concurrent-reset-start]
2021-09-19T23:08:10.208+0800: 103299.016: [CMS-concurrent-reset: 0.004/0.004 secs] [Times: user=0.02 sys=0.00, real=0.01 secs]
2021-09-19T23:08:10.760+0800: 103299.567: [GC (Allocation Failure) 2021-09-19T23:08:10.760+0800: 103299.567: [ParNew: 1680522K->2841K(1887488K), 0.0043749 secs] 2655561K->977914K(2936064K), 0.0047763 secs] [Times: user=0.05 sys=0.00, real=0.00 secs]
2021-09-19T23:08:10.767+0800: 103299.575: [GC (CMS Initial Mark) [1 CMS-initial-mark: 975072K(1048576K)] 986036K(2936064K), 0.0026946 secs] [Times: user=0.02 sys=0.00, real=0.00 secs]
2021-09-19T23:08:10.770+0800: 103299.578: [CMS-concurrent-mark-start]
2021-09-19T23:08:11.188+0800: 103299.995: [CMS-concurrent-mark: 0.418/0.418 secs] [Times: user=3.54 sys=0.26, real=0.42 secs]
2021-09-19T23:08:11.188+0800: 103299.996: [CMS-concurrent-preclean-start]
2021-09-19T23:08:11.193+0800: 103300.001: [CMS-concurrent-preclean: 0.005/0.005 secs] [Times: user=0.02 sys=0.00, real=0.00 secs]
2021-09-19T23:08:11.193+0800: 103300.001: [CMS-concurrent-abortable-preclean-start]
2021-09-19T23:08:12.350+0800: 103301.158: [GC (Allocation Failure) 2021-09-19T23:08:12.350+0800: 103301.158: [ParNew: 1680665K->2526K(1887488K), 0.0098475 secs] 2655738K->977805K(2936064K), 0.0103152 secs] [Times: user=0.09 sys=0.00, real=0.01 secs]
2021-09-19T23:08:13.203+0800: 103302.010: [CMS-concurrent-abortable-preclean: 0.321/2.009 secs] [Times: user=8.62 sys=0.11, real=2.01 secs]
2021-09-19T23:08:13.208+0800: 103302.015: [GC (CMS Final Remark) [YG occupancy: 942731 K (1887488 K)]2021-09-19T23:08:13.208+0800: 103302.015: [Rescan (parallel) , 0.1487632 secs]2021-09-19T23:08:13.356+0800: 103302.164: [weak refs processing, 0.0000400 secs]2021-09-19T23:08:13.356+0800: 103302.164: [class unloading, 0.0365794 secs]2021-09-19T23:08:13.393+0800: 103302.201: [scrub symbol table, 0.0114706 secs]2021-09-19T23:08:13.405+0800: 103302.212: [scrub string table, 0.0010162 secs][1 CMS-remark: 975279K(1048576K)] 1918011K(2936064K), 0.1980825 secs] [Times: user=2.51 sys=0.02, real=0.19 secs]
2021-09-19T23:08:13.406+0800: 103302.213: [CMS-concurrent-sweep-start]
2021-09-19T23:08:13.595+0800: 103302.402: [CMS-concurrent-sweep: 0.189/0.189 secs] [Times: user=0.93 sys=0.09, real=0.18 secs]
2021-09-19T23:08:13.595+0800: 103302.402: [CMS-concurrent-reset-start]
2021-09-19T23:08:13.597+0800: 103302.405: [CMS-concurrent-reset: 0.002/0.002 secs] [Times: user=0.01 sys=0.00, real=0.01 secs]
2021-09-19T23:08:14.059+0800: 103302.867: [GC (Allocation Failure) 2021-09-19T23:08:14.060+0800: 103302.867: [ParNew: 1680350K->2640K(1887488K), 0.0180441 secs] 2655585K->977916K(2936064K), 0.0185363 secs] [Times: user=0.23 sys=0.01, real=0.02 secs]
2021-09-19T23:08:14.082+0800: 103302.889: [GC (CMS Initial Mark) [1 CMS-initial-mark: 975275K(1048576K)] 986597K(2936064K), 0.0039997 secs] [Times: user=0.03 sys=0.00, real=0.00 secs]
2021-09-19T23:08:14.086+0800: 103302.893: [CMS-concurrent-mark-start]
2021-09-19T23:08:14.492+0800: 103303.300: [CMS-concurrent-mark: 0.406/0.406 secs] [Times: user=3.54 sys=0.24, real=0.40 secs]
2021-09-19T23:08:14.492+0800: 103303.300: [CMS-concurrent-preclean-start]
2021-09-19T23:08:14.500+0800: 103303.307: [CMS-concurrent-preclean: 0.007/0.007 secs] [Times: user=0.04 sys=0.00, real=0.01 secs]
2021-09-19T23:08:14.500+0800: 103303.307: [CMS-concurrent-abortable-preclean-start]
2021-09-19T23:08:15.623+0800: 103304.430: [GC (Allocation Failure) 2021-09-19T23:08:15.623+0800: 103304.430: [ParNew: 1680464K->2826K(1887488K), 0.0069889 secs] 2655740K->978141K(2936064K), 0.0074005 secs] [Times: user=0.06 sys=0.02, real=0.01 secs]
2021-09-19T23:08:16.479+0800: 103305.287: [CMS-concurrent-abortable-preclean: 0.361/1.979 secs] [Times: user=8.66 sys=0.14, real=1.98 secs]
2021-09-19T23:08:16.482+0800: 103305.290: [GC (CMS Final Remark) [YG occupancy: 963634 K (1887488 K)]2021-09-19T23:08:16.482+0800: 103305.290: [Rescan (parallel) , 0.1574666 secs]2021-09-19T23:08:16.640+0800: 103305.447: [weak refs processing, 0.0000454 secs]2021-09-19T23:08:16.640+0800: 103305.447: [class unloading, 0.0367602 secs]2021-09-19T23:08:16.677+0800: 103305.484: [scrub symbol table, 0.0118681 secs]2021-09-19T23:08:16.689+0800: 103305.496: [scrub string table, 0.0010892 secs][1 CMS-remark: 975314K(1048576K)] 1938948K(2936064K), 0.2074763 secs] [Times: user=2.58 sys=0.02, real=0.21 secs]
2021-09-19T23:08:16.690+0800: 103305.498: [CMS-concurrent-sweep-start]
2021-09-19T23:08:16.855+0800: 103305.662: [CMS-concurrent-sweep: 0.165/0.165 secs] [Times: user=0.82 sys=0.06, real=0.16 secs]
2021-09-19T23:08:16.855+0800: 103305.662: [CMS-concurrent-reset-start]
2021-09-19T23:08:16.857+0800: 103305.665: [CMS-concurrent-reset: 0.002/0.002 secs] [Times: user=0.01 sys=0.00, real=0.01 secs]
2021-09-19T23:08:17.348+0800: 103306.156: [GC (Allocation Failure) 2021-09-19T23:08:17.349+0800: 103306.156: [ParNew: 1680650K->2862K(1887488K), 0.0056473 secs] 2655913K->978152K(2936064K), 0.0059709 secs] [Times: user=0.04 sys=0.03, real=0.00 secs]
2021-09-19T23:08:17.357+0800: 103306.164: [GC (CMS Initial Mark) [1 CMS-initial-mark: 975290K(1048576K)] 978155K(2936064K), 0.0026054 secs] [Times: user=0.02 sys=0.00, real=0.00 secs]
2021-09-19T23:08:17.360+0800: 103306.167: [CMS-concurrent-mark-start]
2021-09-19T23:08:17.845+0800: 103306.653: [CMS-concurrent-mark: 0.476/0.485 secs] [Times: user=4.05 sys=0.29, real=0.48 secs]
2021-09-19T23:08:17.845+0800: 103306.653: [CMS-concurrent-preclean-start]
2021-09-19T23:08:17.858+0800: 103306.666: [CMS-concurrent-preclean: 0.013/0.013 secs] [Times: user=0.06 sys=0.01, real=0.02 secs]
2021-09-19T23:08:17.858+0800: 103306.666: [CMS-concurrent-abortable-preclean-start]
2021-09-19T23:08:18.974+0800: 103307.781: [GC (Allocation Failure) 2021-09-19T23:08:18.974+0800: 103307.782: [ParNew: 1680686K->3077K(1887488K), 0.0063303 secs] 2655976K->978412K(2936064K), 0.0066991 secs] [Times: user=0.06 sys=0.00, real=0.01 secs]
2021-09-19T23:08:19.853+0800: 103308.660: [CMS-concurrent-abortable-preclean: 0.374/1.994 secs] [Times: user=8.56 sys=0.11, real=1.99 secs]
2021-09-19T23:08:19.860+0800: 103308.667: [GC (CMS Final Remark) [YG occupancy: 955545 K (1887488 K)]2021-09-19T23:08:19.860+0800: 103308.667: [Rescan (parallel) , 0.1614955 secs]2021-09-19T23:08:20.021+0800: 103308.829: [weak refs processing, 0.0000831 secs]2021-09-19T23:08:20.022+0800: 103308.829: [class unloading, 0.0389245 secs]2021-09-19T23:08:20.060+0800: 103308.868: [scrub symbol table, 0.0173187 secs]2021-09-19T23:08:20.078+0800: 103308.885: [scrub string table, 0.0016685 secs][1 CMS-remark: 975334K(1048576K)] 1930880K(2936064K), 0.2197821 secs] [Times: user=2.63 sys=0.04, real=0.22 secs]
2021-09-19T23:08:20.080+0800: 103308.887: [CMS-concurrent-sweep-start]
2021-09-19T23:08:20.258+0800: 103309.065: [CMS-concurrent-sweep: 0.178/0.178 secs] [Times: user=0.91 sys=0.04, real=0.18 secs]
2021-09-19T23:08:20.258+0800: 103309.065: [CMS-concurrent-reset-start]
2021-09-19T23:08:20.260+0800: 103309.068: [CMS-concurrent-reset: 0.002/0.002 secs] [Times: user=0.02 sys=0.00, real=0.00 secs]
2021-09-19T23:08:20.718+0800: 103309.526: [GC (Allocation Failure) 2021-09-19T23:08:20.719+0800: 103309.526: [ParNew: 1680901K->2902K(1887488K), 0.0138998 secs] 2656182K->978191K(2936064K), 0.0142858 secs] [Times: user=0.15 sys=0.00, real=0.01 secs]
2021-09-19T23:08:20.735+0800: 103309.543: [GC (CMS Initial Mark) [1 CMS-initial-mark: 975289K(1048576K)] 978202K(2936064K), 0.0045347 secs] [Times: user=0.03 sys=0.00, real=0.01 secs]
2021-09-19T23:08:20.740+0800: 103309.548: [CMS-concurrent-mark-start]
2021-09-19T23:08:21.180+0800: 103309.987: [CMS-concurrent-mark: 0.440/0.440 secs] [Times: user=3.81 sys=0.19, real=0.44 secs]
2021-09-19T23:08:21.180+0800: 103309.988: [CMS-concurrent-preclean-start]
2021-09-19T23:08:21.189+0800: 103309.997: [CMS-concurrent-preclean: 0.009/0.009 secs] [Times: user=0.04 sys=0.01, real=0.01 secs]
2021-09-19T23:08:21.189+0800: 103309.997: [CMS-concurrent-abortable-preclean-start]