2021-09-20T01:07:09.497+0800: 110438.304: [Full GC (Allocation Failure) 2021-09-20T01:07:09.497+0800: 110438.305: [CMS: 1048521K->1048478K(1048576K), 2.0199070 secs] 2935945K->1057770K(2936064K), [Metaspace: 64877K->64877K(1107968K)], 2.0203831 secs] [Times: user=1.85 sys=0.18, real=2.02 secs]
2021-09-20T01:07:11.522+0800: 110440.329: [GC (CMS Initial Mark) [1 CMS-initial-mark: 1048478K(1048576K)] 1061326K(2936064K), 0.0237920 secs] [Times: user=0.04 sys=0.00, real=0.03 secs]
2021-09-20T01:07:11.546+0800: 110440.354: [CMS-concurrent-mark-start]
2021-09-20T01:07:12.020+0800: 110440.828: [CMS-concurrent-mark: 0.474/0.474 secs] [Times: user=6.92 sys=0.08, real=0.47 secs]
2021-09-20T01:07:12.020+0800: 110440.828: [CMS-concurrent-preclean-start]
2021-09-20T01:07:12.570+0800: 110441.377: [Full GC (Allocation Failure) 2021-09-20T01:07:12.570+0800: 110441.378: [CMS2021-09-20T01:07:13.653+0800: 110442.460: [CMS-concurrent-preclean: 1.619/1.632 secs] [Times: user=5.89 sys=0.07, real=1.63 secs]
 (concurrent mode failure): 1048575K->1048537K(1048576K), 3.0487265 secs] 2936063K->1057732K(2936064K), [Metaspace: 64877K->64877K(1107968K)], 3.0492226 secs] [Times: user=2.87 sys=0.19, real=3.05 secs]
2021-09-20T01:07:16.490+0800: 110445.298: [Full GC (Allocation Failure) 2021-09-20T01:07:16.490+0800: 110445.298: [CMS: 1048537K->1048406K(1048576K), 2.1458850 secs] 2936007K->1057699K(2936064K), [Metaspace: 64877K->64877K(1107968K)], 2.1463806 secs] [Times: user=1.87 sys=0.29, real=2.15 secs]
2021-09-20T01:07:18.642+0800: 110447.450: [GC (CMS Initial Mark) [1 CMS-initial-mark: 1048406K(1048576K)] 1061403K(2936064K), 0.0139906 secs] [Times: user=0.02 sys=0.00, real=0.02 secs]
2021-09-20T01:07:18.657+0800: 110447.464: [CMS-concurrent-mark-start]
2021-09-20T01:07:19.372+0800: 110448.180: [CMS-concurrent-mark: 0.705/0.716 secs] [Times: user=7.81 sys=0.09, real=0.71 secs]
2021-09-20T01:07:19.373+0800: 110448.180: [CMS-concurrent-preclean-start]
2021-09-20T01:07:20.062+0800: 110448.869: [Full GC (Allocation Failure) 2021-09-20T01:07:20.062+0800: 110448.870: [CMS2021-09-20T01:07:21.267+0800: 110450.074: [CMS-concurrent-preclean: 1.884/1.894 secs] [Times: user=8.09 sys=0.33, real=1.90 secs]
 (concurrent mode failure): 1048519K->1048475K(1048576K), 3.2923148 secs] 2935931K->1057731K(2936064K), [Metaspace: 64877K->64877K(1107968K)], 3.2936534 secs] [Times: user=2.99 sys=0.32, real=3.29 secs]
2021-09-20T01:07:24.240+0800: 110453.047: [Full GC (Allocation Failure) 2021-09-20T01:07:24.240+0800: 110453.048: [CMS: 1048543K->1048575K(1048576K), 2.0030776 secs] 2936011K->1057998K(2936064K), [Metaspace: 64877K->64877K(1107968K)], 2.0035972 secs] [Times: user=1.85 sys=0.18, real=2.00 secs]
2021-09-20T01:07:26.248+0800: 110455.056: [GC (CMS Initial Mark) [1 CMS-initial-mark: 1048575K(1048576K)] 1061804K(2936064K), 0.0136656 secs] [Times: user=0.02 sys=0.00, real=0.01 secs]
2021-09-20T01:07:26.262+0800: 110455.070: [CMS-concurrent-mark-start]
2021-09-20T01:07:26.916+0800: 110455.723: [CMS-concurrent-mark: 0.654/0.654 secs] [Times: user=8.54 sys=0.17, real=0.66 secs]
2021-09-20T01:07:26.916+0800: 110455.724: [CMS-concurrent-preclean-start]
2021-09-20T01:07:27.689+0800: 110456.496: [Full GC (Allocation Failure) 2021-09-20T01:07:27.689+0800: 110456.496: [CMS2021-09-20T01:07:28.984+0800: 110457.792: [CMS-concurrent-preclean: 2.051/2.068 secs] [Times: user=7.64 sys=0.17, real=2.06 secs]
 (concurrent mode failure): 1048576K->1048574K(1048576K), 3.3315369 secs] 2936064K->1057663K(2936064K), [Metaspace: 64877K->64877K(1107968K)], 3.3321483 secs] [Times: user=3.11 sys=0.23, real=3.33 secs]
2021-09-20T01:07:32.096+0800: 110460.904: [Full GC (Allocation Failure) 2021-09-20T01:07:32.096+0800: 110460.904: [CMS: 1048574K->1048568K(1048576K), 2.3535531 secs] 2935963K->1089584K(2936064K), [Metaspace: 64877K->64877K(1107968K)], 2.3540211 secs] [Times: user=2.08 sys=0.28, real=2.35 secs]
2021-09-20T01:07:34.457+0800: 110463.264: [GC (CMS Initial Mark) [1 CMS-initial-mark: 1048568K(1048576K)] 1094874K(2936064K), 0.0530014 secs] [Times: user=0.06 sys=0.00, real=0.05 secs]
2021-09-20T01:07:34.510+0800: 110463.318: [CMS-concurrent-mark-start]
2021-09-20T01:07:35.076+0800: 110463.883: [CMS-concurrent-mark: 0.566/0.566 secs] [Times: user=8.89 sys=0.12, real=0.57 secs]
2021-09-20T01:07:35.076+0800: 110463.884: [CMS-concurrent-preclean-start]
2021-09-20T01:07:35.561+0800: 110464.369: [Full GC (Allocation Failure) 2021-09-20T01:07:35.561+0800: 110464.369: [CMS2021-09-20T01:07:36.813+0800: 110465.620: [CMS-concurrent-preclean: 1.729/1.737 secs] [Times: user=5.70 sys=0.21, real=1.73 secs]
 (concurrent mode failure): 1048568K->1048537K(1048576K), 3.4674065 secs] 2936015K->1081408K(2936064K), [Metaspace: 64877K->64877K(1107968K)], 3.4678498 secs] [Times: user=3.18 sys=0.30, real=3.47 secs]
2021-09-20T01:07:39.781+0800: 110468.588: [Full GC (Allocation Failure) 2021-09-20T01:07:39.781+0800: 110468.588: [CMS: 1048537K->1048492K(1048576K), 2.1448412 secs] 2935935K->1074865K(2936064K), [Metaspace: 64877K->64877K(1107968K)], 2.1453040 secs] [Times: user=1.95 sys=0.20, real=2.15 secs]
2021-09-20T01:07:41.932+0800: 110470.740: [GC (CMS Initial Mark) [1 CMS-initial-mark: 1048492K(1048576K)] 1084774K(2936064K), 0.0346012 secs] [Times: user=0.05 sys=0.00, real=0.04 secs]
2021-09-20T01:07:41.967+0800: 110470.775: [CMS-concurrent-mark-start]
2021-09-20T01:07:42.468+0800: 110471.276: [CMS-concurrent-mark: 0.501/0.501 secs] [Times: user=7.16 sys=0.25, real=0.50 secs]
2021-09-20T01:07:42.468+0800: 110471.276: [CMS-concurrent-preclean-start]
2021-09-20T01:07:42.974+0800: 110471.781: [Full GC (Allocation Failure) 2021-09-20T01:07:42.974+0800: 110471.781: [CMS2021-09-20T01:07:44.107+0800: 110472.914: [CMS-concurrent-preclean: 1.624/1.638 secs] [Times: user=5.79 sys=0.06, real=1.64 secs]
 (concurrent mode failure): 1048537K->1048513K(1048576K), 3.3120873 secs] 2935999K->1057812K(2936064K), [Metaspace: 64877K->64877K(1107968K)], 3.3125179 secs] [Times: user=3.03 sys=0.29, real=3.32 secs]
2021-09-20T01:07:47.075+0800: 110475.882: [Full GC (Allocation Failure) 2021-09-20T01:07:47.075+0800: 110475.882: [CMS: 1048513K->1048421K(1048576K), 2.0905766 secs] 2935878K->1057681K(2936064K), [Metaspace: 64877K->64877K(1107968K)], 2.0910682 secs] [Times: user=1.90 sys=0.20, real=2.10 secs]
2021-09-20T01:07:49.171+0800: 110477.979: [GC (CMS Initial Mark) [1 CMS-initial-mark: 1048421K(1048576K)] 1064800K(2936064K), 0.0136522 secs] [Times: user=0.02 sys=0.01, real=0.01 secs]
2021-09-20T01:07:49.185+0800: 110477.993: [CMS-concurrent-mark-start]
2021-09-20T01:07:49.700+0800: 110478.507: [CMS-concurrent-mark: 0.514/0.514 secs] [Times: user=7.55 sys=0.06, real=0.52 secs]
2021-09-20T01:07:49.700+0800: 110478.507: [CMS-concurrent-preclean-start]
2021-09-20T01:07:50.199+0800: 110479.006: [Full GC (Allocation Failure) 2021-09-20T01:07:50.199+0800: 110479.006: [CMS2021-09-20T01:07:51.460+0800: 110480.267: [CMS-concurrent-preclean: 1.751/1.760 secs] [Times: user=5.05 sys=0.24, real=1.76 secs]
 (concurrent mode failure): 1048421K->1048402K(1048576K), 3.2931943 secs] 2935753K->1057812K(2936064K), [Metaspace: 64877K->64877K(1107968K)], 3.2936264 secs] [Times: user=2.99 sys=0.32, real=3.29 secs]
2021-09-20T01:07:54.346+0800: 110483.154: [Full GC (Allocation Failure) 2021-09-20T01:07:54.347+0800: 110483.154: [CMS: 1048506K->1048432K(1048576K), 2.2286455 secs] 2935994K->1057703K(2936064K), [Metaspace: 64877K->64877K(1107968K)], 2.2290881 secs] [Times: user=1.92 sys=0.31, real=2.22 secs]
2021-09-20T01:07:56.582+0800: 110485.389: [GC (CMS Initial Mark) [1 CMS-initial-mark: 1048432K(1048576K)] 1061807K(2936064K), 0.0137459 secs] [Times: user=0.02 sys=0.00, real=0.01 secs]
2021-09-20T01:07:56.596+0800: 110485.403: [CMS-concurrent-mark-start]
2021-09-20T01:07:57.094+0800: 110485.902: [CMS-concurrent-mark: 0.498/0.498 secs] [Times: user=7.33 sys=0.08, real=0.49 secs]
2021-09-20T01:07:57.094+0800: 110485.902: [CMS-concurrent-preclean-start]
2021-09-20T01:07:57.622+0800: 110486.429: [Full GC (Allocation Failure) 2021-09-20T01:07:57.622+0800: 110486.430: [CMS2021-09-20T01:07:58.784+0800: 110487.591: [CMS-concurrent-preclean: 1.679/1.689 secs] [Times: user=5.74 sys=0.18, real=1.69 secs]
 (concurrent mode failure): 1048432K->1048575K(1048576K), 3.2590302 secs] 2935899K->1057504K(2936064K), [Metaspace: 64877K->64877K(1107968K)], 3.2595500 secs] [Times: user=2.93 sys=0.35, real=3.26 secs]
2021-09-20T01:08:01.635+0800: 110490.443: [Full GC (Allocation Failure) 2021-09-20T01:08:01.636+0800: 110490.443: [CMS: 1048575K->1048575K(1048576K), 2.3993112 secs] 2936036K->1057668K(2936064K), [Metaspace: 64877K->64877K(1107968K)], 2.3998512 secs] [Times: user=1.92 sys=0.19, real=2.40 secs]
2021-09-20T01:08:04.040+0800: 110492.847: [GC (CMS Initial Mark) [1 CMS-initial-mark: 1048575K(1048576K)] 1061252K(2936064K), 0.0217160 secs] [Times: user=0.03 sys=0.00, real=0.02 secs]
2021-09-20T01:08:04.062+0800: 110492.869: [CMS-concurrent-mark-start]
2021-09-20T01:08:04.621+0800: 110493.428: [CMS-concurrent-mark: 0.559/0.559 secs] [Times: user=7.71 sys=0.08, real=0.56 secs]
2021-09-20T01:08:04.621+0800: 110493.428: [CMS-concurrent-preclean-start]
2021-09-20T01:08:05.134+0800: 110493.941: [Full GC (Allocation Failure) 2021-09-20T01:08:05.134+0800: 110493.941: [CMS2021-09-20T01:08:06.333+0800: 110495.140: [CMS-concurrent-preclean: 1.700/1.712 secs] [Times: user=5.68 sys=0.23, real=1.71 secs]
 (concurrent mode failure): 1048575K->1048576K(1048576K), 3.1747737 secs] 2936002K->1057747K(2936064K), [Metaspace: 64877K->64877K(1107968K)], 3.1752200 secs] [Times: user=2.91 sys=0.29, real=3.18 secs]
2021-09-20T01:08:09.285+0800: 110498.093: [Full GC (Allocation Failure) 2021-09-20T01:08:09.286+0800: 110498.093: [CMS: 1048576K->1048575K(1048576K), 2.2026181 secs] 2936007K->1058032K(2936064K), [Metaspace: 64877K->64877K(1107968K)], 2.2031009 secs] [Times: user=1.89 sys=0.33, real=2.21 secs]
2021-09-20T01:08:11.495+0800: 110500.302: [GC (CMS Initial Mark) [1 CMS-initial-mark: 1048575K(1048576K)] 1062335K(2936064K), 0.0137845 secs] [Times: user=0.03 sys=0.01, real=0.02 secs]
2021-09-20T01:08:11.509+0800: 110500.316: [CMS-concurrent-mark-start]
2021-09-20T01:08:12.033+0800: 110500.840: [CMS-concurrent-mark: 0.519/0.524 secs] [Times: user=7.48 sys=0.08, real=0.52 secs]
2021-09-20T01:08:12.033+0800: 110500.841: [CMS-concurrent-preclean-start]
2021-09-20T01:08:12.485+0800: 110501.292: [Full GC (Allocation Failure) 2021-09-20T01:08:12.485+0800: 110501.293: [CMS2021-09-20T01:08:13.633+0800: 110502.440: [CMS-concurrent-preclean: 1.585/1.600 secs] [Times: user=5.44 sys=0.11, real=1.60 secs]
 (concurrent mode failure): 1048575K->1048575K(1048576K), 3.2965280 secs] 2935996K->1057944K(2936064K), [Metaspace: 64877K->64877K(1107968K)], 3.2971784 secs] [Times: user=3.00 sys=0.32, real=3.30 secs]
2021-09-20T01:08:16.613+0800: 110505.420: [Full GC (Allocation Failure) 2021-09-20T01:08:16.613+0800: 110505.421: [CMS: 1048575K->1048575K(1048576K), 2.0689976 secs] 2936060K->1057821K(2936064K), [Metaspace: 64877K->64877K(1107968K)], 2.0694952 secs] [Times: user=1.91 sys=0.16, real=2.07 secs]
2021-09-20T01:08:18.688+0800: 110507.495: [GC (CMS Initial Mark) [1 CMS-initial-mark: 1048575K(1048576K)] 1061535K(2936064K), 0.0203867 secs] [Times: user=0.04 sys=0.00, real=0.02 secs]
2021-09-20T01:08:18.709+0800: 110507.516: [CMS-concurrent-mark-start]
2021-09-20T01:08:19.330+0800: 110508.137: [CMS-concurrent-mark: 0.617/0.621 secs] [Times: user=8.31 sys=0.08, real=0.62 secs]
2021-09-20T01:08:19.330+0800: 110508.137: [CMS-concurrent-preclean-start]
2021-09-20T01:08:19.989+0800: 110508.797: [Full GC (Allocation Failure) 2021-09-20T01:08:19.990+0800: 110508.797: [CMS2021-09-20T01:08:21.168+0800: 110509.976: [CMS-concurrent-preclean: 1.825/1.838 secs] [Times: user=6.58 sys=0.22, real=1.84 secs]
 (concurrent mode failure): 1048575K->1048575K(1048576K), 3.1913174 secs] 2936063K->1057105K(2936064K), [Metaspace: 64877K->64877K(1107968K)], 3.1918635 secs] [Times: user=2.89 sys=0.31, real=3.19 secs]
2021-09-20T01:08:24.185+0800: 110512.992: [Full GC (Allocation Failure) 2021-09-20T01:08:24.185+0800: 110512.992: [CMS: 1048575K->1048531K(1048576K), 2.2115661 secs] 2936037K->1058036K(2936064K), [Metaspace: 64877K->64877K(1107968K)], 2.2120231 secs] [Times: user=1.88 sys=0.34, real=2.22 secs]
2021-09-20T01:08:26.402+0800: 110515.209: [GC (CMS Initial Mark) [1 CMS-initial-mark: 1048531K(1048576K)] 1061639K(2936064K), 0.0173429 secs] [Times: user=0.02 sys=0.00, real=0.02 secs]
2021-09-20T01:08:26.420+0800: 110515.227: [CMS-concurrent-mark-start]
2021-09-20T01:08:27.057+0800: 110515.865: [CMS-concurrent-mark: 0.638/0.638 secs] [Times: user=8.11 sys=0.09, real=0.64 secs]
2021-09-20T01:08:27.058+0800: 110515.865: [CMS-concurrent-preclean-start]
2021-09-20T01:08:27.705+0800: 110516.512: [Full GC (Allocation Failure) 2021-09-20T01:08:27.705+0800: 110516.512: [CMS2021-09-20T01:08:28.827+0800: 110517.635: [CMS-concurrent-preclean: 1.759/1.769 secs] [Times: user=7.41 sys=0.16, real=1.77 secs]
 (concurrent mode failure): 1048531K->1048510K(1048576K), 3.3547494 secs] 2936005K->1058281K(2936064K), [Metaspace: 64877K->64877K(1107968K)], 3.3554361 secs] [Times: user=3.06 sys=0.31, real=3.36 secs]
2021-09-20T01:08:32.011+0800: 110520.818: [Full GC (Allocation Failure) 2021-09-20T01:08:32.011+0800: 110520.819: [CMS: 1048510K->1048458K(1048576K), 2.2067790 secs] 2935994K->1098425K(2936064K), [Metaspace: 64877K->64877K(1107968K)], 2.2073232 secs] [Times: user=2.03 sys=0.19, real=2.21 secs]
2021-09-20T01:08:34.222+0800: 110523.030: [GC (CMS Initial Mark) [1 CMS-initial-mark: 1048458K(1048576K)] 1103503K(2936064K), 0.0634011 secs] [Times: user=0.07 sys=0.01, real=0.07 secs]
2021-09-20T01:08:34.286+0800: 110523.094: [CMS-concurrent-mark-start]
2021-09-20T01:08:34.787+0800: 110523.595: [CMS-concurrent-mark: 0.501/0.501 secs] [Times: user=8.06 sys=0.16, real=0.50 secs]
2021-09-20T01:08:34.787+0800: 110523.595: [CMS-concurrent-preclean-start]
2021-09-20T01:08:35.205+0800: 110524.013: [Full GC (Allocation Failure) 2021-09-20T01:08:35.205+0800: 110524.013: [CMS2021-09-20T01:08:36.516+0800: 110525.323: [CMS-concurrent-preclean: 1.718/1.728 secs] [Times: user=6.00 sys=0.26, real=1.73 secs]
 (concurrent mode failure): 1048458K->1048423K(1048576K), 3.2688910 secs] 2935881K->1085303K(2936064K), [Metaspace: 64877K->64877K(1107968K)], 3.2693284 secs] [Times: user=3.14 sys=0.15, real=3.27 secs]
2021-09-20T01:08:39.124+0800: 110527.932: [Full GC (Allocation Failure) 2021-09-20T01:08:39.124+0800: 110527.932: [CMS: 1048546K->1048512K(1048576K), 2.2328119 secs] 2935970K->1089794K(2936064K), [Metaspace: 64877K->64877K(1107968K)], 2.2332551 secs] [Times: user=2.09 sys=0.15, real=2.24 secs]
2021-09-20T01:08:41.367+0800: 110530.175: [GC (CMS Initial Mark) [1 CMS-initial-mark: 1048512K(1048576K)] 1094892K(2936064K), 0.0660647 secs] [Times: user=0.08 sys=0.00, real=0.06 secs]
2021-09-20T01:08:41.434+0800: 110530.241: [CMS-concurrent-mark-start]
2021-09-20T01:08:41.902+0800: 110530.709: [CMS-concurrent-mark: 0.468/0.468 secs] [Times: user=7.15 sys=0.10, real=0.47 secs]
2021-09-20T01:08:41.902+0800: 110530.710: [CMS-concurrent-preclean-start]
2021-09-20T01:08:42.482+0800: 110531.289: [Full GC (Allocation Failure) 2021-09-20T01:08:42.482+0800: 110531.289: [CMS2021-09-20T01:08:43.695+0800: 110532.502: [CMS-concurrent-preclean: 1.777/1.793 secs] [Times: user=6.31 sys=0.24, real=1.79 secs]
 (concurrent mode failure): 1048512K->1048575K(1048576K), 3.2094125 secs] 2935890K->1058414K(2936064K), [Metaspace: 64877K->64877K(1107968K)], 3.2099436 secs] [Times: user=2.93 sys=0.29, real=3.21 secs]
2021-09-20T01:08:46.580+0800: 110535.388: [Full GC (Allocation Failure) 2021-09-20T01:08:46.581+0800: 110535.388: [CMS: 1048575K->1048575K(1048576K), 2.1294874 secs] 2936015K->1058483K(2936064K), [Metaspace: 64877K->64877K(1107968K)], 2.1299317 secs] [Times: user=1.83 sys=0.31, real=2.13 secs]
2021-09-20T01:08:48.718+0800: 110537.526: [GC (CMS Initial Mark) [1 CMS-initial-mark: 1048575K(1048576K)] 1058859K(2936064K), 0.0230191 secs] [Times: user=0.03 sys=0.00, real=0.02 secs]
2021-09-20T01:08:48.742+0800: 110537.549: [CMS-concurrent-mark-start]
2021-09-20T01:08:49.179+0800: 110537.986: [CMS-concurrent-mark: 0.437/0.437 secs] [Times: user=6.48 sys=0.07, real=0.44 secs]
2021-09-20T01:08:49.179+0800: 110537.986: [CMS-concurrent-preclean-start]
2021-09-20T01:08:49.709+0800: 110538.516: [Full GC (Allocation Failure) 2021-09-20T01:08:49.709+0800: 110538.516: [CMS2021-09-20T01:08:50.896+0800: 110539.703: [CMS-concurrent-preclean: 1.707/1.716 secs] [Times: user=5.92 sys=0.17, real=1.71 secs]
 (concurrent mode failure): 1048575K->1048574K(1048576K), 3.3558562 secs] 2935951K->1058642K(2936064K), [Metaspace: 64877K->64877K(1107968K)], 3.3563502 secs] [Times: user=3.03 sys=0.34, real=3.35 secs]
2021-09-20T01:08:53.886+0800: 110542.694: [Full GC (Allocation Failure) 2021-09-20T01:08:53.886+0800: 110542.694: [CMS: 1048574K->1048570K(1048576K), 1.9928091 secs] 2935923K->1058763K(2936064K), [Metaspace: 64877K->64877K(1107968K)], 1.9933506 secs] [Times: user=1.82 sys=0.18, real=1.99 secs]
2021-09-20T01:08:55.888+0800: 110544.695: [GC (CMS Initial Mark) [1 CMS-initial-mark: 1048570K(1048576K)] 1064746K(2936064K), 0.0144699 secs] [Times: user=0.02 sys=0.00, real=0.01 secs]
2021-09-20T01:08:55.903+0800: 110544.710: [CMS-concurrent-mark-start]
2021-09-20T01:08:56.381+0800: 110545.188: [CMS-concurrent-mark: 0.478/0.478 secs] [Times: user=7.07 sys=0.06, real=0.48 secs]
2021-09-20T01:08:56.381+0800: 110545.188: [CMS-concurrent-preclean-start]
2021-09-20T01:08:56.901+0800: 110545.709: [Full GC (Allocation Failure) 2021-09-20T01:08:56.902+0800: 110545.709: [CMS2021-09-20T01:08:58.170+0800: 110546.978: [CMS-concurrent-preclean: 1.780/1.789 secs] [Times: user=6.62 sys=0.21, real=1.79 secs]
 (concurrent mode failure): 1048570K->1048536K(1048576K), 3.2631057 secs] 2936043K->1058765K(2936064K), [Metaspace: 64877K->64877K(1107968K)], 3.2635715 secs] [Times: user=2.97 sys=0.29, real=3.26 secs]
2021-09-20T01:09:00.963+0800: 110549.771: [Full GC (Allocation Failure) 2021-09-20T01:09:00.964+0800: 110549.771: [CMS: 1048536K->1048485K(1048576K), 2.3467093 secs] 2935956K->1058600K(2936064K), [Metaspace: 64877K->64877K(1107968K)], 2.3472569 secs] [Times: user=1.93 sys=0.18, real=2.35 secs]
2021-09-20T01:09:03.314+0800: 110552.122: [GC (CMS Initial Mark) [1 CMS-initial-mark: 1048485K(1048576K)] 1062244K(2936064K), 0.0145811 secs] [Times: user=0.01 sys=0.00, real=0.02 secs]
2021-09-20T01:09:03.329+0800: 110552.137: [CMS-concurrent-mark-start]
2021-09-20T01:09:03.891+0800: 110552.699: [CMS-concurrent-mark: 0.562/0.562 secs] [Times: user=7.92 sys=0.10, real=0.56 secs]
2021-09-20T01:09:03.891+0800: 110552.699: [CMS-concurrent-preclean-start]
2021-09-20T01:09:04.465+0800: 110553.272: [Full GC (Allocation Failure) 2021-09-20T01:09:04.465+0800: 110553.272: [CMS2021-09-20T01:09:05.668+0800: 110554.475: [CMS-concurrent-preclean: 1.766/1.776 secs] [Times: user=6.62 sys=0.21, real=1.78 secs]
 (concurrent mode failure): 1048485K->1048469K(1048576K), 3.2579670 secs] 2935838K->1058330K(2936064K), [Metaspace: 64877K->64877K(1107968K)], 3.2585093 secs] [Times: user=2.97 sys=0.30, real=3.26 secs]
2021-09-20T01:09:08.631+0800: 110557.438: [Full GC (Allocation Failure) 2021-09-20T01:09:08.631+0800: 110557.439: [CMS: 1048495K->1048479K(1048576K), 2.1976510 secs] 2935983K->1058368K(2936064K), [Metaspace: 64877K->64877K(1107968K)], 2.1981444 secs] [Times: user=1.90 sys=0.30, real=2.20 secs]
2021-09-20T01:09:10.835+0800: 110559.642: [GC (CMS Initial Mark) [1 CMS-initial-mark: 1048479K(1048576K)] 1062118K(2936064K), 0.0171536 secs] [Times: user=0.02 sys=0.00, real=0.02 secs]
2021-09-20T01:09:10.852+0800: 110559.660: [CMS-concurrent-mark-start]
2021-09-20T01:09:11.343+0800: 110560.151: [CMS-concurrent-mark: 0.491/0.491 secs] [Times: user=6.83 sys=0.07, real=0.49 secs]
2021-09-20T01:09:11.343+0800: 110560.151: [CMS-concurrent-preclean-start]
2021-09-20T01:09:11.846+0800: 110560.653: [Full GC (Allocation Failure) 2021-09-20T01:09:11.846+0800: 110560.654: [CMS2021-09-20T01:09:13.148+0800: 110561.956: [CMS-concurrent-preclean: 1.791/1.805 secs] [Times: user=5.97 sys=0.27, real=1.81 secs]
 (concurrent mode failure): 1048479K->1048406K(1048576K), 3.3495537 secs] 2935810K->1058512K(2936064K), [Metaspace: 64877K->64877K(1107968K)], 3.3501536 secs] [Times: user=3.04 sys=0.32, real=3.35 secs]
2021-09-20T01:09:16.053+0800: 110564.861: [Full GC (Allocation Failure) 2021-09-20T01:09:16.054+0800: 110564.861: [CMS: 1048481K->1048431K(1048576K), 2.1056985 secs] 2935955K->1058446K(2936064K), [Metaspace: 64877K->64877K(1107968K)], 2.1062407 secs] [Times: user=1.94 sys=0.17, real=2.11 secs]
2021-09-20T01:09:18.168+0800: 110566.975: [GC (CMS Initial Mark) [1 CMS-initial-mark: 1048431K(1048576K)] 1062055K(2936064K), 0.0143937 secs] [Times: user=0.03 sys=0.00, real=0.01 secs]
2021-09-20T01:09:18.183+0800: 110566.990: [CMS-concurrent-mark-start]
2021-09-20T01:09:18.902+0800: 110567.709: [CMS-concurrent-mark: 0.712/0.719 secs] [Times: user=8.44 sys=0.23, real=0.72 secs]
2021-09-20T01:09:18.902+0800: 110567.709: [CMS-concurrent-preclean-start]
2021-09-20T01:09:19.399+0800: 110568.206: [Full GC (Allocation Failure) 2021-09-20T01:09:19.399+0800: 110568.206: [CMS2021-09-20T01:09:20.717+0800: 110569.524: [CMS-concurrent-preclean: 1.802/1.815 secs] [Times: user=6.54 sys=0.13, real=1.82 secs]
 (concurrent mode failure): 1048431K->1048575K(1048576K), 3.3588452 secs] 2935910K->1058216K(2936064K), [Metaspace: 64877K->64877K(1107968K)], 3.3593374 secs] [Times: user=3.15 sys=0.22, real=3.36 secs]
2021-09-20T01:09:23.729+0800: 110572.536: [Full GC (Allocation Failure) 2021-09-20T01:09:23.729+0800: 110572.536: [CMS: 1048575K->1048575K(1048576K), 2.2153470 secs] 2935977K->1058265K(2936064K), [Metaspace: 64877K->64877K(1107968K)], 2.2157984 secs] [Times: user=1.90 sys=0.32, real=2.21 secs]
2021-09-20T01:09:25.950+0800: 110574.757: [GC (CMS Initial Mark) [1 CMS-initial-mark: 1048575K(1048576K)] 1065360K(2936064K), 0.0219810 secs] [Times: user=0.03 sys=0.01, real=0.02 secs]
2021-09-20T01:09:25.972+0800: 110574.780: [CMS-concurrent-mark-start]
2021-09-20T01:09:26.671+0800: 110575.479: [CMS-concurrent-mark: 0.699/0.699 secs] [Times: user=8.33 sys=0.10, real=0.70 secs]
2021-09-20T01:09:26.672+0800: 110575.479: [CMS-concurrent-preclean-start]
2021-09-20T01:09:27.362+0800: 110576.169: [Full GC (Allocation Failure) 2021-09-20T01:09:27.362+0800: 110576.169: [CMS2021-09-20T01:09:28.636+0800: 110577.443: [CMS-concurrent-preclean: 1.952/1.964 secs] [Times: user=7.60 sys=0.21, real=1.97 secs]
 (concurrent mode failure): 1048575K->1048575K(1048576K), 3.2794914 secs] 2935935K->1058620K(2936064K), [Metaspace: 64877K->64877K(1107968K)], 3.2799686 secs] [Times: user=2.97 sys=0.31, real=3.28 secs]
2021-09-20T01:09:31.483+0800: 110580.291: [Full GC (Allocation Failure) 2021-09-20T01:09:31.483+0800: 110580.291: [CMS: 1048575K->1048576K(1048576K), 2.3253801 secs] 2936060K->1096866K(2936064K), [Metaspace: 64877K->64877K(1107968K)], 2.3258159 secs] [Times: user=2.05 sys=0.28, real=2.33 secs]
2021-09-20T01:09:33.814+0800: 110582.622: [GC (CMS Initial Mark) [1 CMS-initial-mark: 1048576K(1048576K)] 1103167K(2936064K), 0.0624861 secs] [Times: user=0.07 sys=0.01, real=0.07 secs]
2021-09-20T01:09:33.877+0800: 110582.685: [CMS-concurrent-mark-start]
2021-09-20T01:09:34.426+0800: 110583.234: [CMS-concurrent-mark: 0.549/0.549 secs] [Times: user=9.22 sys=0.16, real=0.55 secs]
2021-09-20T01:09:34.427+0800: 110583.234: [CMS-concurrent-preclean-start]
2021-09-20T01:09:34.771+0800: 110583.579: [Full GC (Allocation Failure) 2021-09-20T01:09:34.771+0800: 110583.579: [CMS2021-09-20T01:09:36.155+0800: 110584.962: [CMS-concurrent-preclean: 1.715/1.728 secs] [Times: user=5.51 sys=0.20, real=1.72 secs]
 (concurrent mode failure): 1048576K->1048575K(1048576K), 3.7084037 secs] 2935973K->1083155K(2936064K), [Metaspace: 64877K->64877K(1107968K)], 3.7089323 secs] [Times: user=3.38 sys=0.34, real=3.71 secs]
2021-09-20T01:09:39.132+0800: 110587.939: [Full GC (Allocation Failure) 2021-09-20T01:09:39.132+0800: 110587.939: [CMS: 1048575K->1048537K(1048576K), 2.2844252 secs] 2936043K->1089326K(2936064K), [Metaspace: 64877K->64877K(1107968K)], 2.2848960 secs] [Times: user=2.09 sys=0.19, real=2.29 secs]
2021-09-20T01:09:41.422+0800: 110590.229: [GC (CMS Initial Mark) [1 CMS-initial-mark: 1048537K(1048576K)] 1096289K(2936064K), 0.0571523 secs] [Times: user=0.06 sys=0.00, real=0.06 secs]
2021-09-20T01:09:41.480+0800: 110590.287: [CMS-concurrent-mark-start]
2021-09-20T01:09:42.086+0800: 110590.894: [CMS-concurrent-mark: 0.607/0.607 secs] [Times: user=9.70 sys=0.33, real=0.61 secs]
2021-09-20T01:09:42.087+0800: 110590.894: [CMS-concurrent-preclean-start]
2021-09-20T01:09:42.383+0800: 110591.190: [Full GC (Allocation Failure) 2021-09-20T01:09:42.383+0800: 110591.190: [CMS2021-09-20T01:09:43.723+0800: 110592.530: [CMS-concurrent-preclean: 1.622/1.636 secs] [Times: user=4.50 sys=0.14, real=1.63 secs]
 (concurrent mode failure): 1048574K->1048544K(1048576K), 3.5510969 secs] 2936036K->1058825K(2936064K), [Metaspace: 64877K->64877K(1107968K)], 3.5515277 secs] [Times: user=3.26 sys=0.31, real=3.55 secs]
2021-09-20T01:09:46.681+0800: 110595.488: [Full GC (Allocation Failure) 2021-09-20T01:09:46.681+0800: 110595.488: [CMS: 1048544K->1048485K(1048576K), 2.0151069 secs] 2936009K->1058881K(2936064K), [Metaspace: 64877K->64877K(1107968K)], 2.0157172 secs] [Times: user=1.85 sys=0.16, real=2.02 secs]
2021-09-20T01:09:48.704+0800: 110597.511: [GC (CMS Initial Mark) [1 CMS-initial-mark: 1048485K(1048576K)] 1062117K(2936064K), 0.0145881 secs] [Times: user=0.03 sys=0.00, real=0.02 secs]
2021-09-20T01:09:48.719+0800: 110597.526: [CMS-concurrent-mark-start]
2021-09-20T01:09:49.217+0800: 110598.025: [CMS-concurrent-mark: 0.499/0.499 secs] [Times: user=7.68 sys=0.08, real=0.50 secs]
2021-09-20T01:09:49.218+0800: 110598.025: [CMS-concurrent-preclean-start]
2021-09-20T01:09:49.729+0800: 110598.537: [Full GC (Allocation Failure) 2021-09-20T01:09:49.729+0800: 110598.537: [CMS2021-09-20T01:09:50.906+0800: 110599.714: [CMS-concurrent-preclean: 1.675/1.689 secs] [Times: user=5.44 sys=0.23, real=1.69 secs]
 (concurrent mode failure): 1048488K->1048448K(1048576K), 3.1884099 secs] 2935976K->1058291K(2936064K), [Metaspace: 64877K->64877K(1107968K)], 3.1889384 secs] [Times: user=2.91 sys=0.29, real=3.19 secs]
2021-09-20T01:09:53.710+0800: 110602.518: [Full GC (Allocation Failure) 2021-09-20T01:09:53.710+0800: 110602.518: [CMS: 1048569K->1048485K(1048576K), 1.9475197 secs] 2936057K->1059268K(2936064K), [Metaspace: 64877K->64877K(1107968K)], 1.9479650 secs] [Times: user=1.78 sys=0.18, real=1.95 secs]
2021-09-20T01:09:55.662+0800: 110604.469: [GC (CMS Initial Mark) [1 CMS-initial-mark: 1048485K(1048576K)] 1065728K(2936064K), 0.0146530 secs] [Times: user=0.02 sys=0.00, real=0.02 secs]
2021-09-20T01:09:55.677+0800: 110604.484: [CMS-concurrent-mark-start]
2021-09-20T01:09:56.280+0800: 110605.088: [CMS-concurrent-mark: 0.603/0.603 secs] [Times: user=9.21 sys=0.24, real=0.60 secs]
2021-09-20T01:09:56.280+0800: 110605.088: [CMS-concurrent-preclean-start]
2021-09-20T01:09:56.600+0800: 110605.408: [Full GC (Allocation Failure) 2021-09-20T01:09:56.600+0800: 110605.408: [CMS2021-09-20T01:09:57.894+0800: 110606.702: [CMS-concurrent-preclean: 1.600/1.614 secs] [Times: user=4.70 sys=0.08, real=1.61 secs]
 (concurrent mode failure): 1048485K->1048575K(1048576K), 3.3144151 secs] 2935875K->1059453K(2936064K), [Metaspace: 64877K->64877K(1107968K)], 3.3148842 secs] [Times: user=3.13 sys=0.20, real=3.31 secs]
2021-09-20T01:10:00.703+0800: 110609.510: [Full GC (Allocation Failure) 2021-09-20T01:10:00.703+0800: 110609.510: [CMS: 1048575K->1048575K(1048576K), 2.4663721 secs] 2935985K->1059627K(2936064K), [Metaspace: 64877K->64877K(1107968K)], 2.4668459 secs] [Times: user=1.93 sys=0.29, real=2.47 secs]
2021-09-20T01:10:03.176+0800: 110611.983: [GC (CMS Initial Mark) [1 CMS-initial-mark: 1048575K(1048576K)] 1062986K(2936064K), 0.0153068 secs] [Times: user=0.02 sys=0.00, real=0.01 secs]
2021-09-20T01:10:03.192+0800: 110611.999: [CMS-concurrent-mark-start]
2021-09-20T01:10:03.829+0800: 110612.637: [CMS-concurrent-mark: 0.637/0.637 secs] [Times: user=8.51 sys=0.10, real=0.64 secs]
2021-09-20T01:10:03.829+0800: 110612.637: [CMS-concurrent-preclean-start]
2021-09-20T01:10:04.397+0800: 110613.204: [Full GC (Allocation Failure) 2021-09-20T01:10:04.397+0800: 110613.205: [CMS2021-09-20T01:10:05.634+0800: 110614.442: [CMS-concurrent-preclean: 1.787/1.805 secs] [Times: user=6.31 sys=0.22, real=1.80 secs]
 (concurrent mode failure): 1048575K->1048575K(1048576K), 3.2329727 secs] 2935987K->1059754K(2936064K), [Metaspace: 64877K->64877K(1107968K)], 3.2335722 secs] [Times: user=2.94 sys=0.32, real=3.23 secs]
2021-09-20T01:10:08.632+0800: 110617.439: [Full GC (Allocation Failure) 2021-09-20T01:10:08.632+0800: 110617.440: [CMS: 1048575K->1048575K(1048576K), 1.9910962 secs] 2936021K->1059442K(2936064K), [Metaspace: 64877K->64877K(1107968K)], 1.9915573 secs] [Times: user=1.82 sys=0.17, real=1.99 secs]
2021-09-20T01:10:10.628+0800: 110619.435: [GC (CMS Initial Mark) [1 CMS-initial-mark: 1048575K(1048576K)] 1069624K(2936064K), 0.0242145 secs] [Times: user=0.03 sys=0.01, real=0.02 secs]
2021-09-20T01:10:10.653+0800: 110619.460: [CMS-concurrent-mark-start]
2021-09-20T01:10:11.257+0800: 110620.064: [CMS-concurrent-mark: 0.604/0.604 secs] [Times: user=8.78 sys=0.21, real=0.61 secs]
2021-09-20T01:10:11.257+0800: 110620.064: [CMS-concurrent-preclean-start]
2021-09-20T01:10:11.729+0800: 110620.537: [Full GC (Allocation Failure) 2021-09-20T01:10:11.729+0800: 110620.537: [CMS2021-09-20T01:10:12.990+0800: 110621.797: [CMS-concurrent-preclean: 1.715/1.733 secs] [Times: user=5.49 sys=0.32, real=1.73 secs]
 (concurrent mode failure): 1048575K->1048575K(1048576K), 3.3645592 secs] 2936032K->1059650K(2936064K), [Metaspace: 64877K->64877K(1107968K)], 3.3650524 secs] [Times: user=3.09 sys=0.29, real=3.36 secs]
2021-09-20T01:10:15.927+0800: 110624.734: [Full GC (Allocation Failure) 2021-09-20T01:10:15.927+0800: 110624.735: [CMS: 1048575K->1048575K(1048576K), 2.1214734 secs] 2936006K->1060074K(2936064K), [Metaspace: 64877K->64877K(1107968K)], 2.1219699 secs] [Times: user=1.88 sys=0.24, real=2.12 secs]
2021-09-20T01:10:18.057+0800: 110626.864: [GC (CMS Initial Mark) [1 CMS-initial-mark: 1048575K(1048576K)] 1066510K(2936064K), 0.0153255 secs] [Times: user=0.03 sys=0.00, real=0.01 secs]
2021-09-20T01:10:18.073+0800: 110626.880: [CMS-concurrent-mark-start]
2021-09-20T01:10:18.710+0800: 110627.518: [CMS-concurrent-mark: 0.634/0.638 secs] [Times: user=9.62 sys=0.07, real=0.64 secs]
2021-09-20T01:10:18.711+0800: 110627.518: [CMS-concurrent-preclean-start]
2021-09-20T01:10:19.163+0800: 110627.971: [Full GC (Allocation Failure) 2021-09-20T01:10:19.163+0800: 110627.971: [CMS2021-09-20T01:10:20.589+0800: 110629.397: [CMS-concurrent-preclean: 1.870/1.879 secs] [Times: user=6.34 sys=0.24, real=1.88 secs]
 (concurrent mode failure): 1048575K->1048575K(1048576K), 3.4343765 secs] 2936052K->1060097K(2936064K), [Metaspace: 64877K->64877K(1107968K)], 3.4348935 secs] [Times: user=3.14 sys=0.31, real=3.44 secs]
2021-09-20T01:10:23.311+0800: 110632.118: [Full GC (Allocation Failure) 2021-09-20T01:10:23.311+0800: 110632.118: [CMS: 1048575K->1048575K(1048576K), 2.0453008 secs] 2936038K->1060368K(2936064K), [Metaspace: 64877K->64877K(1107968K)], 2.0457678 secs] [Times: user=1.89 sys=0.17, real=2.05 secs]
2021-09-20T01:10:25.360+0800: 110634.167: [GC (CMS Initial Mark) [1 CMS-initial-mark: 1048575K(1048576K)] 1062597K(2936064K), 0.0270998 secs] [Times: user=0.04 sys=0.00, real=0.03 secs]
2021-09-20T01:10:25.387+0800: 110634.195: [CMS-concurrent-mark-start]
2021-09-20T01:10:25.942+0800: 110634.750: [CMS-concurrent-mark: 0.555/0.555 secs] [Times: user=8.69 sys=0.11, real=0.55 secs]
2021-09-20T01:10:25.943+0800: 110634.750: [CMS-concurrent-preclean-start]
2021-09-20T01:10:26.270+0800: 110635.078: [Full GC (Allocation Failure) 2021-09-20T01:10:26.271+0800: 110635.078: [CMS2021-09-20T01:10:27.696+0800: 110636.504: [CMS-concurrent-preclean: 1.741/1.753 secs] [Times: user=5.21 sys=0.17, real=1.76 secs]
 (concurrent mode failure): 1048575K->1048576K(1048576K), 3.7576495 secs] 2935970K->1060389K(2936064K), [Metaspace: 64877K->64877K(1107968K)], 3.7580819 secs] [Times: user=3.34 sys=0.41, real=3.76 secs]
2021-09-20T01:10:30.796+0800: 110639.603: [Full GC (Allocation Failure) 2021-09-20T01:10:30.796+0800: 110639.603: [CMS: 1048576K->1048551K(1048576K), 2.1356253 secs] 2935970K->1074728K(2936064K), [Metaspace: 64877K->64877K(1107968K)], 2.1361518 secs] [Times: user=1.98 sys=0.17, real=2.14 secs]
2021-09-20T01:10:32.940+0800: 110641.747: [GC (CMS Initial Mark) [1 CMS-initial-mark: 1048551K(1048576K)] 1080123K(2936064K), 0.0342834 secs] [Times: user=0.04 sys=0.00, real=0.03 secs]
2021-09-20T01:10:32.974+0800: 110641.782: [CMS-concurrent-mark-start]
2021-09-20T01:10:33.567+0800: 110642.374: [CMS-concurrent-mark: 0.592/0.592 secs] [Times: user=10.26 sys=0.15, real=0.60 secs]
2021-09-20T01:10:33.567+0800: 110642.374: [CMS-concurrent-preclean-start]
2021-09-20T01:10:33.872+0800: 110642.680: [Full GC (Allocation Failure) 2021-09-20T01:10:33.872+0800: 110642.680: [CMS2021-09-20T01:10:35.322+0800: 110644.130: [CMS-concurrent-preclean: 1.746/1.756 secs] [Times: user=5.22 sys=0.23, real=1.75 secs]
 (concurrent mode failure): 1048555K->1048522K(1048576K), 3.6685004 secs] 2936043K->1100753K(2936064K), [Metaspace: 64877K->64877K(1107968K)], 3.6689508 secs] [Times: user=3.35 sys=0.34, real=3.67 secs]
2021-09-20T01:10:38.224+0800: 110647.031: [Full GC (Allocation Failure) 2021-09-20T01:10:38.224+0800: 110647.031: [CMS: 1048522K->1048494K(1048576K), 2.4331109 secs] 2935971K->1096845K(2936064K), [Metaspace: 64877K->64877K(1107968K)], 2.4335863 secs] [Times: user=2.10 sys=0.33, real=2.44 secs]
2021-09-20T01:10:40.664+0800: 110649.471: [GC (CMS Initial Mark) [1 CMS-initial-mark: 1048494K(1048576K)] 1103595K(2936064K), 0.0636315 secs] [Times: user=0.08 sys=0.00, real=0.07 secs]
2021-09-20T01:10:40.729+0800: 110649.536: [CMS-concurrent-mark-start]
2021-09-20T01:10:41.293+0800: 110650.101: [CMS-concurrent-mark: 0.564/0.564 secs] [Times: user=10.10 sys=0.14, real=0.56 secs]
2021-09-20T01:10:41.293+0800: 110650.101: [CMS-concurrent-preclean-start]
2021-09-20T01:10:41.597+0800: 110650.404: [Full GC (Allocation Failure) 2021-09-20T01:10:41.597+0800: 110650.405: [CMS2021-09-20T01:10:42.949+0800: 110651.757: [CMS-concurrent-preclean: 1.645/1.656 secs] [Times: user=5.00 sys=0.14, real=1.66 secs]
 (concurrent mode failure): 1048494K->1048445K(1048576K), 3.4254764 secs] 2935901K->1059803K(2936064K), [Metaspace: 64877K->64877K(1107968K)], 3.4259621 secs] [Times: user=3.24 sys=0.19, real=3.42 secs]
2021-09-20T01:10:45.871+0800: 110654.678: [Full GC (Allocation Failure) 2021-09-20T01:10:45.871+0800: 110654.678: [CMS: 1048481K->1048441K(1048576K), 2.1579945 secs] 2935968K->1059742K(2936064K), [Metaspace: 64877K->64877K(1107968K)], 2.1584453 secs] [Times: user=1.85 sys=0.32, real=2.16 secs]
2021-09-20T01:10:48.036+0800: 110656.844: [GC (CMS Initial Mark) [1 CMS-initial-mark: 1048441K(1048576K)] 1062504K(2936064K), 0.0158208 secs] [Times: user=0.03 sys=0.01, real=0.01 secs]
2021-09-20T01:10:48.053+0800: 110656.860: [CMS-concurrent-mark-start]
2021-09-20T01:10:48.497+0800: 110657.304: [CMS-concurrent-mark: 0.444/0.444 secs] [Times: user=7.21 sys=0.07, real=0.45 secs]
2021-09-20T01:10:48.497+0800: 110657.305: [CMS-concurrent-preclean-start]
2021-09-20T01:10:48.840+0800: 110657.647: [Full GC (Allocation Failure) 2021-09-20T01:10:48.840+0800: 110657.647: [CMS2021-09-20T01:10:50.086+0800: 110658.893: [CMS-concurrent-preclean: 1.580/1.589 secs] [Times: user=5.58 sys=0.10, real=1.59 secs]
 (concurrent mode failure): 1048441K->1048575K(1048576K), 3.2582823 secs] 2935856K->1060099K(2936064K), [Metaspace: 64877K->64877K(1107968K)], 3.2587239 secs] [Times: user=3.06 sys=0.21, real=3.26 secs]
2021-09-20T01:10:52.824+0800: 110661.631: [Full GC (Allocation Failure) 2021-09-20T01:10:52.824+0800: 110661.632: [CMS: 1048575K->1048574K(1048576K), 1.9948682 secs] 2936062K->1060351K(2936064K), [Metaspace: 64877K->64877K(1107968K)], 1.9953975 secs] [Times: user=1.84 sys=0.16, real=2.00 secs]
2021-09-20T01:10:54.828+0800: 110663.635: [GC (CMS Initial Mark) [1 CMS-initial-mark: 1048574K(1048576K)] 1063616K(2936064K), 0.0234560 secs] [Times: user=0.04 sys=0.00, real=0.02 secs]
2021-09-20T01:10:54.852+0800: 110663.659: [CMS-concurrent-mark-start]
2021-09-20T01:10:55.365+0800: 110664.172: [CMS-concurrent-mark: 0.513/0.513 secs] [Times: user=8.36 sys=0.07, real=0.51 secs]
2021-09-20T01:10:55.365+0800: 110664.173: [CMS-concurrent-preclean-start]
2021-09-20T01:10:55.722+0800: 110664.529: [Full GC (Allocation Failure) 2021-09-20T01:10:55.722+0800: 110664.530: [CMS2021-09-20T01:10:57.167+0800: 110665.975: [CMS-concurrent-preclean: 1.792/1.802 secs] [Times: user=5.57 sys=0.25, real=1.81 secs]
 (concurrent mode failure): 1048574K->1048575K(1048576K), 3.4926846 secs] 2936046K->1059799K(2936064K), [Metaspace: 64877K->64877K(1107968K)], 3.4931120 secs] [Times: user=3.22 sys=0.29, real=3.49 secs]
2021-09-20T01:10:59.909+0800: 110668.716: [Full GC (Allocation Failure) 2021-09-20T01:10:59.909+0800: 110668.716: [CMS: 1048575K->1048575K(1048576K), 2.6005393 secs] 2936045K->1060092K(2936064K), [Metaspace: 64877K->64877K(1107968K)], 2.6010600 secs] [Times: user=1.99 sys=0.35, real=2.60 secs]
2021-09-20T01:11:02.516+0800: 110671.324: [GC (CMS Initial Mark) [1 CMS-initial-mark: 1048575K(1048576K)] 1063104K(2936064K), 0.0168621 secs] [Times: user=0.02 sys=0.00, real=0.01 secs]
2021-09-20T01:11:02.534+0800: 110671.341: [CMS-concurrent-mark-start]
2021-09-20T01:11:03.107+0800: 110671.914: [CMS-concurrent-mark: 0.573/0.573 secs] [Times: user=8.87 sys=0.07, real=0.58 secs]
2021-09-20T01:11:03.107+0800: 110671.915: [CMS-concurrent-preclean-start]
2021-09-20T01:11:03.511+0800: 110672.319: [Full GC (Allocation Failure) 2021-09-20T01:11:03.512+0800: 110672.319: [CMS2021-09-20T01:11:04.927+0800: 110673.735: [CMS-concurrent-preclean: 1.808/1.820 secs] [Times: user=6.27 sys=0.24, real=1.82 secs]
 (concurrent mode failure): 1048575K->1048575K(1048576K), 3.5099794 secs] 2936012K->1059751K(2936064K), [Metaspace: 64877K->64877K(1107968K)], 3.5105130 secs] [Times: user=3.17 sys=0.36, real=3.51 secs]
2021-09-20T01:11:07.822+0800: 110676.630: [Full GC (Allocation Failure) 2021-09-20T01:11:07.823+0800: 110676.630: [CMS: 1048575K->1048561K(1048576K), 2.2445448 secs] 2936049K->1060012K(2936064K), [Metaspace: 64877K->64877K(1107968K)], 2.2450786 secs] [Times: user=1.93 sys=0.33, real=2.25 secs]
2021-09-20T01:11:10.075+0800: 110678.883: [GC (CMS Initial Mark) [1 CMS-initial-mark: 1048561K(1048576K)] 1062963K(2936064K), 0.0206628 secs] [Times: user=0.03 sys=0.00, real=0.03 secs]
2021-09-20T01:11:10.096+0800: 110678.904: [CMS-concurrent-mark-start]
2021-09-20T01:11:10.675+0800: 110679.483: [CMS-concurrent-mark: 0.579/0.579 secs] [Times: user=8.79 sys=0.08, real=0.57 secs]
2021-09-20T01:11:10.675+0800: 110679.483: [CMS-concurrent-preclean-start]
2021-09-20T01:11:10.974+0800: 110679.781: [Full GC (Allocation Failure) 2021-09-20T01:11:10.974+0800: 110679.782: [CMS2021-09-20T01:11:12.282+0800: 110681.089: [CMS-concurrent-preclean: 1.596/1.606 secs] [Times: user=5.02 sys=0.12, real=1.61 secs]
 (concurrent mode failure): 1048561K->1048509K(1048576K), 3.5261818 secs] 2935964K->1060072K(2936064K), [Metaspace: 64877K->64877K(1107968K)], 3.5267713 secs] [Times: user=3.19 sys=0.34, real=3.53 secs]
2021-09-20T01:11:15.403+0800: 110684.210: [Full GC (Allocation Failure) 2021-09-20T01:11:15.403+0800: 110684.211: [CMS: 1048509K->1048477K(1048576K), 2.1144083 secs] 2935931K->1060249K(2936064K), [Metaspace: 64877K->64877K(1107968K)], 2.1149587 secs] [Times: user=1.90 sys=0.22, real=2.12 secs]
2021-09-20T01:11:17.524+0800: 110686.331: [GC (CMS Initial Mark) [1 CMS-initial-mark: 1048477K(1048576K)] 1063349K(2936064K), 0.0249616 secs] [Times: user=0.04 sys=0.00, real=0.03 secs]
2021-09-20T01:11:17.549+0800: 110686.357: [CMS-concurrent-mark-start]
2021-09-20T01:11:18.280+0800: 110687.087: [CMS-concurrent-mark: 0.727/0.731 secs] [Times: user=9.43 sys=0.08, real=0.73 secs]
2021-09-20T01:11:18.280+0800: 110687.087: [CMS-concurrent-preclean-start]
2021-09-20T01:11:18.710+0800: 110687.517: [Full GC (Allocation Failure) 2021-09-20T01:11:18.710+0800: 110687.517: [CMS2021-09-20T01:11:20.102+0800: 110688.909: [CMS-concurrent-preclean: 1.813/1.822 secs] [Times: user=6.34 sys=0.23, real=1.82 secs]
 (concurrent mode failure): 1048548K->1048533K(1048576K), 3.4401808 secs] 2936028K->1059780K(2936064K), [Metaspace: 64877K->64877K(1107968K)], 3.4406246 secs] [Times: user=3.10 sys=0.35, real=3.44 secs]
2021-09-20T01:11:22.926+0800: 110691.733: [Full GC (Allocation Failure) 2021-09-20T01:11:22.926+0800: 110691.733: [CMS: 1048533K->1048424K(1048576K), 2.2554691 secs] 2935992K->1060062K(2936064K), [Metaspace: 64877K->64877K(1107968K)], 2.2559380 secs] [Times: user=1.96 sys=0.30, real=2.25 secs]
2021-09-20T01:11:25.185+0800: 110693.993: [GC (CMS Initial Mark) [1 CMS-initial-mark: 1048424K(1048576K)] 1063158K(2936064K), 0.0164190 secs] [Times: user=0.02 sys=0.00, real=0.02 secs]
2021-09-20T01:11:25.202+0800: 110694.010: [CMS-concurrent-mark-start]
2021-09-20T01:11:25.678+0800: 110694.486: [CMS-concurrent-mark: 0.476/0.476 secs] [Times: user=7.73 sys=0.07, real=0.48 secs]
2021-09-20T01:11:25.679+0800: 110694.486: [CMS-concurrent-preclean-start]
2021-09-20T01:11:26.335+0800: 110695.142: [Full GC (Allocation Failure) 2021-09-20T01:11:26.335+0800: 110695.143: [CMS2021-09-20T01:11:27.432+0800: 110696.240: [CMS-concurrent-preclean: 1.734/1.753 secs] [Times: user=7.20 sys=0.09, real=1.75 secs]
 (concurrent mode failure): 1048522K->1048512K(1048576K), 3.2208300 secs] 2935931K->1060268K(2936064K), [Metaspace: 64877K->64877K(1107968K)], 3.2214286 secs] [Times: user=3.00 sys=0.24, real=3.23 secs]
2021-09-20T01:11:30.399+0800: 110699.207: [Full GC (Allocation Failure) 2021-09-20T01:11:30.399+0800: 110699.207: [CMS: 1048512K->1048575K(1048576K), 2.3133453 secs] 2935952K->1101877K(2936064K), [Metaspace: 64877K->64877K(1107968K)], 2.3137950 secs] [Times: user=2.08 sys=0.24, real=2.31 secs]
2021-09-20T01:11:32.719+0800: 110701.526: [GC (CMS Initial Mark) [1 CMS-initial-mark: 1048575K(1048576K)] 1101997K(2936064K), 0.0681239 secs] [Times: user=0.08 sys=0.01, real=0.07 secs]
2021-09-20T01:11:32.787+0800: 110701.595: [CMS-concurrent-mark-start]
2021-09-20T01:11:33.334+0800: 110702.142: [CMS-concurrent-mark: 0.547/0.547 secs] [Times: user=9.24 sys=0.11, real=0.54 secs]
2021-09-20T01:11:33.335+0800: 110702.142: [CMS-concurrent-preclean-start]
2021-09-20T01:11:33.671+0800: 110702.479: [Full GC (Allocation Failure) 2021-09-20T01:11:33.672+0800: 110702.479: [CMS2021-09-20T01:11:34.917+0800: 110703.724: [CMS-concurrent-preclean: 1.573/1.582 secs] [Times: user=6.07 sys=0.14, real=1.59 secs]
 (concurrent mode failure): 1048575K->1048574K(1048576K), 3.3373731 secs] 2936008K->1080812K(2936064K), [Metaspace: 64877K->64877K(1107968K)], 3.3378532 secs] [Times: user=3.17 sys=0.18, real=3.34 secs]
2021-09-20T01:11:37.731+0800: 110706.538: [Full GC (Allocation Failure) 2021-09-20T01:11:37.731+0800: 110706.538: [CMS: 1048574K->1048576K(1048576K), 2.4690375 secs] 2935945K->1110739K(2936064K), [Metaspace: 64877K->64877K(1107968K)], 2.4696286 secs] [Times: user=2.15 sys=0.33, real=2.47 secs]
2021-09-20T01:11:40.209+0800: 110709.016: [GC (CMS Initial Mark) [1 CMS-initial-mark: 1048576K(1048576K)] 1113592K(2936064K), 0.0790647 secs] [Times: user=0.08 sys=0.00, real=0.08 secs]
2021-09-20T01:11:40.288+0800: 110709.096: [CMS-concurrent-mark-start]
2021-09-20T01:11:40.812+0800: 110709.620: [CMS-concurrent-mark: 0.524/0.524 secs] [Times: user=9.24 sys=0.15, real=0.52 secs]
2021-09-20T01:11:40.813+0800: 110709.620: [CMS-concurrent-preclean-start]
2021-09-20T01:11:41.127+0800: 110709.935: [Full GC (Allocation Failure) 2021-09-20T01:11:41.128+0800: 110709.935: [CMS2021-09-20T01:11:42.373+0800: 110711.180: [CMS-concurrent-preclean: 1.552/1.560 secs] [Times: user=5.30 sys=0.13, real=1.56 secs]
 (concurrent mode failure): 1048576K->1048575K(1048576K), 3.5252615 secs] 2936039K->1070171K(2936064K), [Metaspace: 64877K->64877K(1107968K)], 3.5256897 secs] [Times: user=3.21 sys=0.33, real=3.52 secs]
2021-09-20T01:11:45.343+0800: 110714.151: [Full GC (Allocation Failure) 2021-09-20T01:11:45.344+0800: 110714.151: [CMS: 1048575K->1048575K(1048576K), 2.0415268 secs] 2935981K->1061028K(2936064K), [Metaspace: 64877K->64877K(1107968K)], 2.0420223 secs] [Times: user=1.88 sys=0.17, real=2.04 secs]
2021-09-20T01:11:47.393+0800: 110716.201: [GC (CMS Initial Mark) [1 CMS-initial-mark: 1048575K(1048576K)] 1063874K(2936064K), 0.0221698 secs] [Times: user=0.03 sys=0.00, real=0.02 secs]
2021-09-20T01:11:47.416+0800: 110716.223: [CMS-concurrent-mark-start]
2021-09-20T01:11:47.910+0800: 110716.717: [CMS-concurrent-mark: 0.494/0.494 secs] [Times: user=8.43 sys=0.10, real=0.49 secs]
2021-09-20T01:11:47.910+0800: 110716.718: [CMS-concurrent-preclean-start]
2021-09-20T01:11:48.240+0800: 110717.047: [Full GC (Allocation Failure) 2021-09-20T01:11:48.240+0800: 110717.048: [CMS2021-09-20T01:11:49.650+0800: 110718.458: [CMS-concurrent-preclean: 1.728/1.740 secs] [Times: user=5.23 sys=0.19, real=1.74 secs]
 (concurrent mode failure): 1048575K->1048575K(1048576K), 3.4070361 secs] 2935999K->1061099K(2936064K), [Metaspace: 64877K->64877K(1107968K)], 3.4075880 secs] [Times: user=3.12 sys=0.30, real=3.41 secs]
2021-09-20T01:11:52.306+0800: 110721.114: [Full GC (Allocation Failure) 2021-09-20T01:11:52.307+0800: 110721.114: [CMS: 1048575K->1048575K(1048576K), 1.9738226 secs] 2935930K->1061059K(2936064K), [Metaspace: 64877K->64877K(1107968K)], 1.9743969 secs] [Times: user=1.79 sys=0.19, real=1.97 secs]
2021-09-20T01:11:54.287+0800: 110723.095: [GC (CMS Initial Mark) [1 CMS-initial-mark: 1048575K(1048576K)] 1063982K(2936064K), 0.0215885 secs] [Times: user=0.03 sys=0.00, real=0.02 secs]
2021-09-20T01:11:54.309+0800: 110723.117: [CMS-concurrent-mark-start]
2021-09-20T01:11:54.891+0800: 110723.698: [CMS-concurrent-mark: 0.581/0.581 secs] [Times: user=9.61 sys=0.09, real=0.58 secs]
2021-09-20T01:11:54.891+0800: 110723.698: [CMS-concurrent-preclean-start]
2021-09-20T01:11:55.168+0800: 110723.975: [Full GC (Allocation Failure) 2021-09-20T01:11:55.168+0800: 110723.975: [CMS2021-09-20T01:11:56.664+0800: 110725.472: [CMS-concurrent-preclean: 1.761/1.773 secs] [Times: user=5.09 sys=0.25, real=1.77 secs]
 (concurrent mode failure): 1048575K->1048569K(1048576K), 3.4451608 secs] 2936037K->1061217K(2936064K), [Metaspace: 64877K->64877K(1107968K)], 3.4456346 secs] [Times: user=3.17 sys=0.29, real=3.44 secs]
2021-09-20T01:11:59.340+0800: 110728.148: [Full GC (Allocation Failure) 2021-09-20T01:11:59.340+0800: 110728.148: [CMS: 1048569K->1048544K(1048576K), 2.1987283 secs] 2936041K->1061126K(2936064K), [Metaspace: 64877K->64877K(1107968K)], 2.1991683 secs] [Times: user=1.91 sys=0.29, real=2.20 secs]
2021-09-20T01:12:01.545+0800: 110730.353: [GC (CMS Initial Mark) [1 CMS-initial-mark: 1048544K(1048576K)] 1063781K(2936064K), 0.0314609 secs] [Times: user=0.04 sys=0.01, real=0.04 secs]
2021-09-20T01:12:01.577+0800: 110730.385: [CMS-concurrent-mark-start]
2021-09-20T01:12:02.816+0800: 110731.624: [CMS-concurrent-mark: 1.239/1.239 secs] [Times: user=11.41 sys=0.13, real=1.24 secs]
2021-09-20T01:12:02.816+0800: 110731.624: [CMS-concurrent-preclean-start]
2021-09-20T01:12:03.106+0800: 110731.914: [Full GC (Allocation Failure) 2021-09-20T01:12:03.107+0800: 110731.914: [CMS2021-09-20T01:12:04.638+0800: 110733.445: [CMS-concurrent-preclean: 1.810/1.821 secs] [Times: user=4.72 sys=0.40, real=1.82 secs]
 (concurrent mode failure): 1048544K->1048512K(1048576K), 3.5856419 secs] 2935929K->1061218K(2936064K), [Metaspace: 64877K->64877K(1107968K)], 3.5862215 secs] [Times: user=3.25 sys=0.35, real=3.58 secs]
2021-09-20T01:12:07.459+0800: 110736.266: [Full GC (Allocation Failure) 2021-09-20T01:12:07.459+0800: 110736.267: [CMS: 1048512K->1048453K(1048576K), 2.0365328 secs] 2935856K->1061185K(2936064K), [Metaspace: 64877K->64877K(1107968K)], 2.0371865 secs] [Times: user=1.85 sys=0.20, real=2.04 secs]
2021-09-20T01:12:09.538+0800: 110738.345: [GC (CMS Initial Mark) [1 CMS-initial-mark: 1048453K(1048576K)] 1113184K(2936064K), 0.0190052 secs] [Times: user=0.07 sys=0.00, real=0.02 secs]
2021-09-20T01:12:09.557+0800: 110738.364: [CMS-concurrent-mark-start]
2021-09-20T01:12:10.272+0800: 110739.080: [CMS-concurrent-mark: 0.716/0.716 secs] [Times: user=11.10 sys=0.28, real=0.71 secs]
2021-09-20T01:12:10.273+0800: 110739.080: [CMS-concurrent-preclean-start]
2021-09-20T01:12:10.524+0800: 110739.331: [Full GC (Allocation Failure) 2021-09-20T01:12:10.524+0800: 110739.332: [CMS2021-09-20T01:12:12.024+0800: 110740.832: [CMS-concurrent-preclean: 1.734/1.752 secs] [Times: user=4.74 sys=0.21, real=1.75 secs]
 (concurrent mode failure): 1048516K->1048502K(1048576K), 3.7134627 secs] 2935944K->1061508K(2936064K), [Metaspace: 64877K->64877K(1107968K)], 3.7139155 secs] [Times: user=3.37 sys=0.35, real=3.72 secs]
2021-09-20T01:12:14.947+0800: 110743.755: [Full GC (Allocation Failure) 2021-09-20T01:12:14.948+0800: 110743.755: [CMS: 1048502K->1048414K(1048576K), 2.0537134 secs] 2935828K->1061519K(2936064K), [Metaspace: 64877K->64877K(1107968K)], 2.0542680 secs] [Times: user=1.89 sys=0.18, real=2.05 secs]
2021-09-20T01:12:17.007+0800: 110745.815: [GC (CMS Initial Mark) [1 CMS-initial-mark: 1048414K(1048576K)] 1067056K(2936064K), 0.0178299 secs] [Times: user=0.03 sys=0.00, real=0.01 secs]
2021-09-20T01:12:17.026+0800: 110745.833: [CMS-concurrent-mark-start]
2021-09-20T01:12:17.634+0800: 110746.441: [CMS-concurrent-mark: 0.608/0.608 secs] [Times: user=9.33 sys=0.14, real=0.61 secs]
2021-09-20T01:12:17.634+0800: 110746.441: [CMS-concurrent-preclean-start]
2021-09-20T01:12:17.990+0800: 110746.797: [Full GC (Allocation Failure) 2021-09-20T01:12:17.990+0800: 110746.797: [CMS2021-09-20T01:12:19.408+0800: 110748.216: [CMS-concurrent-preclean: 1.762/1.774 secs] [Times: user=5.98 sys=0.27, real=1.78 secs]
 (concurrent mode failure): 1048414K->1048575K(1048576K), 3.4228908 secs] 2935768K->1061403K(2936064K), [Metaspace: 64877K->64877K(1107968K)], 3.4233693 secs] [Times: user=3.13 sys=0.31, real=3.42 secs]
2021-09-20T01:12:22.229+0800: 110751.036: [Full GC (Allocation Failure) 2021-09-20T01:12:22.229+0800: 110751.037: [CMS: 1048575K->1048575K(1048576K), 2.1120785 secs] 2935940K->1061259K(2936064K), [Metaspace: 64877K->64877K(1107968K)], 2.1126100 secs] [Times: user=1.94 sys=0.17, real=2.11 secs]
2021-09-20T01:12:24.346+0800: 110753.153: [GC (CMS Initial Mark) [1 CMS-initial-mark: 1048575K(1048576K)] 1066529K(2936064K), 0.0290854 secs] [Times: user=0.04 sys=0.01, real=0.02 secs]
2021-09-20T01:12:24.375+0800: 110753.183: [CMS-concurrent-mark-start]
2021-09-20T01:12:24.896+0800: 110753.703: [CMS-concurrent-mark: 0.520/0.520 secs] [Times: user=8.75 sys=0.10, real=0.52 secs]
2021-09-20T01:12:24.896+0800: 110753.703: [CMS-concurrent-preclean-start]
2021-09-20T01:12:25.224+0800: 110754.031: [Full GC (Allocation Failure) 2021-09-20T01:12:25.224+0800: 110754.031: [CMS2021-09-20T01:12:26.650+0800: 110755.458: [CMS-concurrent-preclean: 1.746/1.755 secs] [Times: user=5.61 sys=0.26, real=1.75 secs]
 (concurrent mode failure): 1048575K->1048575K(1048576K), 3.4953022 secs] 2936053K->1061442K(2936064K), [Metaspace: 64877K->64877K(1107968K)], 3.4957326 secs] [Times: user=3.18 sys=0.33, real=3.50 secs]
2021-09-20T01:12:29.366+0800: 110758.174: [Full GC (Allocation Failure) 2021-09-20T01:12:29.367+0800: 110758.174: [CMS: 1048575K->1048575K(1048576K), 2.0968018 secs] 2936043K->1069459K(2936064K), [Metaspace: 64877K->64877K(1107968K)], 2.0972611 secs] [Times: user=1.91 sys=0.20, real=2.09 secs]
2021-09-20T01:12:31.467+0800: 110760.275: [GC (CMS Initial Mark) [1 CMS-initial-mark: 1048575K(1048576K)] 1073575K(2936064K), 0.0314543 secs] [Times: user=0.04 sys=0.00, real=0.03 secs]
2021-09-20T01:12:31.499+0800: 110760.307: [CMS-concurrent-mark-start]
2021-09-20T01:12:32.197+0800: 110761.004: [CMS-concurrent-mark: 0.698/0.698 secs] [Times: user=10.89 sys=0.24, real=0.70 secs]
2021-09-20T01:12:32.197+0800: 110761.005: [CMS-concurrent-preclean-start]
2021-09-20T01:12:32.492+0800: 110761.299: [Full GC (Allocation Failure) 2021-09-20T01:12:32.492+0800: 110761.299: [CMS2021-09-20T01:12:33.782+0800: 110762.589: [CMS-concurrent-preclean: 1.575/1.585 secs] [Times: user=4.97 sys=0.18, real=1.58 secs]
 (concurrent mode failure): 1048575K->1048575K(1048576K), 3.3898749 secs] 2935976K->1085204K(2936064K), [Metaspace: 64877K->64877K(1107968K)], 3.3903104 secs] [Times: user=3.19 sys=0.22, real=3.39 secs]
2021-09-20T01:12:36.575+0800: 110765.382: [Full GC (Allocation Failure) 2021-09-20T01:12:36.575+0800: 110765.383: [CMS: 1048575K->1048575K(1048576K), 2.2733208 secs] 2936025K->1091145K(2936064K), [Metaspace: 64877K->64877K(1107968K)], 2.2739170 secs] [Times: user=2.07 sys=0.21, real=2.28 secs]
2021-09-20T01:12:38.857+0800: 110767.664: [GC (CMS Initial Mark) [1 CMS-initial-mark: 1048575K(1048576K)] 1100636K(2936064K), 0.0652018 secs] [Times: user=0.08 sys=0.00, real=0.06 secs]
2021-09-20T01:12:38.923+0800: 110767.730: [CMS-concurrent-mark-start]
2021-09-20T01:12:39.504+0800: 110768.311: [CMS-concurrent-mark: 0.581/0.581 secs] [Times: user=10.03 sys=0.21, real=0.58 secs]
2021-09-20T01:12:39.504+0800: 110768.312: [CMS-concurrent-preclean-start]
2021-09-20T01:12:39.768+0800: 110768.576: [Full GC (Allocation Failure) 2021-09-20T01:12:39.769+0800: 110768.576: [CMS2021-09-20T01:12:41.262+0800: 110770.070: [CMS-concurrent-preclean: 1.747/1.758 secs] [Times: user=5.28 sys=0.28, real=1.76 secs]
 (concurrent mode failure): 1048575K->1048574K(1048576K), 3.9263356 secs] 2935923K->1088631K(2936064K), [Metaspace: 64877K->64877K(1107968K)], 3.9267637 secs] [Times: user=3.44 sys=0.50, real=3.92 secs]
2021-09-20T01:12:44.377+0800: 110773.185: [Full GC (Allocation Failure) 2021-09-20T01:12:44.378+0800: 110773.185: [CMS: 1048574K->1048575K(1048576K), 2.0493330 secs] 2936061K->1069680K(2936064K), [Metaspace: 64877K->64877K(1107968K)], 2.0498190 secs] [Times: user=1.87 sys=0.19, real=2.05 secs]
2021-09-20T01:12:46.436+0800: 110775.243: [GC (CMS Initial Mark) [1 CMS-initial-mark: 1048575K(1048576K)] 1072657K(2936064K), 0.0275495 secs] [Times: user=0.04 sys=0.00, real=0.03 secs]
2021-09-20T01:12:46.464+0800: 110775.271: [CMS-concurrent-mark-start]
2021-09-20T01:12:47.029+0800: 110775.837: [CMS-concurrent-mark: 0.566/0.566 secs] [Times: user=9.64 sys=0.12, real=0.57 secs]
2021-09-20T01:12:47.030+0800: 110775.837: [CMS-concurrent-preclean-start]
2021-09-20T01:12:47.267+0800: 110776.074: [Full GC (Allocation Failure) 2021-09-20T01:12:47.267+0800: 110776.074: [CMS2021-09-20T01:12:48.850+0800: 110777.657: [CMS-concurrent-preclean: 1.810/1.820 secs] [Times: user=4.67 sys=0.20, real=1.82 secs]
 (concurrent mode failure): 1048575K->1048574K(1048576K), 3.6906859 secs] 2935951K->1061046K(2936064K), [Metaspace: 64877K->64877K(1107968K)], 3.6911730 secs] [Times: user=3.35 sys=0.35, real=3.69 secs]
2021-09-20T01:12:51.669+0800: 110780.476: [Full GC (Allocation Failure) 2021-09-20T01:12:51.669+0800: 110780.476: [CMS: 1048574K->1048575K(1048576K), 1.9690763 secs] 2936055K->1061167K(2936064K), [Metaspace: 64877K->64877K(1107968K)], 1.9695267 secs] [Times: user=1.79 sys=0.19, real=1.97 secs]
2021-09-20T01:12:53.641+0800: 110782.449: [GC (CMS Initial Mark) [1 CMS-initial-mark: 1048575K(1048576K)] 1063790K(2936064K), 0.0165496 secs] [Times: user=0.03 sys=0.00, real=0.02 secs]
2021-09-20T01:12:53.658+0800: 110782.466: [CMS-concurrent-mark-start]
2021-09-20T01:12:54.280+0800: 110783.087: [CMS-concurrent-mark: 0.621/0.621 secs] [Times: user=10.39 sys=0.33, real=0.62 secs]
2021-09-20T01:12:54.280+0800: 110783.087: [CMS-concurrent-preclean-start]
2021-09-20T01:12:54.501+0800: 110783.309: [Full GC (Allocation Failure) 2021-09-20T01:12:54.501+0800: 110783.309: [CMS2021-09-20T01:12:55.854+0800: 110784.661: [CMS-concurrent-preclean: 1.561/1.574 secs] [Times: user=4.23 sys=0.11, real=1.57 secs]
 (concurrent mode failure): 1048575K->1048563K(1048576K), 3.3638200 secs] 2935947K->1061221K(2936064K), [Metaspace: 64877K->64877K(1107968K)], 3.3642580 secs] [Times: user=3.18 sys=0.20, real=3.36 secs]
2021-09-20T01:12:58.628+0800: 110787.435: [Full GC (Allocation Failure) 2021-09-20T01:12:58.628+0800: 110787.435: [CMS: 1048563K->1048520K(1048576K), 2.1719240 secs] 2935969K->1061408K(2936064K), [Metaspace: 64877K->64877K(1107968K)], 2.1724834 secs] [Times: user=1.89 sys=0.28, real=2.17 secs]
2021-09-20T01:13:00.805+0800: 110789.613: [GC (CMS Initial Mark) [1 CMS-initial-mark: 1048520K(1048576K)] 1064055K(2936064K), 0.0192236 secs] [Times: user=0.03 sys=0.00, real=0.02 secs]
2021-09-20T01:13:00.825+0800: 110789.632: [CMS-concurrent-mark-start]
2021-09-20T01:13:01.312+0800: 110790.119: [CMS-concurrent-mark: 0.487/0.487 secs] [Times: user=8.52 sys=0.09, real=0.49 secs]
2021-09-20T01:13:01.312+0800: 110790.120: [CMS-concurrent-preclean-start]
2021-09-20T01:13:01.633+0800: 110790.441: [Full GC (Allocation Failure) 2021-09-20T01:13:01.634+0800: 110790.441: [CMS2021-09-20T01:13:03.254+0800: 110792.061: [CMS-concurrent-preclean: 1.932/1.942 secs] [Times: user=5.03 sys=0.10, real=1.94 secs]
 (concurrent mode failure): 1048520K->1048488K(1048576K), 3.6506051 secs] 2935924K->1061408K(2936064K), [Metaspace: 64877K->64877K(1107968K)], 3.6511004 secs] [Times: user=3.20 sys=0.19, real=3.65 secs]
2021-09-20T01:13:05.933+0800: 110794.741: [Full GC (Allocation Failure) 2021-09-20T01:13:05.934+0800: 110794.741: [CMS: 1048575K->1048533K(1048576K), 2.1902485 secs] 2936057K->1061078K(2936064K), [Metaspace: 64877K->64877K(1107968K)], 2.1906875 secs] [Times: user=1.88 sys=0.31, real=2.19 secs]
2021-09-20T01:13:08.129+0800: 110796.936: [GC (CMS Initial Mark) [1 CMS-initial-mark: 1048533K(1048576K)] 1063981K(2936064K), 0.0171742 secs] [Times: user=0.03 sys=0.00, real=0.02 secs]
2021-09-20T01:13:08.146+0800: 110796.954: [CMS-concurrent-mark-start]
2021-09-20T01:13:08.684+0800: 110797.492: [CMS-concurrent-mark: 0.538/0.538 secs] [Times: user=8.38 sys=0.08, real=0.53 secs]
2021-09-20T01:13:08.685+0800: 110797.492: [CMS-concurrent-preclean-start]
2021-09-20T01:13:09.301+0800: 110798.108: [Full GC (Allocation Failure) 2021-09-20T01:13:09.301+0800: 110798.108: [CMS2021-09-20T01:13:10.398+0800: 110799.205: [CMS-concurrent-preclean: 1.699/1.713 secs] [Times: user=6.86 sys=0.10, real=1.72 secs]
 (concurrent mode failure): 1048539K->1048416K(1048576K), 3.2035065 secs] 2936027K->1059944K(2936064K), [Metaspace: 64877K->64877K(1107968K)], 3.2041149 secs] [Times: user=3.04 sys=0.17, real=3.20 secs]
2021-09-20T01:13:13.226+0800: 110802.033: [Full GC (Allocation Failure) 2021-09-20T01:13:13.226+0800: 110802.034: [CMS: 1048416K->1048576K(1048576K), 2.3308867 secs] 2935803K->1061458K(2936064K), [Metaspace: 64877K->64877K(1107968K)], 2.3313293 secs] [Times: user=2.03 sys=0.31, real=2.33 secs]
2021-09-20T01:13:15.562+0800: 110804.370: [GC (CMS Initial Mark) [1 CMS-initial-mark: 1048576K(1048576K)] 1064296K(2936064K), 0.0309854 secs] [Times: user=0.03 sys=0.00, real=0.03 secs]
2021-09-20T01:13:15.594+0800: 110804.401: [CMS-concurrent-mark-start]
2021-09-20T01:13:16.228+0800: 110805.035: [CMS-concurrent-mark: 0.634/0.634 secs] [Times: user=9.89 sys=0.08, real=0.64 secs]
2021-09-20T01:13:16.228+0800: 110805.035: [CMS-concurrent-preclean-start]
2021-09-20T01:13:16.524+0800: 110805.331: [Full GC (Allocation Failure) 2021-09-20T01:13:16.524+0800: 110805.331: [CMS2021-09-20T01:13:17.872+0800: 110806.679: [CMS-concurrent-preclean: 1.633/1.644 secs] [Times: user=5.18 sys=0.07, real=1.64 secs]
 (concurrent mode failure): 1048576K->1048575K(1048576K), 3.3529321 secs] 2936037K->1061717K(2936064K), [Metaspace: 64877K->64877K(1107968K)], 3.3534979 secs] [Times: user=3.17 sys=0.19, real=3.36 secs]
2021-09-20T01:13:20.734+0800: 110809.541: [Full GC (Allocation Failure) 2021-09-20T01:13:20.734+0800: 110809.541: [CMS: 1048575K->1048557K(1048576K), 1.9709388 secs] 2936014K->1061914K(2936064K), [Metaspace: 64877K->64877K(1107968K)], 1.9715354 secs] [Times: user=1.84 sys=0.15, real=1.97 secs]
2021-09-20T01:13:22.710+0800: 110811.518: [GC (CMS Initial Mark) [1 CMS-initial-mark: 1048557K(1048576K)] 1062069K(2936064K), 0.0280484 secs] [Times: user=0.03 sys=0.01, real=0.03 secs]
2021-09-20T01:13:22.739+0800: 110811.546: [CMS-concurrent-mark-start]
2021-09-20T01:13:23.325+0800: 110812.132: [CMS-concurrent-mark: 0.586/0.586 secs] [Times: user=9.53 sys=0.10, real=0.58 secs]
2021-09-20T01:13:23.325+0800: 110812.132: [CMS-concurrent-preclean-start]
2021-09-20T01:13:23.622+0800: 110812.429: [Full GC (Allocation Failure) 2021-09-20T01:13:23.622+0800: 110812.429: [CMS2021-09-20T01:13:25.143+0800: 110813.951: [CMS-concurrent-preclean: 1.807/1.819 secs] [Times: user=5.36 sys=0.22, real=1.82 secs]
 (concurrent mode failure): 1048557K->1048491K(1048576K), 3.3312204 secs] 2936026K->1061862K(2936064K), [Metaspace: 64877K->64877K(1107968K)], 3.3316544 secs] [Times: user=3.16 sys=0.18, real=3.33 secs]
2021-09-20T01:13:27.895+0800: 110816.702: [Full GC (Allocation Failure) 2021-09-20T01:13:27.895+0800: 110816.702: [CMS: 1048491K->1048421K(1048576K), 2.1413859 secs] 2935876K->1062124K(2936064K), [Metaspace: 64877K->64877K(1107968K)], 2.1418444 secs] [Times: user=1.86 sys=0.29, real=2.15 secs]
2021-09-20T01:13:30.044+0800: 110818.851: [GC (CMS Initial Mark) [1 CMS-initial-mark: 1048421K(1048576K)] 1065974K(2936064K), 0.0239604 secs] [Times: user=0.03 sys=0.00, real=0.03 secs]
2021-09-20T01:13:30.068+0800: 110818.875: [CMS-concurrent-mark-start]
2021-09-20T01:13:30.814+0800: 110819.622: [CMS-concurrent-mark: 0.746/0.746 secs] [Times: user=11.84 sys=0.15, real=0.74 secs]
2021-09-20T01:13:30.815+0800: 110819.622: [CMS-concurrent-preclean-start]
2021-09-20T01:13:31.050+0800: 110819.857: [Full GC (Allocation Failure) 2021-09-20T01:13:31.050+0800: 110819.858: [CMS2021-09-20T01:13:32.579+0800: 110821.386: [CMS-concurrent-preclean: 1.752/1.764 secs] [Times: user=4.68 sys=0.19, real=1.77 secs]
 (concurrent mode failure): 1048421K->1048569K(1048576K), 3.6550431 secs] 2935802K->1088331K(2936064K), [Metaspace: 64877K->64877K(1107968K)], 3.6556219 secs] [Times: user=3.34 sys=0.33, real=3.65 secs]
2021-09-20T01:13:35.419+0800: 110824.226: [Full GC (Allocation Failure) 2021-09-20T01:13:35.419+0800: 110824.226: [CMS: 1048569K->1048536K(1048576K), 2.2527931 secs] 2935994K->1105300K(2936064K), [Metaspace: 64877K->64877K(1107968K)], 2.2532730 secs] [Times: user=2.05 sys=0.20, real=2.25 secs]
2021-09-20T01:13:37.676+0800: 110826.484: [GC (CMS Initial Mark) [1 CMS-initial-mark: 1048536K(1048576K)] 1106864K(2936064K), 0.1040992 secs] [Times: user=0.11 sys=0.00, real=0.10 secs]
2021-09-20T01:13:37.781+0800: 110826.588: [CMS-concurrent-mark-start]
2021-09-20T01:13:38.388+0800: 110827.195: [CMS-concurrent-mark: 0.607/0.607 secs] [Times: user=11.16 sys=0.41, real=0.61 secs]
2021-09-20T01:13:38.388+0800: 110827.196: [CMS-concurrent-preclean-start]
2021-09-20T01:13:38.610+0800: 110827.417: [Full GC (Allocation Failure) 2021-09-20T01:13:38.610+0800: 110827.417: [CMS2021-09-20T01:13:40.042+0800: 110828.849: [CMS-concurrent-preclean: 1.640/1.654 secs] [Times: user=4.66 sys=0.16, real=1.65 secs]
 (concurrent mode failure): 1048536K->1048532K(1048576K), 3.8146550 secs] 2935929K->1090841K(2936064K), [Metaspace: 64877K->64877K(1107968K)], 3.8150806 secs] [Times: user=3.48 sys=0.35, real=3.81 secs]
2021-09-20T01:13:43.095+0800: 110831.902: [Full GC (Allocation Failure) 2021-09-20T01:13:43.095+0800: 110831.903: [CMS: 1048532K->1048467K(1048576K), 2.1449071 secs] 2935998K->1072708K(2936064K), [Metaspace: 64877K->64877K(1107968K)], 2.1455782 secs] [Times: user=1.97 sys=0.19, real=2.15 secs]
2021-09-20T01:13:45.248+0800: 110834.056: [GC (CMS Initial Mark) [1 CMS-initial-mark: 1048467K(1048576K)] 1077680K(2936064K), 0.0492752 secs] [Times: user=0.07 sys=0.00, real=0.05 secs]
2021-09-20T01:13:45.298+0800: 110834.106: [CMS-concurrent-mark-start]
2021-09-20T01:13:45.846+0800: 110834.654: [CMS-concurrent-mark: 0.548/0.548 secs] [Times: user=9.44 sys=0.08, real=0.55 secs]
2021-09-20T01:13:45.846+0800: 110834.654: [CMS-concurrent-preclean-start]
2021-09-20T01:13:46.117+0800: 110834.924: [Full GC (Allocation Failure) 2021-09-20T01:13:46.117+0800: 110834.924: [CMS2021-09-20T01:13:47.686+0800: 110836.494: [CMS-concurrent-preclean: 1.830/1.840 secs] [Times: user=5.09 sys=0.23, real=1.84 secs]
 (concurrent mode failure): 1048567K->1048540K(1048576K), 3.5763594 secs] 2936024K->1061479K(2936064K), [Metaspace: 64877K->64877K(1107968K)], 3.5768038 secs] [Times: user=3.27 sys=0.32, real=3.57 secs]
2021-09-20T01:13:50.414+0800: 110839.221: [Full GC (Allocation Failure) 2021-09-20T01:13:50.414+0800: 110839.221: [CMS: 1048540K->1048402K(1048576K), 2.2008972 secs] 2935999K->1061800K(2936064K), [Metaspace: 64877K->64877K(1107968K)], 2.2013376 secs] [Times: user=1.90 sys=0.31, real=2.20 secs]
2021-09-20T01:13:52.618+0800: 110841.426: [GC (CMS Initial Mark) [1 CMS-initial-mark: 1048402K(1048576K)] 1067372K(2936064K), 0.0180389 secs] [Times: user=0.02 sys=0.00, real=0.02 secs]
2021-09-20T01:13:52.637+0800: 110841.444: [CMS-concurrent-mark-start]
2021-09-20T01:13:53.157+0800: 110841.965: [CMS-concurrent-mark: 0.520/0.520 secs] [Times: user=8.94 sys=0.06, real=0.52 secs]
2021-09-20T01:13:53.157+0800: 110841.965: [CMS-concurrent-preclean-start]
2021-09-20T01:13:53.492+0800: 110842.299: [Full GC (Allocation Failure) 2021-09-20T01:13:53.492+0800: 110842.299: [CMS2021-09-20T01:13:54.796+0800: 110843.603: [CMS-concurrent-preclean: 1.625/1.638 secs] [Times: user=5.62 sys=0.10, real=1.64 secs]
 (concurrent mode failure): 1048517K->1048494K(1048576K), 3.2606702 secs] 2936005K->1060958K(2936064K), [Metaspace: 64877K->64877K(1107968K)], 3.2611555 secs] [Times: user=3.10 sys=0.18, real=3.26 secs]
2021-09-20T01:13:57.449+0800: 110846.256: [Full GC (Allocation Failure) 2021-09-20T01:13:57.449+0800: 110846.257: [CMS: 1048494K->1048575K(1048576K), 2.0679935 secs] 2935923K->1061934K(2936064K), [Metaspace: 64877K->64877K(1107968K)], 2.0684580 secs] [Times: user=1.88 sys=0.20, real=2.07 secs]
2021-09-20T01:13:59.528+0800: 110848.335: [GC (CMS Initial Mark) [1 CMS-initial-mark: 1048575K(1048576K)] 1078000K(2936064K), 0.0168694 secs] [Times: user=0.04 sys=0.00, real=0.01 secs]
2021-09-20T01:13:59.545+0800: 110848.352: [CMS-concurrent-mark-start]
2021-09-20T01:14:00.140+0800: 110848.948: [CMS-concurrent-mark: 0.595/0.595 secs] [Times: user=9.81 sys=0.29, real=0.60 secs]
2021-09-20T01:14:00.141+0800: 110848.948: [CMS-concurrent-preclean-start]
2021-09-20T01:14:00.365+0800: 110849.173: [Full GC (Allocation Failure) 2021-09-20T01:14:00.365+0800: 110849.173: [CMS2021-09-20T01:14:01.986+0800: 110850.793: [CMS-concurrent-preclean: 1.831/1.845 secs] [Times: user=4.39 sys=0.11, real=1.85 secs]
 (concurrent mode failure): 1048575K->1048576K(1048576K), 3.8753268 secs] 2935987K->1062155K(2936064K), [Metaspace: 64877K->64877K(1107968K)], 3.8757776 secs] [Times: user=3.36 sys=0.31, real=3.88 secs]
2021-09-20T01:14:04.961+0800: 110853.769: [Full GC (Allocation Failure) 2021-09-20T01:14:04.961+0800: 110853.769: [CMS: 1048576K->1048575K(1048576K), 2.0643374 secs] 2936006K->1062400K(2936064K), [Metaspace: 64877K->64877K(1107968K)], 2.0648277 secs] [Times: user=1.92 sys=0.16, real=2.07 secs]
2021-09-20T01:14:07.032+0800: 110855.839: [GC (CMS Initial Mark) [1 CMS-initial-mark: 1048575K(1048576K)] 1065163K(2936064K), 0.0185781 secs] [Times: user=0.03 sys=0.01, real=0.02 secs]
2021-09-20T01:14:07.051+0800: 110855.858: [CMS-concurrent-mark-start]
2021-09-20T01:14:07.717+0800: 110856.524: [CMS-concurrent-mark: 0.666/0.666 secs] [Times: user=10.08 sys=0.09, real=0.67 secs]
2021-09-20T01:14:07.717+0800: 110856.524: [CMS-concurrent-preclean-start]
2021-09-20T01:14:08.001+0800: 110856.808: [Full GC (Allocation Failure) 2021-09-20T01:14:08.001+0800: 110856.808: [CMS2021-09-20T01:14:09.452+0800: 110858.259: [CMS-concurrent-preclean: 1.720/1.735 secs] [Times: user=5.27 sys=0.19, real=1.73 secs]
 (concurrent mode failure): 1048575K->1048541K(1048576K), 3.5525879 secs] 2936027K->1062518K(2936064K), [Metaspace: 64877K->64877K(1107968K)], 3.5532461 secs] [Times: user=3.25 sys=0.30, real=3.55 secs]
2021-09-20T01:14:12.214+0800: 110861.022: [Full GC (Allocation Failure) 2021-09-20T01:14:12.215+0800: 110861.022: [CMS: 1048571K->1048548K(1048576K), 2.0555220 secs] 2936032K->1062198K(2936064K), [Metaspace: 64877K->64877K(1107968K)], 2.0560610 secs] [Times: user=1.88 sys=0.19, real=2.06 secs]
2021-09-20T01:14:14.279+0800: 110863.086: [GC (CMS Initial Mark) [1 CMS-initial-mark: 1048548K(1048576K)] 1065085K(2936064K), 0.0179338 secs] [Times: user=0.03 sys=0.00, real=0.02 secs]
2021-09-20T01:14:14.297+0800: 110863.104: [CMS-concurrent-mark-start]
2021-09-20T01:14:14.932+0800: 110863.739: [CMS-concurrent-mark: 0.635/0.635 secs] [Times: user=10.16 sys=0.06, real=0.63 secs]
2021-09-20T01:14:14.932+0800: 110863.739: [CMS-concurrent-preclean-start]
2021-09-20T01:14:15.300+0800: 110864.107: [Full GC (Allocation Failure) 2021-09-20T01:14:15.300+0800: 110864.108: [CMS2021-09-20T01:14:16.708+0800: 110865.515: [CMS-concurrent-preclean: 1.766/1.776 secs] [Times: user=5.65 sys=0.22, real=1.78 secs]
 (concurrent mode failure): 1048548K->1048500K(1048576K), 3.4469418 secs] 2936014K->1060666K(2936064K), [Metaspace: 64877K->64877K(1107968K)], 3.4474260 secs] [Times: user=3.16 sys=0.30, real=3.45 secs]
2021-09-20T01:14:19.658+0800: 110868.465: [Full GC (Allocation Failure) 2021-09-20T01:14:19.658+0800: 110868.465: [CMS: 1048500K->1048449K(1048576K), 2.0020071 secs] 2935866K->1062245K(2936064K), [Metaspace: 64877K->64877K(1107968K)], 2.0024475 secs] [Times: user=1.84 sys=0.18, real=2.00 secs]
2021-09-20T01:14:21.663+0800: 110870.471: [GC (CMS Initial Mark) [1 CMS-initial-mark: 1048449K(1048576K)] 1064804K(2936064K), 0.0178403 secs] [Times: user=0.03 sys=0.00, real=0.02 secs]
2021-09-20T01:14:21.682+0800: 110870.489: [CMS-concurrent-mark-start]
2021-09-20T01:14:22.382+0800: 110871.190: [CMS-concurrent-mark: 0.701/0.701 secs] [Times: user=9.87 sys=0.17, real=0.70 secs]
2021-09-20T01:14:22.383+0800: 110871.190: [CMS-concurrent-preclean-start]
2021-09-20T01:14:22.758+0800: 110871.565: [Full GC (Allocation Failure) 2021-09-20T01:14:22.758+0800: 110871.565: [CMS2021-09-20T01:14:24.091+0800: 110872.899: [CMS-concurrent-preclean: 1.695/1.709 secs] [Times: user=5.87 sys=0.22, real=1.71 secs]
 (concurrent mode failure): 1048567K->1048545K(1048576K), 3.3673870 secs] 2936014K->1062369K(2936064K), [Metaspace: 64877K->64877K(1107968K)], 3.3678153 secs] [Times: user=3.10 sys=0.28, real=3.37 secs]
2021-09-20T01:14:27.198+0800: 110876.005: [Full GC (Allocation Failure) 2021-09-20T01:14:27.198+0800: 110876.006: [CMS: 1048545K->1048407K(1048576K), 2.3170958 secs] 2936010K->1062368K(2936064K), [Metaspace: 64877K->64877K(1107968K)], 2.3175467 secs] [Times: user=2.02 sys=0.32, real=2.31 secs]
2021-09-20T01:14:29.524+0800: 110878.332: [GC (CMS Initial Mark) [1 CMS-initial-mark: 1048407K(1048576K)] 1064651K(2936064K), 0.0186801 secs] [Times: user=0.03 sys=0.01, real=0.02 secs]
2021-09-20T01:14:29.544+0800: 110878.351: [CMS-concurrent-mark-start]
2021-09-20T01:14:30.200+0800: 110879.008: [CMS-concurrent-mark: 0.656/0.656 secs] [Times: user=10.00 sys=0.13, real=0.66 secs]
2021-09-20T01:14:30.200+0800: 110879.008: [CMS-concurrent-preclean-start]
2021-09-20T01:14:30.557+0800: 110879.364: [Full GC (Allocation Failure) 2021-09-20T01:14:30.557+0800: 110879.365: [CMS2021-09-20T01:14:31.885+0800: 110880.693: [CMS-concurrent-preclean: 1.675/1.685 secs] [Times: user=5.75 sys=0.65, real=1.68 secs]
 (concurrent mode failure): 1048533K->1048506K(1048576K), 3.3538665 secs] 2935900K->1078683K(2936064K), [Metaspace: 64877K->64877K(1107968K)], 3.3543490 secs] [Times: user=3.16 sys=0.21, real=3.35 secs]
2021-09-20T01:14:34.584+0800: 110883.391: [Full GC (Allocation Failure) 2021-09-20T01:14:34.584+0800: 110883.391: [CMS: 1048506K->1048575K(1048576K), 2.2500429 secs] 2935978K->1091873K(2936064K), [Metaspace: 64877K->64877K(1107968K)], 2.2505496 secs] [Times: user=1.98 sys=0.28, real=2.25 secs]
2021-09-20T01:14:36.842+0800: 110885.650: [GC (CMS Initial Mark) [1 CMS-initial-mark: 1048575K(1048576K)] 1094377K(2936064K), 0.0580894 secs] [Times: user=0.07 sys=0.00, real=0.06 secs]
2021-09-20T01:14:36.901+0800: 110885.708: [CMS-concurrent-mark-start]
2021-09-20T01:14:37.520+0800: 110886.327: [CMS-concurrent-mark: 0.619/0.619 secs] [Times: user=11.14 sys=0.16, real=0.62 secs]
2021-09-20T01:14:37.520+0800: 110886.328: [CMS-concurrent-preclean-start]
2021-09-20T01:14:37.710+0800: 110886.518: [Full GC (Allocation Failure) 2021-09-20T01:14:37.710+0800: 110886.518: [CMS2021-09-20T01:14:39.139+0800: 110887.947: [CMS-concurrent-preclean: 1.609/1.619 secs] [Times: user=4.41 sys=0.18, real=1.62 secs]
 (concurrent mode failure): 1048575K->1048575K(1048576K), 3.4992194 secs] 2936061K->1094158K(2936064K), [Metaspace: 64877K->64877K(1107968K)], 3.4996875 secs] [Times: user=3.48 sys=0.03, real=3.50 secs]
2021-09-20T01:14:41.859+0800: 110890.666: [Full GC (Allocation Failure) 2021-09-20T01:14:41.859+0800: 110890.666: [CMS: 1048575K->1048575K(1048576K), 2.2154542 secs] 2936028K->1104391K(2936064K), [Metaspace: 64877K->64877K(1107968K)], 2.2159499 secs] [Times: user=2.02 sys=0.20, real=2.21 secs]
2021-09-20T01:14:44.078+0800: 110892.885: [GC (CMS Initial Mark) [1 CMS-initial-mark: 1048575K(1048576K)] 1104565K(2936064K), 0.0701908 secs] [Times: user=0.08 sys=0.00, real=0.07 secs]
2021-09-20T01:14:44.148+0800: 110892.956: [CMS-concurrent-mark-start]
2021-09-20T01:14:44.744+0800: 110893.552: [CMS-concurrent-mark: 0.596/0.596 secs] [Times: user=10.89 sys=0.32, real=0.59 secs]
2021-09-20T01:14:44.744+0800: 110893.552: [CMS-concurrent-preclean-start]
2021-09-20T01:14:44.931+0800: 110893.739: [Full GC (Allocation Failure) 2021-09-20T01:14:44.932+0800: 110893.739: [CMS2021-09-20T01:14:46.294+0800: 110895.102: [CMS-concurrent-preclean: 1.537/1.550 secs] [Times: user=3.88 sys=0.18, real=1.55 secs]
 (concurrent mode failure): 1048575K->1048575K(1048576K), 3.4299129 secs] 2935985K->1062238K(2936064K), [Metaspace: 64877K->64877K(1107968K)], 3.4303571 secs] [Times: user=3.26 sys=0.18, real=3.43 secs]
2021-09-20T01:14:49.009+0800: 110897.817: [Full GC (Allocation Failure) 2021-09-20T01:14:49.009+0800: 110897.817: [CMS: 1048575K->1048575K(1048576K), 2.0850792 secs] 2935996K->1062265K(2936064K), [Metaspace: 64877K->64877K(1107968K)], 2.0855238 secs] [Times: user=1.91 sys=0.19, real=2.08 secs]
2021-09-20T01:14:51.101+0800: 110899.909: [GC (CMS Initial Mark) [1 CMS-initial-mark: 1048575K(1048576K)] 1064809K(2936064K), 0.0171747 secs] [Times: user=0.03 sys=0.00, real=0.02 secs]
2021-09-20T01:14:51.119+0800: 110899.926: [CMS-concurrent-mark-start]
2021-09-20T01:14:51.703+0800: 110900.510: [CMS-concurrent-mark: 0.584/0.584 secs] [Times: user=10.09 sys=0.23, real=0.58 secs]
2021-09-20T01:14:51.703+0800: 110900.511: [CMS-concurrent-preclean-start]
2021-09-20T01:14:51.901+0800: 110900.709: [Full GC (Allocation Failure) 2021-09-20T01:14:51.902+0800: 110900.709: [CMS2021-09-20T01:14:53.251+0800: 110902.058: [CMS-concurrent-preclean: 1.533/1.548 secs] [Times: user=4.07 sys=0.15, real=1.55 secs]
 (concurrent mode failure): 1048575K->1048575K(1048576K), 3.3400545 secs] 2936033K->1062528K(2936064K), [Metaspace: 64877K->64877K(1107968K)], 3.3404774 secs] [Times: user=3.15 sys=0.20, real=3.34 secs]
2021-09-20T01:14:55.971+0800: 110904.779: [Full GC (Allocation Failure) 2021-09-20T01:14:55.971+0800: 110904.779: [CMS: 1048575K->1048575K(1048576K), 2.1794382 secs] 2936010K->1062631K(2936064K), [Metaspace: 64877K->64877K(1107968K)], 2.1798853 secs] [Times: user=1.90 sys=0.29, real=2.18 secs]
2021-09-20T01:14:58.158+0800: 110906.965: [GC (CMS Initial Mark) [1 CMS-initial-mark: 1048575K(1048576K)] 1065610K(2936064K), 0.0233918 secs] [Times: user=0.03 sys=0.00, real=0.02 secs]
2021-09-20T01:14:58.181+0800: 110906.989: [CMS-concurrent-mark-start]
2021-09-20T01:14:58.723+0800: 110907.531: [CMS-concurrent-mark: 0.542/0.542 secs] [Times: user=9.65 sys=0.08, real=0.54 secs]
2021-09-20T01:14:58.723+0800: 110907.531: [CMS-concurrent-preclean-start]
2021-09-20T01:14:58.995+0800: 110907.803: [Full GC (Allocation Failure) 2021-09-20T01:14:58.996+0800: 110907.803: [CMS2021-09-20T01:15:00.413+0800: 110909.220: [CMS-concurrent-preclean: 1.679/1.689 secs] [Times: user=5.30 sys=0.16, real=1.69 secs]
 (concurrent mode failure): 1048575K->1048575K(1048576K), 3.8251773 secs] 2935999K->1062532K(2936064K), [Metaspace: 64877K->64877K(1107968K)], 3.8257305 secs] [Times: user=3.36 sys=0.31, real=3.83 secs]
2021-09-20T01:15:03.604+0800: 110912.411: [Full GC (Allocation Failure) 2021-09-20T01:15:03.604+0800: 110912.411: [CMS: 1048575K->1048575K(1048576K), 2.0303656 secs] 2936054K->1062500K(2936064K), [Metaspace: 64877K->64877K(1107968K)], 2.0309270 secs] [Times: user=1.87 sys=0.17, real=2.03 secs]
2021-09-20T01:15:05.664+0800: 110914.472: [GC (CMS Initial Mark) [1 CMS-initial-mark: 1048575K(1048576K)] 1114177K(2936064K), 0.0184266 secs] [Times: user=0.08 sys=0.01, real=0.02 secs]
2021-09-20T01:15:05.683+0800: 110914.491: [CMS-concurrent-mark-start]
2021-09-20T01:15:06.374+0800: 110915.182: [CMS-concurrent-mark: 0.691/0.691 secs] [Times: user=10.03 sys=0.06, real=0.69 secs]
2021-09-20T01:15:06.374+0800: 110915.182: [CMS-concurrent-preclean-start]
2021-09-20T01:15:06.709+0800: 110915.517: [Full GC (Allocation Failure) 2021-09-20T01:15:06.709+0800: 110915.517: [CMS2021-09-20T01:15:08.177+0800: 110916.985: [CMS-concurrent-preclean: 1.790/1.803 secs] [Times: user=5.72 sys=0.24, real=1.81 secs]
 (concurrent mode failure): 1048575K->1048575K(1048576K), 3.5076070 secs] 2936047K->1062520K(2936064K), [Metaspace: 64877K->64877K(1107968K)], 3.5080225 secs] [Times: user=3.19 sys=0.33, real=3.51 secs]
2021-09-20T01:15:11.034+0800: 110919.842: [Full GC (Allocation Failure) 2021-09-20T01:15:11.035+0800: 110919.842: [CMS: 1048575K->1048575K(1048576K), 2.0898990 secs] 2936002K->1062531K(2936064K), [Metaspace: 64877K->64877K(1107968K)], 2.0903429 secs] [Times: user=1.79 sys=0.31, real=2.09 secs]
2021-09-20T01:15:13.132+0800: 110921.939: [GC (CMS Initial Mark) [1 CMS-initial-mark: 1048575K(1048576K)] 1067850K(2936064K), 0.0175862 secs] [Times: user=0.03 sys=0.00, real=0.02 secs]
2021-09-20T01:15:13.150+0800: 110921.957: [CMS-concurrent-mark-start]
2021-09-20T01:15:13.706+0800: 110922.514: [CMS-concurrent-mark: 0.557/0.557 secs] [Times: user=9.94 sys=0.10, real=0.56 secs]
2021-09-20T01:15:13.707+0800: 110922.514: [CMS-concurrent-preclean-start]
2021-09-20T01:15:13.969+0800: 110922.776: [Full GC (Allocation Failure) 2021-09-20T01:15:13.969+0800: 110922.777: [CMS2021-09-20T01:15:15.373+0800: 110924.181: [CMS-concurrent-preclean: 1.654/1.667 secs] [Times: user=4.37 sys=0.36, real=1.66 secs]
 (concurrent mode failure): 1048575K->1048576K(1048576K), 3.5650971 secs] 2936060K->1062883K(2936064K), [Metaspace: 64877K->64877K(1107968K)], 3.5657328 secs] [Times: user=3.27 sys=0.31, real=3.56 secs]
2021-09-20T01:15:18.517+0800: 110927.325: [Full GC (Allocation Failure) 2021-09-20T01:15:18.518+0800: 110927.325: [CMS: 1048576K->1048574K(1048576K), 2.0028028 secs] 2936009K->1063020K(2936064K), [Metaspace: 64877K->64877K(1107968K)], 2.0032871 secs] [Times: user=1.85 sys=0.15, real=2.00 secs]
2021-09-20T01:15:20.540+0800: 110929.347: [GC (CMS Initial Mark) [1 CMS-initial-mark: 1048574K(1048576K)] 1086299K(2936064K), 0.0185493 secs] [Times: user=0.04 sys=0.01, real=0.02 secs]
2021-09-20T01:15:20.559+0800: 110929.366: [CMS-concurrent-mark-start]
2021-09-20T01:15:21.331+0800: 110930.138: [CMS-concurrent-mark: 0.772/0.772 secs] [Times: user=11.26 sys=0.08, real=0.77 secs]
2021-09-20T01:15:21.331+0800: 110930.139: [CMS-concurrent-preclean-start]
2021-09-20T01:15:21.576+0800: 110930.384: [Full GC (Allocation Failure) 2021-09-20T01:15:21.577+0800: 110930.384: [CMS2021-09-20T01:15:23.098+0800: 110931.905: [CMS-concurrent-preclean: 1.755/1.766 secs] [Times: user=4.52 sys=0.28, real=1.77 secs]
 (concurrent mode failure): 1048574K->1048574K(1048576K), 3.4672278 secs] 2936000K->1062946K(2936064K), [Metaspace: 64877K->64877K(1107968K)], 3.4676792 secs] [Times: user=3.20 sys=0.28, real=3.46 secs]
2021-09-20T01:15:25.852+0800: 110934.659: [Full GC (Allocation Failure) 2021-09-20T01:15:25.852+0800: 110934.659: [CMS: 1048574K->1048575K(1048576K), 2.1689872 secs] 2935940K->1062431K(2936064K), [Metaspace: 64877K->64877K(1107968K)], 2.1694245 secs] [Times: user=1.89 sys=0.28, real=2.17 secs]
2021-09-20T01:15:28.024+0800: 110936.832: [GC (CMS Initial Mark) [1 CMS-initial-mark: 1048575K(1048576K)] 1062568K(2936064K), 0.0190184 secs] [Times: user=0.03 sys=0.00, real=0.02 secs]
2021-09-20T01:15:28.044+0800: 110936.851: [CMS-concurrent-mark-start]
2021-09-20T01:15:28.586+0800: 110937.393: [CMS-concurrent-mark: 0.542/0.542 secs] [Times: user=9.36 sys=0.09, real=0.55 secs]
2021-09-20T01:15:28.586+0800: 110937.393: [CMS-concurrent-preclean-start]
2021-09-20T01:15:28.936+0800: 110937.744: [Full GC (Allocation Failure) 2021-09-20T01:15:28.937+0800: 110937.744: [CMS2021-09-20T01:15:30.169+0800: 110938.976: [CMS-concurrent-preclean: 1.569/1.583 secs] [Times: user=6.32 sys=0.09, real=1.58 secs]
 (concurrent mode failure): 1048575K->1048575K(1048576K), 3.2443704 secs] 2936036K->1081827K(2936064K), [Metaspace: 64877K->64877K(1107968K)], 3.2448377 secs] [Times: user=3.08 sys=0.17, real=3.24 secs]
2021-09-20T01:15:32.923+0800: 110941.730: [Full GC (Allocation Failure) 2021-09-20T01:15:32.923+0800: 110941.730: [CMS: 1048575K->1048575K(1048576K), 2.0979542 secs] 2936060K->1082475K(2936064K), [Metaspace: 64877K->64877K(1107968K)], 2.0983817 secs] [Times: user=1.93 sys=0.18, real=2.10 secs]
2021-09-20T01:15:35.025+0800: 110943.832: [GC (CMS Initial Mark) [1 CMS-initial-mark: 1048575K(1048576K)] 1083934K(2936064K), 0.0614902 secs] [Times: user=0.06 sys=0.00, real=0.07 secs]
2021-09-20T01:15:35.087+0800: 110943.894: [CMS-concurrent-mark-start]
2021-09-20T01:15:35.739+0800: 110944.546: [CMS-concurrent-mark: 0.652/0.652 secs] [Times: user=12.08 sys=0.30, real=0.65 secs]
2021-09-20T01:15:35.739+0800: 110944.546: [CMS-concurrent-preclean-start]
2021-09-20T01:15:35.905+0800: 110944.712: [Full GC (Allocation Failure) 2021-09-20T01:15:35.905+0800: 110944.712: [CMS2021-09-20T01:15:37.358+0800: 110946.166: [CMS-concurrent-preclean: 1.600/1.619 secs] [Times: user=3.86 sys=0.20, real=1.62 secs]
 (concurrent mode failure): 1048575K->1048575K(1048576K), 3.6011805 secs] 2936057K->1094467K(2936064K), [Metaspace: 64877K->64877K(1107968K)], 3.6016466 secs] [Times: user=3.42 sys=0.19, real=3.61 secs]
2021-09-20T01:15:40.272+0800: 110949.080: [Full GC (Allocation Failure) 2021-09-20T01:15:40.272+0800: 110949.080: [CMS: 1048575K->1048575K(1048576K), 2.3463195 secs] 2936052K->1099046K(2936064K), [Metaspace: 64877K->64877K(1107968K)], 2.3467824 secs] [Times: user=2.08 sys=0.28, real=2.35 secs]
2021-09-20T01:15:42.633+0800: 110951.440: [GC (CMS Initial Mark) [1 CMS-initial-mark: 1048575K(1048576K)] 1103605K(2936064K), 0.0737880 secs] [Times: user=0.07 sys=0.01, real=0.08 secs]
2021-09-20T01:15:42.707+0800: 110951.514: [CMS-concurrent-mark-start]
2021-09-20T01:15:43.275+0800: 110952.083: [CMS-concurrent-mark: 0.568/0.568 secs] [Times: user=10.42 sys=0.10, real=0.56 secs]
2021-09-20T01:15:43.275+0800: 110952.083: [CMS-concurrent-preclean-start]
2021-09-20T01:15:43.490+0800: 110952.297: [Full GC (Allocation Failure) 2021-09-20T01:15:43.490+0800: 110952.297: [CMS2021-09-20T01:15:44.857+0800: 110953.664: [CMS-concurrent-preclean: 1.569/1.581 secs] [Times: user=4.57 sys=0.12, real=1.59 secs]
 (concurrent mode failure): 1048575K->1048576K(1048576K), 3.3529866 secs] 2936016K->1062848K(2936064K), [Metaspace: 64877K->64877K(1107968K)], 3.3535532 secs] [Times: user=3.19 sys=0.19, real=3.35 secs]
2021-09-20T01:15:47.642+0800: 110956.449: [Full GC (Allocation Failure) 2021-09-20T01:15:47.642+0800: 110956.449: [CMS: 1048576K->1048575K(1048576K), 2.2073948 secs] 2935948K->1062756K(2936064K), [Metaspace: 64877K->64877K(1107968K)], 2.2078484 secs] [Times: user=1.93 sys=0.28, real=2.21 secs]
2021-09-20T01:15:49.856+0800: 110958.663: [GC (CMS Initial Mark) [1 CMS-initial-mark: 1048575K(1048576K)] 1065526K(2936064K), 0.0185329 secs] [Times: user=0.03 sys=0.01, real=0.01 secs]
2021-09-20T01:15:49.875+0800: 110958.682: [CMS-concurrent-mark-start]
2021-09-20T01:15:50.381+0800: 110959.188: [CMS-concurrent-mark: 0.506/0.506 secs] [Times: user=8.99 sys=0.07, real=0.51 secs]
2021-09-20T01:15:50.381+0800: 110959.188: [CMS-concurrent-preclean-start]
2021-09-20T01:15:50.662+0800: 110959.470: [Full GC (Allocation Failure) 2021-09-20T01:15:50.663+0800: 110959.470: [CMS2021-09-20T01:15:52.079+0800: 110960.886: [CMS-concurrent-preclean: 1.689/1.698 secs] [Times: user=5.15 sys=0.21, real=1.70 secs]
 (concurrent mode failure): 1048575K->1048575K(1048576K), 3.4033473 secs] 2936008K->1063048K(2936064K), [Metaspace: 64877K->64877K(1107968K)], 3.4038388 secs] [Times: user=3.09 sys=0.33, real=3.41 secs]
2021-09-20T01:15:54.746+0800: 110963.554: [Full GC (Allocation Failure) 2021-09-20T01:15:54.746+0800: 110963.554: [CMS: 1048575K->1048574K(1048576K), 2.0558897 secs] 2935975K->1063184K(2936064K), [Metaspace: 64877K->64877K(1107968K)], 2.0563400 secs] [Times: user=1.88 sys=0.18, real=2.05 secs]
2021-09-20T01:15:56.808+0800: 110965.616: [GC (CMS Initial Mark) [1 CMS-initial-mark: 1048574K(1048576K)] 1065808K(2936064K), 0.0194975 secs] [Times: user=0.02 sys=0.01, real=0.02 secs]
2021-09-20T01:15:56.828+0800: 110965.635: [CMS-concurrent-mark-start]
2021-09-20T01:15:57.420+0800: 110966.228: [CMS-concurrent-mark: 0.592/0.592 secs] [Times: user=10.08 sys=0.07, real=0.59 secs]
2021-09-20T01:15:57.421+0800: 110966.228: [CMS-concurrent-preclean-start]
2021-09-20T01:15:57.696+0800: 110966.504: [Full GC (Allocation Failure) 2021-09-20T01:15:57.696+0800: 110966.504: [CMS2021-09-20T01:15:59.003+0800: 110967.811: [CMS-concurrent-preclean: 1.572/1.583 secs] [Times: user=5.26 sys=0.12, real=1.58 secs]
 (concurrent mode failure): 1048574K->1048558K(1048576K), 3.4857891 secs] 2935942K->1063297K(2936064K), [Metaspace: 64877K->64877K(1107968K)], 3.4862758 secs] [Times: user=3.18 sys=0.31, real=3.48 secs]
2021-09-20T01:16:02.323+0800: 110971.130: [Full GC (Allocation Failure) 2021-09-20T01:16:02.323+0800: 110971.131: [CMS: 1048558K->1048531K(1048576K), 2.0474201 secs] 2935965K->1063167K(2936064K), [Metaspace: 64877K->64877K(1107968K)], 2.0479449 secs] [Times: user=1.87 sys=0.19, real=2.05 secs]
2021-09-20T01:16:04.378+0800: 110973.185: [GC (CMS Initial Mark) [1 CMS-initial-mark: 1048531K(1048576K)] 1065936K(2936064K), 0.0290377 secs] [Times: user=0.03 sys=0.01, real=0.03 secs]
2021-09-20T01:16:04.407+0800: 110973.214: [CMS-concurrent-mark-start]
2021-09-20T01:16:05.190+0800: 110973.997: [CMS-concurrent-mark: 0.783/0.783 secs] [Times: user=11.35 sys=0.08, real=0.78 secs]
2021-09-20T01:16:05.190+0800: 110973.997: [CMS-concurrent-preclean-start]
2021-09-20T01:16:05.400+0800: 110974.208: [Full GC (Allocation Failure) 2021-09-20T01:16:05.401+0800: 110974.208: [CMS2021-09-20T01:16:06.921+0800: 110975.728: [CMS-concurrent-preclean: 1.721/1.731 secs] [Times: user=4.26 sys=0.29, real=1.73 secs]
 (concurrent mode failure): 1048554K->1048514K(1048576K), 3.6298485 secs] 2936025K->1062665K(2936064K), [Metaspace: 64877K->64877K(1107968K)], 3.6303210 secs] [Times: user=3.35 sys=0.29, real=3.63 secs]
2021-09-20T01:16:10.059+0800: 110978.867: [Full GC (Allocation Failure) 2021-09-20T01:16:10.060+0800: 110978.867: [CMS: 1048514K->1048447K(1048576K), 2.0836776 secs] 2935898K->1062802K(2936064K), [Metaspace: 64877K->64877K(1107968K)], 2.0842174 secs] [Times: user=1.91 sys=0.16, real=2.08 secs]
2021-09-20T01:16:12.174+0800: 110980.982: [GC (CMS Initial Mark) [1 CMS-initial-mark: 1048447K(1048576K)] 1109470K(2936064K), 0.0214783 secs] [Times: user=0.07 sys=0.01, real=0.03 secs]
2021-09-20T01:16:12.196+0800: 110981.004: [CMS-concurrent-mark-start]
2021-09-20T01:16:12.734+0800: 110981.541: [CMS-concurrent-mark: 0.538/0.538 secs] [Times: user=9.81 sys=0.05, real=0.53 secs]
2021-09-20T01:16:12.734+0800: 110981.542: [CMS-concurrent-preclean-start]
2021-09-20T01:16:12.935+0800: 110981.742: [Full GC (Allocation Failure) 2021-09-20T01:16:12.935+0800: 110981.743: [CMS2021-09-20T01:16:14.355+0800: 110983.163: [CMS-concurrent-preclean: 1.611/1.621 secs] [Times: user=4.33 sys=0.05, real=1.62 secs]
 (concurrent mode failure): 1048557K->1048550K(1048576K), 3.5624506 secs] 2935972K->1062904K(2936064K), [Metaspace: 64877K->64877K(1107968K)], 3.5629822 secs] [Times: user=3.27 sys=0.30, real=3.57 secs]
2021-09-20T01:16:17.344+0800: 110986.151: [Full GC (Allocation Failure) 2021-09-20T01:16:17.344+0800: 110986.151: [CMS: 1048550K->1048411K(1048576K), 1.9805578 secs] 2936009K->1062674K(2936064K), [Metaspace: 64877K->64877K(1107968K)], 1.9811022 secs] [Times: user=1.84 sys=0.16, real=1.98 secs]
2021-09-20T01:16:19.333+0800: 110988.141: [GC (CMS Initial Mark) [1 CMS-initial-mark: 1048411K(1048576K)] 1070121K(2936064K), 0.0193457 secs] [Times: user=0.02 sys=0.01, real=0.02 secs]
2021-09-20T01:16:19.353+0800: 110988.161: [CMS-concurrent-mark-start]
2021-09-20T01:16:20.095+0800: 110988.902: [CMS-concurrent-mark: 0.732/0.741 secs] [Times: user=10.05 sys=0.07, real=0.74 secs]
2021-09-20T01:16:20.095+0800: 110988.902: [CMS-concurrent-preclean-start]
2021-09-20T01:16:20.440+0800: 110989.247: [Full GC (Allocation Failure) 2021-09-20T01:16:20.440+0800: 110989.248: [CMS2021-09-20T01:16:21.904+0800: 110990.712: [CMS-concurrent-preclean: 1.799/1.809 secs] [Times: user=5.79 sys=0.19, real=1.81 secs]
 (concurrent mode failure): 1048411K->1048575K(1048576K), 3.4228880 secs] 2935893K->1062835K(2936064K), [Metaspace: 64877K->64877K(1107968K)], 3.4233615 secs] [Times: user=3.13 sys=0.30, real=3.42 secs]
2021-09-20T01:16:24.512+0800: 110993.320: [Full GC (Allocation Failure) 2021-09-20T01:16:24.513+0800: 110993.320: [CMS: 1048575K->1048564K(1048576K), 1.8909125 secs] 2936052K->1063029K(2936064K), [Metaspace: 64877K->64877K(1107968K)], 1.8913313 secs] [Times: user=1.86 sys=0.02, real=1.89 secs]
2021-09-20T01:16:26.409+0800: 110995.217: [GC (CMS Initial Mark) [1 CMS-initial-mark: 1048564K(1048576K)] 1068898K(2936064K), 0.0194571 secs] [Times: user=0.04 sys=0.00, real=0.02 secs]
2021-09-20T01:16:26.429+0800: 110995.237: [CMS-concurrent-mark-start]
2021-09-20T01:16:27.197+0800: 110996.005: [CMS-concurrent-mark: 0.768/0.768 secs] [Times: user=10.08 sys=0.05, real=0.77 secs]
2021-09-20T01:16:27.197+0800: 110996.005: [CMS-concurrent-preclean-start]
2021-09-20T01:16:27.642+0800: 110996.449: [Full GC (Allocation Failure) 2021-09-20T01:16:27.642+0800: 110996.449: [CMS2021-09-20T01:16:29.131+0800: 110997.938: [CMS-concurrent-preclean: 1.922/1.933 secs] [Times: user=6.15 sys=0.12, real=1.93 secs]
 (concurrent mode failure): 1048564K->1048538K(1048576K), 3.3128624 secs] 2935923K->1062750K(2936064K), [Metaspace: 64877K->64877K(1107968K)], 3.3133127 secs] [Times: user=3.12 sys=0.20, real=3.31 secs]
2021-09-20T01:16:31.935+0800: 111000.742: [Full GC (Allocation Failure) 2021-09-20T01:16:31.935+0800: 111000.742: [CMS: 1048538K->1048510K(1048576K), 2.2314923 secs] 2935984K->1073554K(2936064K), [Metaspace: 64877K->64877K(1107968K)], 2.2319246 secs] [Times: user=1.96 sys=0.28, real=2.24 secs]
2021-09-20T01:16:34.173+0800: 111002.981: [GC (CMS Initial Mark) [1 CMS-initial-mark: 1048510K(1048576K)] 1076359K(2936064K), 0.0494237 secs] [Times: user=0.06 sys=0.00, real=0.05 secs]
2021-09-20T01:16:34.223+0800: 111003.030: [CMS-concurrent-mark-start]
2021-09-20T01:16:34.984+0800: 111003.792: [CMS-concurrent-mark: 0.761/0.761 secs] [Times: user=11.19 sys=0.11, real=0.76 secs]
2021-09-20T01:16:34.985+0800: 111003.792: [CMS-concurrent-preclean-start]
2021-09-20T01:16:35.199+0800: 111004.007: [Full GC (Allocation Failure) 2021-09-20T01:16:35.200+0800: 111004.007: [CMS2021-09-20T01:16:36.573+0800: 111005.380: [CMS-concurrent-preclean: 1.577/1.588 secs] [Times: user=4.61 sys=0.05, real=1.59 secs]
 (concurrent mode failure): 1048564K->1048536K(1048576K), 3.5296414 secs] 2936030K->1089436K(2936064K), [Metaspace: 64877K->64877K(1107968K)], 3.5301569 secs] [Times: user=3.35 sys=0.20, real=3.53 secs]
2021-09-20T01:16:39.454+0800: 111008.262: [Full GC (Allocation Failure) 2021-09-20T01:16:39.455+0800: 111008.262: [CMS: 1048536K->1048452K(1048576K), 2.2112286 secs] 2935980K->1096660K(2936064K), [Metaspace: 64877K->64877K(1107968K)], 2.2116773 secs] [Times: user=1.97 sys=0.26, real=2.22 secs]
2021-09-20T01:16:41.672+0800: 111010.479: [GC (CMS Initial Mark) [1 CMS-initial-mark: 1048452K(1048576K)] 1100794K(2936064K), 0.0853794 secs] [Times: user=0.09 sys=0.01, real=0.09 secs]
2021-09-20T01:16:41.758+0800: 111010.565: [CMS-concurrent-mark-start]
2021-09-20T01:16:42.444+0800: 111011.251: [CMS-concurrent-mark: 0.686/0.686 secs] [Times: user=11.03 sys=0.14, real=0.68 secs]
2021-09-20T01:16:42.444+0800: 111011.251: [CMS-concurrent-preclean-start]
2021-09-20T01:16:42.643+0800: 111011.451: [Full GC (Allocation Failure) 2021-09-20T01:16:42.644+0800: 111011.451: [CMS2021-09-20T01:16:44.290+0800: 111013.098: [CMS-concurrent-preclean: 1.834/1.846 secs] [Times: user=4.70 sys=0.26, real=1.85 secs]
 (concurrent mode failure): 1048570K->1048549K(1048576K), 3.7347192 secs] 2936034K->1093541K(2936064K), [Metaspace: 64877K->64877K(1107968K)], 3.7351821 secs] [Times: user=3.44 sys=0.31, real=3.74 secs]
2021-09-20T01:16:47.092+0800: 111015.899: [Full GC (Allocation Failure) 2021-09-20T01:16:47.092+0800: 111015.900: [CMS: 1048549K->1048575K(1048576K), 2.1094441 secs] 2935943K->1063013K(2936064K), [Metaspace: 64877K->64877K(1107968K)], 2.1099017 secs] [Times: user=1.86 sys=0.25, real=2.11 secs]
2021-09-20T01:16:49.209+0800: 111018.017: [GC (CMS Initial Mark) [1 CMS-initial-mark: 1048575K(1048576K)] 1065808K(2936064K), 0.0237649 secs] [Times: user=0.03 sys=0.00, real=0.02 secs]
2021-09-20T01:16:49.233+0800: 111018.041: [CMS-concurrent-mark-start]
2021-09-20T01:16:49.964+0800: 111018.771: [CMS-concurrent-mark: 0.730/0.730 secs] [Times: user=11.97 sys=0.07, real=0.73 secs]
2021-09-20T01:16:49.964+0800: 111018.771: [CMS-concurrent-preclean-start]
2021-09-20T01:16:50.081+0800: 111018.889: [Full GC (Allocation Failure) 2021-09-20T01:16:50.082+0800: 111018.889: [CMS2021-09-20T01:16:51.702+0800: 111020.510: [CMS-concurrent-preclean: 1.727/1.738 secs] [Times: user=3.32 sys=0.20, real=1.74 secs]
 (concurrent mode failure): 1048575K->1048570K(1048576K), 3.7091577 secs] 2936040K->1063729K(2936064K), [Metaspace: 64877K->64877K(1107968K)], 3.7096607 secs] [Times: user=3.37 sys=0.36, real=3.71 secs]
2021-09-20T01:16:54.514+0800: 111023.321: [Full GC (Allocation Failure) 2021-09-20T01:16:54.514+0800: 111023.321: [CMS: 1048570K->1048531K(1048576K), 2.0037666 secs] 2935991K->1063752K(2936064K), [Metaspace: 64877K->64877K(1107968K)], 2.0042522 secs] [Times: user=1.81 sys=0.20, real=2.01 secs]
2021-09-20T01:16:56.522+0800: 111025.329: [GC (CMS Initial Mark) [1 CMS-initial-mark: 1048531K(1048576K)] 1066308K(2936064K), 0.0198825 secs] [Times: user=0.02 sys=0.00, real=0.02 secs]
2021-09-20T01:16:56.542+0800: 111025.350: [CMS-concurrent-mark-start]
2021-09-20T01:16:57.212+0800: 111026.019: [CMS-concurrent-mark: 0.669/0.669 secs] [Times: user=12.70 sys=0.29, real=0.67 secs]
2021-09-20T01:16:57.212+0800: 111026.019: [CMS-concurrent-preclean-start]
2021-09-20T01:16:57.332+0800: 111026.139: [Full GC (Allocation Failure) 2021-09-20T01:16:57.332+0800: 111026.140: [CMS2021-09-20T01:16:58.806+0800: 111027.614: [CMS-concurrent-preclean: 1.581/1.594 secs] [Times: user=3.31 sys=0.09, real=1.60 secs]
 (concurrent mode failure): 1048531K->1048483K(1048576K), 3.6744027 secs] 2935994K->1063590K(2936064K), [Metaspace: 64877K->64877K(1107968K)], 3.6748164 secs] [Times: user=3.37 sys=0.32, real=3.68 secs]
2021-09-20T01:17:02.021+0800: 111030.828: [Full GC (Allocation Failure) 2021-09-20T01:17:02.021+0800: 111030.828: [CMS: 1048574K->1048566K(1048576K), 2.0612873 secs] 2936051K->1063356K(2936064K), [Metaspace: 64877K->64877K(1107968K)], 2.0618294 secs] [Times: user=1.89 sys=0.18, real=2.06 secs]
2021-09-20T01:17:04.092+0800: 111032.900: [GC (CMS Initial Mark) [1 CMS-initial-mark: 1048566K(1048576K)] 1072267K(2936064K), 0.0236072 secs] [Times: user=0.04 sys=0.00, real=0.03 secs]
2021-09-20T01:17:04.116+0800: 111032.924: [CMS-concurrent-mark-start]
2021-09-20T01:17:04.760+0800: 111033.567: [CMS-concurrent-mark: 0.644/0.644 secs] [Times: user=11.82 sys=0.10, real=0.64 secs]
2021-09-20T01:17:04.760+0800: 111033.568: [CMS-concurrent-preclean-start]
2021-09-20T01:17:04.901+0800: 111033.708: [Full GC (Allocation Failure) 2021-09-20T01:17:04.901+0800: 111033.709: [CMS2021-09-20T01:17:06.537+0800: 111035.344: [CMS-concurrent-preclean: 1.767/1.776 secs] [Times: user=3.78 sys=0.23, real=1.78 secs]
 (concurrent mode failure): 1048566K->1048434K(1048576K), 3.6427772 secs] 2936054K->1063641K(2936064K), [Metaspace: 64877K->64877K(1107968K)], 3.6432299 secs] [Times: user=3.33 sys=0.34, real=3.64 secs]
2021-09-20T01:17:09.285+0800: 111038.093: [Full GC (Allocation Failure) 2021-09-20T01:17:09.286+0800: 111038.093: [CMS: 1048561K->1048530K(1048576K), 2.2332648 secs] 2936039K->1063757K(2936064K), [Metaspace: 64877K->64877K(1107968K)], 2.2337145 secs] [Times: user=1.93 sys=0.31, real=2.24 secs]
2021-09-20T01:17:11.540+0800: 111040.347: [GC (CMS Initial Mark) [1 CMS-initial-mark: 1048530K(1048576K)] 1085093K(2936064K), 0.0314832 secs] [Times: user=0.05 sys=0.01, real=0.03 secs]
2021-09-20T01:17:11.572+0800: 111040.379: [CMS-concurrent-mark-start]
2021-09-20T01:17:12.171+0800: 111040.978: [CMS-concurrent-mark: 0.599/0.599 secs] [Times: user=11.76 sys=0.06, real=0.60 secs]
2021-09-20T01:17:12.171+0800: 111040.979: [CMS-concurrent-preclean-start]
2021-09-20T01:17:12.311+0800: 111041.118: [Full GC (Allocation Failure) 2021-09-20T01:17:12.311+0800: 111041.118: [CMS2021-09-20T01:17:13.781+0800: 111042.588: [CMS-concurrent-preclean: 1.599/1.609 secs] [Times: user=3.65 sys=0.11, real=1.61 secs]
 (concurrent mode failure): 1048530K->1048575K(1048576K), 3.6033844 secs] 2935936K->1063925K(2936064K), [Metaspace: 64877K->64877K(1107968K)], 3.6039457 secs] [Times: user=3.28 sys=0.32, real=3.60 secs]
2021-09-20T01:17:16.566+0800: 111045.373: [Full GC (Allocation Failure) 2021-09-20T01:17:16.566+0800: 111045.374: [CMS: 1048575K->1048575K(1048576K), 2.0180724 secs] 2936043K->1063907K(2936064K), [Metaspace: 64877K->64877K(1107968K)], 2.0185378 secs] [Times: user=1.84 sys=0.18, real=2.01 secs]
2021-09-20T01:17:18.593+0800: 111047.400: [GC (CMS Initial Mark) [1 CMS-initial-mark: 1048575K(1048576K)] 1066315K(2936064K), 0.0206858 secs] [Times: user=0.03 sys=0.01, real=0.02 secs]
2021-09-20T01:17:18.614+0800: 111047.421: [CMS-concurrent-mark-start]
2021-09-20T01:17:19.307+0800: 111048.114: [CMS-concurrent-mark: 0.690/0.693 secs] [Times: user=10.91 sys=0.06, real=0.70 secs]
2021-09-20T01:17:19.307+0800: 111048.115: [CMS-concurrent-preclean-start]
2021-09-20T01:17:19.548+0800: 111048.356: [Full GC (Allocation Failure) 2021-09-20T01:17:19.549+0800: 111048.356: [CMS2021-09-20T01:17:21.077+0800: 111049.885: [CMS-concurrent-preclean: 1.760/1.770 secs] [Times: user=5.03 sys=0.24, real=1.77 secs]
 (concurrent mode failure): 1048575K->1048575K(1048576K), 3.5668046 secs] 2936005K->1064147K(2936064K), [Metaspace: 64877K->64877K(1107968K)], 3.5672933 secs] [Times: user=3.26 sys=0.33, real=3.57 secs]
2021-09-20T01:17:23.890+0800: 111052.697: [Full GC (Allocation Failure) 2021-09-20T01:17:23.890+0800: 111052.698: [CMS: 1048575K->1048575K(1048576K), 1.9402601 secs] 2936011K->1064256K(2936064K), [Metaspace: 64877K->64877K(1107968K)], 1.9407096 secs] [Times: user=1.78 sys=0.17, real=1.94 secs]
2021-09-20T01:17:25.857+0800: 111054.664: [GC (CMS Initial Mark) [1 CMS-initial-mark: 1048575K(1048576K)] 1115102K(2936064K), 0.0238808 secs] [Times: user=0.08 sys=0.01, real=0.02 secs]
2021-09-20T01:17:25.881+0800: 111054.689: [CMS-concurrent-mark-start]
2021-09-20T01:17:26.764+0800: 111055.572: [CMS-concurrent-mark: 0.883/0.883 secs] [Times: user=12.51 sys=0.16, real=0.88 secs]
2021-09-20T01:17:26.765+0800: 111055.572: [CMS-concurrent-preclean-start]
2021-09-20T01:17:26.924+0800: 111055.731: [Full GC (Allocation Failure) 2021-09-20T01:17:26.924+0800: 111055.732: [CMS2021-09-20T01:17:28.451+0800: 111057.259: [CMS-concurrent-preclean: 1.673/1.687 secs] [Times: user=3.36 sys=0.18, real=1.69 secs]
 (concurrent mode failure): 1048575K->1048575K(1048576K), 3.7137479 secs] 2936006K->1063737K(2936064K), [Metaspace: 64877K->64877K(1107968K)], 3.7141556 secs] [Times: user=3.31 sys=0.41, real=3.72 secs]
2021-09-20T01:17:31.354+0800: 111060.162: [Full GC (Allocation Failure) 2021-09-20T01:17:31.354+0800: 111060.162: [CMS: 1048575K->1048564K(1048576K), 2.0381375 secs] 2936033K->1074926K(2936064K), [Metaspace: 64877K->64877K(1107968K)], 2.0385769 secs] [Times: user=1.87 sys=0.18, real=2.04 secs]
2021-09-20T01:17:33.399+0800: 111062.207: [GC (CMS Initial Mark) [1 CMS-initial-mark: 1048564K(1048576K)] 1079920K(2936064K), 0.0339659 secs] [Times: user=0.04 sys=0.01, real=0.03 secs]
2021-09-20T01:17:33.434+0800: 111062.241: [CMS-concurrent-mark-start]
2021-09-20T01:17:34.029+0800: 111062.837: [CMS-concurrent-mark: 0.596/0.596 secs] [Times: user=12.10 sys=0.18, real=0.60 secs]
2021-09-20T01:17:34.030+0800: 111062.837: [CMS-concurrent-preclean-start]
2021-09-20T01:17:34.176+0800: 111062.983: [Full GC (Allocation Failure) 2021-09-20T01:17:34.176+0800: 111062.983: [CMS2021-09-20T01:17:35.575+0800: 111064.382: [CMS-concurrent-preclean: 1.536/1.545 secs] [Times: user=3.95 sys=0.10, real=1.54 secs]
 (concurrent mode failure): 1048564K->1048522K(1048576K), 3.7316758 secs] 2936045K->1097751K(2936064K), [Metaspace: 64877K->64877K(1107968K)], 3.7321348 secs] [Times: user=3.46 sys=0.28, real=3.73 secs]
2021-09-20T01:17:38.581+0800: 111067.389: [Full GC (Allocation Failure) 2021-09-20T01:17:38.581+0800: 111067.389: [CMS: 1048522K->1048462K(1048576K), 2.2069533 secs] 2935905K->1093830K(2936064K), [Metaspace: 64877K->64877K(1107968K)], 2.2075259 secs] [Times: user=2.01 sys=0.20, real=2.21 secs]
2021-09-20T01:17:40.795+0800: 111069.603: [GC (CMS Initial Mark) [1 CMS-initial-mark: 1048462K(1048576K)] 1098201K(2936064K), 0.0575359 secs] [Times: user=0.06 sys=0.01, real=0.06 secs]
2021-09-20T01:17:40.853+0800: 111069.661: [CMS-concurrent-mark-start]
2021-09-20T01:17:41.467+0800: 111070.275: [CMS-concurrent-mark: 0.614/0.614 secs] [Times: user=12.19 sys=0.15, real=0.62 secs]
2021-09-20T01:17:41.468+0800: 111070.275: [CMS-concurrent-preclean-start]
2021-09-20T01:17:41.622+0800: 111070.430: [Full GC (Allocation Failure) 2021-09-20T01:17:41.622+0800: 111070.430: [CMS2021-09-20T01:17:43.231+0800: 111072.039: [CMS-concurrent-preclean: 1.754/1.764 secs] [Times: user=3.96 sys=0.29, real=1.76 secs]
 (concurrent mode failure): 1048462K->1048444K(1048576K), 3.7813084 secs] 2935884K->1107590K(2936064K), [Metaspace: 64877K->64877K(1107968K)], 3.7818082 secs] [Times: user=3.47 sys=0.32, real=3.78 secs]
2021-09-20T01:17:46.068+0800: 111074.876: [Full GC (Allocation Failure) 2021-09-20T01:17:46.069+0800: 111074.876: [CMS: 1048444K->1048418K(1048576K), 2.0771706 secs] 2935844K->1064197K(2936064K), [Metaspace: 64877K->64877K(1107968K)], 2.0776202 secs] [Times: user=1.94 sys=0.15, real=2.08 secs]
2021-09-20T01:17:48.154+0800: 111076.961: [GC (CMS Initial Mark) [1 CMS-initial-mark: 1048418K(1048576K)] 1066218K(2936064K), 0.0207761 secs] [Times: user=0.04 sys=0.00, real=0.02 secs]
2021-09-20T01:17:48.175+0800: 111076.982: [CMS-concurrent-mark-start]
2021-09-20T01:17:48.760+0800: 111077.567: [CMS-concurrent-mark: 0.585/0.585 secs] [Times: user=11.56 sys=0.07, real=0.59 secs]
2021-09-20T01:17:48.760+0800: 111077.567: [CMS-concurrent-preclean-start]
2021-09-20T01:17:48.897+0800: 111077.705: [Full GC (Allocation Failure) 2021-09-20T01:17:48.897+0800: 111077.705: [CMS2021-09-20T01:17:50.471+0800: 111079.279: [CMS-concurrent-preclean: 1.702/1.711 secs] [Times: user=3.62 sys=0.24, real=1.71 secs]
 (concurrent mode failure): 1048528K->1048487K(1048576K), 3.6836968 secs] 2935984K->1064153K(2936064K), [Metaspace: 64877K->64877K(1107968K)], 3.6841219 secs] [Times: user=3.37 sys=0.32, real=3.68 secs]
2021-09-20T01:17:53.270+0800: 111082.077: [Full GC (Allocation Failure) 2021-09-20T01:17:53.270+0800: 111082.077: [CMS: 1048487K->1048575K(1048576K), 2.1855898 secs] 2935970K->1064411K(2936064K), [Metaspace: 64877K->64877K(1107968K)], 2.1860371 secs] [Times: user=1.91 sys=0.27, real=2.19 secs]
2021-09-20T01:17:55.461+0800: 111084.268: [GC (CMS Initial Mark) [1 CMS-initial-mark: 1048575K(1048576K)] 1068668K(2936064K), 0.0202283 secs] [Times: user=0.02 sys=0.01, real=0.02 secs]
2021-09-20T01:17:55.481+0800: 111084.289: [CMS-concurrent-mark-start]
2021-09-20T01:17:56.086+0800: 111084.894: [CMS-concurrent-mark: 0.605/0.605 secs] [Times: user=11.68 sys=0.07, real=0.61 secs]
2021-09-20T01:17:56.087+0800: 111084.894: [CMS-concurrent-preclean-start]
2021-09-20T01:17:56.271+0800: 111085.079: [Full GC (Allocation Failure) 2021-09-20T01:17:56.272+0800: 111085.079: [CMS2021-09-20T01:17:57.574+0800: 111086.381: [CMS-concurrent-preclean: 1.475/1.487 secs] [Times: user=4.24 sys=0.13, real=1.48 secs]
 (concurrent mode failure): 1048575K->1048575K(1048576K), 3.4859248 secs] 2936001K->1064492K(2936064K), [Metaspace: 64877K->64877K(1107968K)], 3.4863966 secs] [Times: user=3.19 sys=0.31, real=3.49 secs]
2021-09-20T01:18:00.459+0800: 111089.266: [Full GC (Allocation Failure) 2021-09-20T01:18:00.459+0800: 111089.266: [CMS: 1048575K->1048575K(1048576K), 2.2761980 secs] 2935940K->1064397K(2936064K), [Metaspace: 64877K->64877K(1107968K)], 2.2766571 secs] [Times: user=1.82 sys=0.19, real=2.27 secs]
2021-09-20T01:18:02.741+0800: 111091.549: [GC (CMS Initial Mark) [1 CMS-initial-mark: 1048575K(1048576K)] 1066741K(2936064K), 0.0214640 secs] [Times: user=0.03 sys=0.01, real=0.02 secs]
2021-09-20T01:18:02.763+0800: 111091.571: [CMS-concurrent-mark-start]
2021-09-20T01:18:03.746+0800: 111092.553: [CMS-concurrent-mark: 0.982/0.982 secs] [Times: user=12.11 sys=0.07, real=0.99 secs]
2021-09-20T01:18:03.746+0800: 111092.553: [CMS-concurrent-preclean-start]
2021-09-20T01:18:03.921+0800: 111092.728: [Full GC (Allocation Failure) 2021-09-20T01:18:03.921+0800: 111092.728: [CMS2021-09-20T01:18:05.504+0800: 111094.312: [CMS-concurrent-preclean: 1.749/1.758 secs] [Times: user=4.05 sys=0.21, real=1.75 secs]
 (concurrent mode failure): 1048575K->1048575K(1048576K), 3.7145736 secs] 2935976K->1064196K(2936064K), [Metaspace: 64877K->64877K(1107968K)], 3.7150415 secs] [Times: user=3.41 sys=0.32, real=3.72 secs]
2021-09-20T01:18:08.353+0800: 111097.161: [Full GC (Allocation Failure) 2021-09-20T01:18:08.354+0800: 111097.161: [CMS: 1048575K->1048575K(1048576K), 2.0298294 secs] 2935992K->1064448K(2936064K), [Metaspace: 64877K->64877K(1107968K)], 2.0302624 secs] [Times: user=1.86 sys=0.17, real=2.03 secs]
2021-09-20T01:18:10.387+0800: 111099.195: [GC (CMS Initial Mark) [1 CMS-initial-mark: 1048575K(1048576K)] 1069231K(2936064K), 0.0201034 secs] [Times: user=0.02 sys=0.00, real=0.02 secs]
2021-09-20T01:18:10.408+0800: 111099.215: [CMS-concurrent-mark-start]
2021-09-20T01:18:11.144+0800: 111099.952: [CMS-concurrent-mark: 0.736/0.736 secs] [Times: user=12.29 sys=0.37, real=0.73 secs]
2021-09-20T01:18:11.144+0800: 111099.952: [CMS-concurrent-preclean-start]
2021-09-20T01:18:11.265+0800: 111100.073: [Full GC (Allocation Failure) 2021-09-20T01:18:11.266+0800: 111100.073: [CMS2021-09-20T01:18:12.772+0800: 111101.579: [CMS-concurrent-preclean: 1.616/1.628 secs] [Times: user=3.41 sys=0.14, real=1.63 secs]
 (concurrent mode failure): 1048575K->1048574K(1048576K), 3.6255243 secs] 2936011K->1064519K(2936064K), [Metaspace: 64877K->64877K(1107968K)], 3.6259841 secs] [Times: user=3.36 sys=0.27, real=3.63 secs]
2021-09-20T01:18:15.665+0800: 111104.473: [Full GC (Allocation Failure) 2021-09-20T01:18:15.665+0800: 111104.473: [CMS: 1048574K->1048575K(1048576K), 1.9912602 secs] 2935935K->1064227K(2936064K), [Metaspace: 64877K->64877K(1107968K)], 1.9917092 secs] [Times: user=1.84 sys=0.16, real=2.00 secs]
2021-09-20T01:18:17.666+0800: 111106.473: [GC (CMS Initial Mark) [1 CMS-initial-mark: 1048575K(1048576K)] 1066557K(2936064K), 0.0207920 secs] [Times: user=0.03 sys=0.00, real=0.03 secs]
2021-09-20T01:18:17.687+0800: 111106.494: [CMS-concurrent-mark-start]
2021-09-20T01:18:18.421+0800: 111107.228: [CMS-concurrent-mark: 0.730/0.734 secs] [Times: user=10.95 sys=0.05, real=0.73 secs]
2021-09-20T01:18:18.421+0800: 111107.228: [CMS-concurrent-preclean-start]
2021-09-20T01:18:18.718+0800: 111107.526: [Full GC (Allocation Failure) 2021-09-20T01:18:18.719+0800: 111107.526: [CMS2021-09-20T01:18:20.321+0800: 111109.128: [CMS-concurrent-preclean: 1.888/1.900 secs] [Times: user=5.03 sys=0.20, real=1.90 secs]
 (concurrent mode failure): 1048575K->1048575K(1048576K), 3.6253669 secs] 2935981K->1064255K(2936064K), [Metaspace: 64877K->64877K(1107968K)], 3.6258769 secs] [Times: user=3.31 sys=0.34, real=3.62 secs]
2021-09-20T01:18:23.108+0800: 111111.915: [Full GC (Allocation Failure) 2021-09-20T01:18:23.108+0800: 111111.916: [CMS: 1048575K->1048575K(1048576K), 2.3186815 secs] 2935984K->1064514K(2936064K), [Metaspace: 64877K->64877K(1107968K)], 2.3191536 secs] [Times: user=1.99 sys=0.33, real=2.32 secs]
2021-09-20T01:18:25.430+0800: 111114.238: [GC (CMS Initial Mark) [1 CMS-initial-mark: 1048575K(1048576K)] 1064677K(2936064K), 0.0201512 secs] [Times: user=0.03 sys=0.00, real=0.02 secs]
2021-09-20T01:18:25.451+0800: 111114.259: [CMS-concurrent-mark-start]
2021-09-20T01:18:26.054+0800: 111114.862: [CMS-concurrent-mark: 0.603/0.603 secs] [Times: user=11.21 sys=0.11, real=0.60 secs]
2021-09-20T01:18:26.054+0800: 111114.862: [CMS-concurrent-preclean-start]
2021-09-20T01:18:26.277+0800: 111115.084: [Full GC (Allocation Failure) 2021-09-20T01:18:26.277+0800: 111115.084: [CMS2021-09-20T01:18:27.701+0800: 111116.508: [CMS-concurrent-preclean: 1.631/1.646 secs] [Times: user=4.61 sys=0.08, real=1.65 secs]
 (concurrent mode failure): 1048575K->1048575K(1048576K), 3.4997804 secs] 2936062K->1064214K(2936064K), [Metaspace: 64877K->64877K(1107968K)], 3.5003055 secs] [Times: user=3.32 sys=0.20, real=3.50 secs]
2021-09-20T01:18:30.556+0800: 111119.364: [Full GC (Allocation Failure) 2021-09-20T01:18:30.556+0800: 111119.364: [CMS: 1048575K->1048575K(1048576K), 2.2887719 secs] 2936010K->1102964K(2936064K), [Metaspace: 64877K->64877K(1107968K)], 2.2892322 secs] [Times: user=2.01 sys=0.29, real=2.28 secs]
2021-09-20T01:18:32.851+0800: 111121.659: [GC (CMS Initial Mark) [1 CMS-initial-mark: 1048575K(1048576K)] 1103109K(2936064K), 0.0676171 secs] [Times: user=0.08 sys=0.00, real=0.07 secs]
2021-09-20T01:18:32.919+0800: 111121.727: [CMS-concurrent-mark-start]
2021-09-20T01:18:33.547+0800: 111122.354: [CMS-concurrent-mark: 0.627/0.627 secs] [Times: user=12.63 sys=0.12, real=0.63 secs]
2021-09-20T01:18:33.547+0800: 111122.354: [CMS-concurrent-preclean-start]
2021-09-20T01:18:33.670+0800: 111122.478: [Full GC (Allocation Failure) 2021-09-20T01:18:33.671+0800: 111122.478: [CMS2021-09-20T01:18:35.226+0800: 111124.034: [CMS-concurrent-preclean: 1.669/1.679 secs] [Times: user=3.62 sys=0.29, real=1.68 secs]
 (concurrent mode failure): 1048575K->1048575K(1048576K), 3.7338880 secs] 2936008K->1092606K(2936064K), [Metaspace: 64877K->64877K(1107968K)], 3.7343434 secs] [Times: user=3.42 sys=0.33, real=3.73 secs]
2021-09-20T01:18:38.033+0800: 111126.840: [Full GC (Allocation Failure) 2021-09-20T01:18:38.033+0800: 111126.840: [CMS: 1048575K->1048575K(1048576K), 2.1605454 secs] 2936060K->1080479K(2936064K), [Metaspace: 64877K->64877K(1107968K)], 2.1611480 secs] [Times: user=1.96 sys=0.20, real=2.16 secs]
2021-09-20T01:18:40.204+0800: 111129.011: [GC (CMS Initial Mark) [1 CMS-initial-mark: 1048575K(1048576K)] 1088815K(2936064K), 0.0418987 secs] [Times: user=0.06 sys=0.00, real=0.05 secs]
2021-09-20T01:18:40.246+0800: 111129.054: [CMS-concurrent-mark-start]
2021-09-20T01:18:40.952+0800: 111129.759: [CMS-concurrent-mark: 0.706/0.706 secs] [Times: user=14.16 sys=0.20, real=0.70 secs]
2021-09-20T01:18:40.952+0800: 111129.760: [CMS-concurrent-preclean-start]
2021-09-20T01:18:41.014+0800: 111129.821: [Full GC (Allocation Failure) 2021-09-20T01:18:41.014+0800: 111129.821: [CMS2021-09-20T01:18:42.646+0800: 111131.454: [CMS-concurrent-preclean: 1.684/1.694 secs] [Times: user=2.45 sys=0.33, real=1.70 secs]
 (concurrent mode failure): 1048575K->1048575K(1048576K), 3.8319712 secs] 2936062K->1098378K(2936064K), [Metaspace: 64877K->64877K(1107968K)], 3.8324323 secs] [Times: user=3.51 sys=0.33, real=3.84 secs]
2021-09-20T01:18:45.506+0800: 111134.314: [Full GC (Allocation Failure) 2021-09-20T01:18:45.506+0800: 111134.314: [CMS: 1048575K->1048575K(1048576K), 2.3474256 secs] 2935973K->1064431K(2936064K), [Metaspace: 64877K->64877K(1107968K)], 2.3478927 secs] [Times: user=2.02 sys=0.34, real=2.34 secs]
2021-09-20T01:18:47.860+0800: 111136.668: [GC (CMS Initial Mark) [1 CMS-initial-mark: 1048575K(1048576K)] 1066582K(2936064K), 0.0293274 secs] [Times: user=0.05 sys=0.00, real=0.03 secs]
2021-09-20T01:18:47.890+0800: 111136.698: [CMS-concurrent-mark-start]
2021-09-20T01:18:48.490+0800: 111137.298: [CMS-concurrent-mark: 0.600/0.600 secs] [Times: user=11.48 sys=0.09, real=0.60 secs]
2021-09-20T01:18:48.490+0800: 111137.298: [CMS-concurrent-preclean-start]
2021-09-20T01:18:48.669+0800: 111137.477: [Full GC (Allocation Failure) 2021-09-20T01:18:48.670+0800: 111137.477: [CMS2021-09-20T01:18:50.160+0800: 111138.968: [CMS-concurrent-preclean: 1.657/1.670 secs] [Times: user=4.16 sys=0.26, real=1.67 secs]
 (concurrent mode failure): 1048575K->1048542K(1048576K), 3.6812388 secs] 2935949K->1064358K(2936064K), [Metaspace: 64877K->64877K(1107968K)], 3.6818107 secs] [Times: user=3.35 sys=0.34, real=3.68 secs]
2021-09-20T01:18:53.057+0800: 111141.865: [Full GC (Allocation Failure) 2021-09-20T01:18:53.057+0800: 111141.865: [CMS: 1048542K->1048513K(1048576K), 2.0195990 secs] 2935968K->1064624K(2936064K), [Metaspace: 64877K->64877K(1107968K)], 2.0201731 secs] [Times: user=1.83 sys=0.19, real=2.02 secs]
2021-09-20T01:18:55.086+0800: 111143.894: [GC (CMS Initial Mark) [1 CMS-initial-mark: 1048513K(1048576K)] 1066853K(2936064K), 0.0219799 secs] [Times: user=0.03 sys=0.00, real=0.02 secs]
2021-09-20T01:18:55.109+0800: 111143.916: [CMS-concurrent-mark-start]
2021-09-20T01:18:55.777+0800: 111144.584: [CMS-concurrent-mark: 0.668/0.668 secs] [Times: user=12.95 sys=0.28, real=0.67 secs]
2021-09-20T01:18:55.777+0800: 111144.585: [CMS-concurrent-preclean-start]
2021-09-20T01:18:55.886+0800: 111144.694: [Full GC (Allocation Failure) 2021-09-20T01:18:55.887+0800: 111144.694: [CMS2021-09-20T01:18:57.376+0800: 111146.183: [CMS-concurrent-preclean: 1.589/1.599 secs] [Times: user=3.22 sys=0.17, real=1.60 secs]
 (concurrent mode failure): 1048513K->1048490K(1048576K), 3.4390758 secs] 2935934K->1064576K(2936064K), [Metaspace: 64877K->64877K(1107968K)], 3.4395119 secs] [Times: user=3.22 sys=0.22, real=3.44 secs]
2021-09-20T01:18:59.975+0800: 111148.783: [Full GC (Allocation Failure) 2021-09-20T01:18:59.975+0800: 111148.783: [CMS: 1048490K->1048432K(1048576K), 2.2775203 secs] 2935951K->1064849K(2936064K), [Metaspace: 64877K->64877K(1107968K)], 2.2780501 secs] [Times: user=1.84 sys=0.19, real=2.28 secs]
2021-09-20T01:19:02.259+0800: 111151.067: [GC (CMS Initial Mark) [1 CMS-initial-mark: 1048432K(1048576K)] 1067058K(2936064K), 0.0215780 secs] [Times: user=0.03 sys=0.00, real=0.02 secs]
2021-09-20T01:19:02.281+0800: 111151.089: [CMS-concurrent-mark-start]
2021-09-20T01:19:03.192+0800: 111152.000: [CMS-concurrent-mark: 0.911/0.911 secs] [Times: user=10.98 sys=0.13, real=0.91 secs]
2021-09-20T01:19:03.192+0800: 111152.000: [CMS-concurrent-preclean-start]
2021-09-20T01:19:03.439+0800: 111152.247: [Full GC (Allocation Failure) 2021-09-20T01:19:03.440+0800: 111152.247: [CMS2021-09-20T01:19:04.931+0800: 111153.739: [CMS-concurrent-preclean: 1.726/1.739 secs] [Times: user=5.03 sys=0.21, real=1.74 secs]
 (concurrent mode failure): 1048432K->1048418K(1048576K), 3.6926507 secs] 2935844K->1064822K(2936064K), [Metaspace: 64877K->64877K(1107968K)], 3.6930569 secs] [Times: user=3.30 sys=0.41, real=3.69 secs]
2021-09-20T01:19:07.872+0800: 111156.680: [Full GC (Allocation Failure) 2021-09-20T01:19:07.872+0800: 111156.680: [CMS: 1048529K->1048475K(1048576K), 2.0985202 secs] 2935994K->1064571K(2936064K), [Metaspace: 64877K->64877K(1107968K)], 2.0990774 secs] [Times: user=1.95 sys=0.16, real=2.10 secs]
2021-09-20T01:19:09.978+0800: 111158.785: [GC (CMS Initial Mark) [1 CMS-initial-mark: 1048475K(1048576K)] 1067150K(2936064K), 0.0213615 secs] [Times: user=0.03 sys=0.00, real=0.02 secs]
2021-09-20T01:19:10.000+0800: 111158.807: [CMS-concurrent-mark-start]
2021-09-20T01:19:10.651+0800: 111159.458: [CMS-concurrent-mark: 0.651/0.651 secs] [Times: user=11.51 sys=0.09, real=0.65 secs]
2021-09-20T01:19:10.651+0800: 111159.458: [CMS-concurrent-preclean-start]
2021-09-20T01:19:10.835+0800: 111159.642: [Full GC (Allocation Failure) 2021-09-20T01:19:10.835+0800: 111159.643: [CMS2021-09-20T01:19:12.449+0800: 111161.256: [CMS-concurrent-preclean: 1.788/1.797 secs] [Times: user=4.29 sys=0.27, real=1.80 secs]
 (concurrent mode failure): 1048475K->1048574K(1048576K), 3.7069545 secs] 2935915K->1064790K(2936064K), [Metaspace: 64877K->64877K(1107968K)], 3.7074002 secs] [Times: user=3.36 sys=0.35, real=3.71 secs]
2021-09-20T01:19:15.211+0800: 111164.018: [Full GC (Allocation Failure) 2021-09-20T01:19:15.211+0800: 111164.018: [CMS: 1048574K->1048531K(1048576K), 1.9794557 secs] 2936022K->1064370K(2936064K), [Metaspace: 64877K->64877K(1107968K)], 1.9799038 secs] [Times: user=1.79 sys=0.20, real=1.98 secs]
2021-09-20T01:19:17.195+0800: 111166.002: [GC (CMS Initial Mark) [1 CMS-initial-mark: 1048531K(1048576K)] 1066661K(2936064K), 0.0201632 secs] [Times: user=0.02 sys=0.00, real=0.02 secs]
2021-09-20T01:19:17.215+0800: 111166.023: [CMS-concurrent-mark-start]
2021-09-20T01:19:17.908+0800: 111166.715: [CMS-concurrent-mark: 0.692/0.692 secs] [Times: user=11.21 sys=0.27, real=0.70 secs]
2021-09-20T01:19:17.908+0800: 111166.715: [CMS-concurrent-preclean-start]
2021-09-20T01:19:18.128+0800: 111166.936: [Full GC (Allocation Failure) 2021-09-20T01:19:18.128+0800: 111166.936: [CMS2021-09-20T01:19:19.631+0800: 111168.439: [CMS-concurrent-preclean: 1.701/1.723 secs] [Times: user=4.65 sys=0.16, real=1.72 secs]
 (concurrent mode failure): 1048531K->1048505K(1048576K), 3.6702527 secs] 2935935K->1064513K(2936064K), [Metaspace: 64877K->64877K(1107968K)], 3.6707766 secs] [Times: user=3.35 sys=0.33, real=3.67 secs]
2021-09-20T01:19:22.426+0800: 111171.233: [Full GC (Allocation Failure) 2021-09-20T01:19:22.426+0800: 111171.234: [CMS: 1048505K->1048456K(1048576K), 2.0318841 secs] 2935980K->1064889K(2936064K), [Metaspace: 64877K->64877K(1107968K)], 2.0324537 secs] [Times: user=1.88 sys=0.16, real=2.03 secs]
2021-09-20T01:19:24.464+0800: 111173.271: [GC (CMS Initial Mark) [1 CMS-initial-mark: 1048456K(1048576K)] 1066964K(2936064K), 0.0215474 secs] [Times: user=0.04 sys=0.00, real=0.02 secs]
2021-09-20T01:19:24.486+0800: 111173.293: [CMS-concurrent-mark-start]
2021-09-20T01:19:25.192+0800: 111174.000: [CMS-concurrent-mark: 0.706/0.706 secs] [Times: user=13.24 sys=0.17, real=0.70 secs]
2021-09-20T01:19:25.193+0800: 111174.000: [CMS-concurrent-preclean-start]
2021-09-20T01:19:25.281+0800: 111174.088: [Full GC (Allocation Failure) 2021-09-20T01:19:25.281+0800: 111174.088: [CMS2021-09-20T01:19:26.912+0800: 111175.720: [CMS-concurrent-preclean: 1.710/1.720 secs] [Times: user=2.89 sys=0.26, real=1.72 secs]
 (concurrent mode failure): 1048530K->1048502K(1048576K), 3.6678157 secs] 2935977K->1065105K(2936064K), [Metaspace: 64877K->64877K(1107968K)], 3.6682658 secs] [Times: user=3.33 sys=0.35, real=3.67 secs]
2021-09-20T01:19:29.569+0800: 111178.376: [Full GC (Allocation Failure) 2021-09-20T01:19:29.569+0800: 111178.376: [CMS: 1048502K->1048575K(1048576K), 2.1353714 secs] 2935939K->1084642K(2936064K), [Metaspace: 64877K->64877K(1107968K)], 2.1358565 secs] [Times: user=1.94 sys=0.21, real=2.13 secs]
2021-09-20T01:19:31.708+0800: 111180.515: [GC (CMS Initial Mark) [1 CMS-initial-mark: 1048575K(1048576K)] 1086697K(2936064K), 0.0510844 secs] [Times: user=0.06 sys=0.00, real=0.05 secs]
2021-09-20T01:19:31.759+0800: 111180.567: [CMS-concurrent-mark-start]
2021-09-20T01:19:32.518+0800: 111181.326: [CMS-concurrent-mark: 0.759/0.759 secs] [Times: user=12.75 sys=0.34, real=0.76 secs]
2021-09-20T01:19:32.518+0800: 111181.326: [CMS-concurrent-preclean-start]
2021-09-20T01:19:32.629+0800: 111181.436: [Full GC (Allocation Failure) 2021-09-20T01:19:32.629+0800: 111181.436: [CMS2021-09-20T01:19:34.025+0800: 111182.832: [CMS-concurrent-preclean: 1.489/1.506 secs] [Times: user=3.27 sys=0.12, real=1.50 secs]
 (concurrent mode failure): 1048575K->1048575K(1048576K), 3.5453512 secs] 2935944K->1104490K(2936064K), [Metaspace: 64877K->64877K(1107968K)], 3.5458127 secs] [Times: user=3.39 sys=0.16, real=3.54 secs]
2021-09-20T01:19:36.811+0800: 111185.619: [Full GC (Allocation Failure) 2021-09-20T01:19:36.812+0800: 111185.619: [CMS: 1048575K->1048563K(1048576K), 2.3835771 secs] 2936049K->1094439K(2936064K), [Metaspace: 64877K->64877K(1107968K)], 2.3840318 secs] [Times: user=2.09 sys=0.30, real=2.38 secs]